Archive member included to satisfy reference by file (symbol)

../libmodbus/libmodbus.a(modbus.o)
                              app_mslave.o (modbus_strerror)
../libmodbus/libmodbus.a(modbus-data.o)
                              ../libmodbus/libmodbus.a(modbus.o) (modbus_set_bits_from_bytes)
../libmodbus/libmodbus.a(modbus-rtu.o)
                              app_mslave.o (modbus_new_rtu)

Discarded input sections

 .note.GNU-stack
                0x0000000000000000        0x0 /home/forlinx/work/OK62xx-linux-sdk/external-toolchain-dir/arm-gnu-toolchain-11.3.rel1-x86_64-aarch64-none-linux-gnu/bin/../aarch64-none-linux-gnu/libc/usr/lib/../lib64/crt1.o
 .note.GNU-stack
                0x0000000000000000        0x0 /home/forlinx/work/OK62xx-linux-sdk/external-toolchain-dir/arm-gnu-toolchain-11.3.rel1-x86_64-aarch64-none-linux-gnu/bin/../aarch64-none-linux-gnu/libc/usr/lib/../lib64/crti.o
 .note.GNU-stack
                0x0000000000000000        0x0 /home/forlinx/work/OK62xx-linux-sdk/external-toolchain-dir/arm-gnu-toolchain-11.3.rel1-x86_64-aarch64-none-linux-gnu/bin/../lib/gcc/aarch64-none-linux-gnu/11.3.1/crtbegin.o
 .note.GNU-stack
                0x0000000000000000        0x0 main.o
 .note.GNU-stack
                0x0000000000000000        0x0 app_mslave.o
 .note.GNU-stack
                0x0000000000000000        0x0 app_mslave_ipc.o
 .note.GNU-stack
                0x0000000000000000        0x0 util_tool.o
 .note.GNU-stack
                0x0000000000000000        0x0 ../app_modbus_common.o
 .note.GNU-stack
                0x0000000000000000        0x0 ../../skf_gw/source/src/common/util_dbg.o
 .note.GNU-stack
                0x0000000000000000        0x0 ../../skf_gw_mqtt/middleware/common/auxiliar.o
 .note.GNU-stack
                0x0000000000000000        0x0 ../libmodbus/libmodbus.a(modbus.o)
 .note.GNU-stack
                0x0000000000000000        0x0 ../libmodbus/libmodbus.a(modbus-data.o)
 .note.GNU-stack
                0x0000000000000000        0x0 ../libmodbus/libmodbus.a(modbus-rtu.o)
 .note.GNU-stack
                0x0000000000000000        0x0 /home/forlinx/work/OK62xx-linux-sdk/external-toolchain-dir/arm-gnu-toolchain-11.3.rel1-x86_64-aarch64-none-linux-gnu/bin/../lib/gcc/aarch64-none-linux-gnu/11.3.1/crtend.o
 .note.GNU-stack
                0x0000000000000000        0x0 /home/forlinx/work/OK62xx-linux-sdk/external-toolchain-dir/arm-gnu-toolchain-11.3.rel1-x86_64-aarch64-none-linux-gnu/bin/../aarch64-none-linux-gnu/libc/usr/lib/../lib64/crtn.o

Memory Configuration

Name             Origin             Length             Attributes
*default*        0x0000000000000000 0xffffffffffffffff

Linker script and memory map

LOAD /home/forlinx/work/OK62xx-linux-sdk/external-toolchain-dir/arm-gnu-toolchain-11.3.rel1-x86_64-aarch64-none-linux-gnu/bin/../aarch64-none-linux-gnu/libc/usr/lib/../lib64/crt1.o
LOAD /home/forlinx/work/OK62xx-linux-sdk/external-toolchain-dir/arm-gnu-toolchain-11.3.rel1-x86_64-aarch64-none-linux-gnu/bin/../aarch64-none-linux-gnu/libc/usr/lib/../lib64/crti.o
LOAD /home/forlinx/work/OK62xx-linux-sdk/external-toolchain-dir/arm-gnu-toolchain-11.3.rel1-x86_64-aarch64-none-linux-gnu/bin/../lib/gcc/aarch64-none-linux-gnu/11.3.1/crtbegin.o
LOAD main.o
LOAD app_mslave.o
LOAD app_mslave_ipc.o
LOAD util_tool.o
LOAD ../app_modbus_common.o
LOAD ../../skf_gw/source/src/common/util_dbg.o
LOAD ../../skf_gw_mqtt/middleware/common/auxiliar.o
LOAD ../libmodbus/libmodbus.a
LOAD ../../skf_gw_mqtt/tmp_libs/libs/libell.so
LOAD ../../skf_gw_mqtt/tmp_libs/libs/libcjson.so
LOAD ../../skf_gw_mqtt/tmp_libs/libs/libcjson_utils.so
LOAD /home/forlinx/work/OK62xx-linux-sdk/external-toolchain-dir/arm-gnu-toolchain-11.3.rel1-x86_64-aarch64-none-linux-gnu/bin/../lib/gcc/aarch64-none-linux-gnu/11.3.1/libgcc.a
LOAD /home/forlinx/work/OK62xx-linux-sdk/external-toolchain-dir/arm-gnu-toolchain-11.3.rel1-x86_64-aarch64-none-linux-gnu/bin/../lib/gcc/aarch64-none-linux-gnu/11.3.1/../../../../aarch64-none-linux-gnu/lib/../lib64/libgcc_s.so
START GROUP
LOAD /home/forlinx/work/OK62xx-linux-sdk/external-toolchain-dir/arm-gnu-toolchain-11.3.rel1-x86_64-aarch64-none-linux-gnu/bin/../lib/gcc/aarch64-none-linux-gnu/11.3.1/../../../../aarch64-none-linux-gnu/lib/../lib64/libgcc_s.so.1
LOAD /home/forlinx/work/OK62xx-linux-sdk/external-toolchain-dir/arm-gnu-toolchain-11.3.rel1-x86_64-aarch64-none-linux-gnu/bin/../lib/gcc/aarch64-none-linux-gnu/11.3.1/libgcc.a
END GROUP
LOAD /home/forlinx/work/OK62xx-linux-sdk/external-toolchain-dir/arm-gnu-toolchain-11.3.rel1-x86_64-aarch64-none-linux-gnu/bin/../aarch64-none-linux-gnu/libc/usr/lib/../lib64/libpthread.a
LOAD /home/forlinx/work/OK62xx-linux-sdk/external-toolchain-dir/arm-gnu-toolchain-11.3.rel1-x86_64-aarch64-none-linux-gnu/bin/../aarch64-none-linux-gnu/libc/usr/lib/../lib64/libc.so
START GROUP
LOAD /home/forlinx/work/OK62xx-linux-sdk/external-toolchain-dir/arm-gnu-toolchain-11.3.rel1-x86_64-aarch64-none-linux-gnu/bin/../aarch64-none-linux-gnu/libc/lib64/libc.so.6
LOAD /home/forlinx/work/OK62xx-linux-sdk/external-toolchain-dir/arm-gnu-toolchain-11.3.rel1-x86_64-aarch64-none-linux-gnu/bin/../aarch64-none-linux-gnu/libc/usr/lib64/libc_nonshared.a
LOAD /home/forlinx/work/OK62xx-linux-sdk/external-toolchain-dir/arm-gnu-toolchain-11.3.rel1-x86_64-aarch64-none-linux-gnu/bin/../aarch64-none-linux-gnu/libc/lib/ld-linux-aarch64.so.1
END GROUP
LOAD /home/forlinx/work/OK62xx-linux-sdk/external-toolchain-dir/arm-gnu-toolchain-11.3.rel1-x86_64-aarch64-none-linux-gnu/bin/../lib/gcc/aarch64-none-linux-gnu/11.3.1/libgcc.a
LOAD /home/forlinx/work/OK62xx-linux-sdk/external-toolchain-dir/arm-gnu-toolchain-11.3.rel1-x86_64-aarch64-none-linux-gnu/bin/../lib/gcc/aarch64-none-linux-gnu/11.3.1/../../../../aarch64-none-linux-gnu/lib/../lib64/libgcc_s.so
START GROUP
LOAD /home/forlinx/work/OK62xx-linux-sdk/external-toolchain-dir/arm-gnu-toolchain-11.3.rel1-x86_64-aarch64-none-linux-gnu/bin/../lib/gcc/aarch64-none-linux-gnu/11.3.1/../../../../aarch64-none-linux-gnu/lib/../lib64/libgcc_s.so.1
LOAD /home/forlinx/work/OK62xx-linux-sdk/external-toolchain-dir/arm-gnu-toolchain-11.3.rel1-x86_64-aarch64-none-linux-gnu/bin/../lib/gcc/aarch64-none-linux-gnu/11.3.1/libgcc.a
END GROUP
LOAD /home/forlinx/work/OK62xx-linux-sdk/external-toolchain-dir/arm-gnu-toolchain-11.3.rel1-x86_64-aarch64-none-linux-gnu/bin/../lib/gcc/aarch64-none-linux-gnu/11.3.1/crtend.o
LOAD /home/forlinx/work/OK62xx-linux-sdk/external-toolchain-dir/arm-gnu-toolchain-11.3.rel1-x86_64-aarch64-none-linux-gnu/bin/../aarch64-none-linux-gnu/libc/usr/lib/../lib64/crtn.o
                [!provide]                        PROVIDE (__executable_start = SEGMENT_START ("text-segment", 0x400000))
                0x0000000000400238                . = (SEGMENT_START ("text-segment", 0x400000) + SIZEOF_HEADERS)

.interp         0x0000000000400238       0x1b
 *(.interp)
 .interp        0x0000000000400238       0x1b /home/forlinx/work/OK62xx-linux-sdk/external-toolchain-dir/arm-gnu-toolchain-11.3.rel1-x86_64-aarch64-none-linux-gnu/bin/../aarch64-none-linux-gnu/libc/usr/lib/../lib64/crt1.o

.note.ABI-tag   0x0000000000400254       0x20
 .note.ABI-tag  0x0000000000400254       0x20 /home/forlinx/work/OK62xx-linux-sdk/external-toolchain-dir/arm-gnu-toolchain-11.3.rel1-x86_64-aarch64-none-linux-gnu/bin/../aarch64-none-linux-gnu/libc/usr/lib/../lib64/crt1.o

.note.gnu.build-id
 *(.note.gnu.build-id)

.hash           0x0000000000400278      0x27c
 *(.hash)
 .hash          0x0000000000400278      0x27c /home/forlinx/work/OK62xx-linux-sdk/external-toolchain-dir/arm-gnu-toolchain-11.3.rel1-x86_64-aarch64-none-linux-gnu/bin/../aarch64-none-linux-gnu/libc/usr/lib/../lib64/crt1.o

.gnu.hash       0x00000000004004f8       0x28
 *(.gnu.hash)
 .gnu.hash      0x00000000004004f8       0x28 /home/forlinx/work/OK62xx-linux-sdk/external-toolchain-dir/arm-gnu-toolchain-11.3.rel1-x86_64-aarch64-none-linux-gnu/bin/../aarch64-none-linux-gnu/libc/usr/lib/../lib64/crt1.o

.dynsym         0x0000000000400520      0x870
 *(.dynsym)
 .dynsym        0x0000000000400520      0x870 /home/forlinx/work/OK62xx-linux-sdk/external-toolchain-dir/arm-gnu-toolchain-11.3.rel1-x86_64-aarch64-none-linux-gnu/bin/../aarch64-none-linux-gnu/libc/usr/lib/../lib64/crt1.o

.dynstr         0x0000000000400d90      0x3c2
 *(.dynstr)
 .dynstr        0x0000000000400d90      0x3c2 /home/forlinx/work/OK62xx-linux-sdk/external-toolchain-dir/arm-gnu-toolchain-11.3.rel1-x86_64-aarch64-none-linux-gnu/bin/../aarch64-none-linux-gnu/libc/usr/lib/../lib64/crt1.o

.gnu.version    0x0000000000401152       0xb4
 *(.gnu.version)
 .gnu.version   0x0000000000401152       0xb4 /home/forlinx/work/OK62xx-linux-sdk/external-toolchain-dir/arm-gnu-toolchain-11.3.rel1-x86_64-aarch64-none-linux-gnu/bin/../aarch64-none-linux-gnu/libc/usr/lib/../lib64/crt1.o

.gnu.version_d  0x0000000000401208        0x0
 *(.gnu.version_d)
 .gnu.version_d
                0x0000000000401208        0x0 /home/forlinx/work/OK62xx-linux-sdk/external-toolchain-dir/arm-gnu-toolchain-11.3.rel1-x86_64-aarch64-none-linux-gnu/bin/../aarch64-none-linux-gnu/libc/usr/lib/../lib64/crt1.o

.gnu.version_r  0x0000000000401208       0x60
 *(.gnu.version_r)
 .gnu.version_r
                0x0000000000401208       0x60 /home/forlinx/work/OK62xx-linux-sdk/external-toolchain-dir/arm-gnu-toolchain-11.3.rel1-x86_64-aarch64-none-linux-gnu/bin/../aarch64-none-linux-gnu/libc/usr/lib/../lib64/crt1.o

.rela.dyn       0x0000000000401268       0x48
 *(.rela.init)
 *(.rela.text .rela.text.* .rela.gnu.linkonce.t.*)
 .rela.text     0x0000000000401268        0x0 /home/forlinx/work/OK62xx-linux-sdk/external-toolchain-dir/arm-gnu-toolchain-11.3.rel1-x86_64-aarch64-none-linux-gnu/bin/../aarch64-none-linux-gnu/libc/usr/lib/../lib64/crt1.o
 *(.rela.fini)
 *(.rela.rodata .rela.rodata.* .rela.gnu.linkonce.r.*)
 .rela.rodata.cst8
                0x0000000000401268        0x0 /home/forlinx/work/OK62xx-linux-sdk/external-toolchain-dir/arm-gnu-toolchain-11.3.rel1-x86_64-aarch64-none-linux-gnu/bin/../aarch64-none-linux-gnu/libc/usr/lib/../lib64/crt1.o
 *(.rela.data .rela.data.* .rela.gnu.linkonce.d.*)
 .rela.data.rel.ro
                0x0000000000401268        0x0 /home/forlinx/work/OK62xx-linux-sdk/external-toolchain-dir/arm-gnu-toolchain-11.3.rel1-x86_64-aarch64-none-linux-gnu/bin/../aarch64-none-linux-gnu/libc/usr/lib/../lib64/crt1.o
 *(.rela.tdata .rela.tdata.* .rela.gnu.linkonce.td.*)
 *(.rela.tbss .rela.tbss.* .rela.gnu.linkonce.tb.*)
 *(.rela.ctors)
 *(.rela.dtors)
 *(.rela.got)
 .rela.got      0x0000000000401268       0x30 /home/forlinx/work/OK62xx-linux-sdk/external-toolchain-dir/arm-gnu-toolchain-11.3.rel1-x86_64-aarch64-none-linux-gnu/bin/../aarch64-none-linux-gnu/libc/usr/lib/../lib64/crt1.o
 *(.rela.bss .rela.bss.* .rela.gnu.linkonce.b.*)
 .rela.bss      0x0000000000401298       0x18 /home/forlinx/work/OK62xx-linux-sdk/external-toolchain-dir/arm-gnu-toolchain-11.3.rel1-x86_64-aarch64-none-linux-gnu/bin/../aarch64-none-linux-gnu/libc/usr/lib/../lib64/crt1.o
 *(.rela.ifunc)

.rela.plt       0x00000000004012b0      0x7f8
 *(.rela.plt)
 .rela.plt      0x00000000004012b0      0x7f8 /home/forlinx/work/OK62xx-linux-sdk/external-toolchain-dir/arm-gnu-toolchain-11.3.rel1-x86_64-aarch64-none-linux-gnu/bin/../aarch64-none-linux-gnu/libc/usr/lib/../lib64/crt1.o
                [!provide]                        PROVIDE (__rela_iplt_start = .)
 *(.rela.iplt)
 .rela.iplt     0x0000000000401aa8        0x0 /home/forlinx/work/OK62xx-linux-sdk/external-toolchain-dir/arm-gnu-toolchain-11.3.rel1-x86_64-aarch64-none-linux-gnu/bin/../aarch64-none-linux-gnu/libc/usr/lib/../lib64/crt1.o
                [!provide]                        PROVIDE (__rela_iplt_end = .)

.init           0x0000000000401aa8       0x18
 *(SORT_NONE(.init))
 .init          0x0000000000401aa8       0x10 /home/forlinx/work/OK62xx-linux-sdk/external-toolchain-dir/arm-gnu-toolchain-11.3.rel1-x86_64-aarch64-none-linux-gnu/bin/../aarch64-none-linux-gnu/libc/usr/lib/../lib64/crti.o
                0x0000000000401aa8                _init
 .init          0x0000000000401ab8        0x8 /home/forlinx/work/OK62xx-linux-sdk/external-toolchain-dir/arm-gnu-toolchain-11.3.rel1-x86_64-aarch64-none-linux-gnu/bin/../aarch64-none-linux-gnu/libc/usr/lib/../lib64/crtn.o

.plt            0x0000000000401ac0      0x570
 *(.plt)
 .plt           0x0000000000401ac0      0x570 /home/forlinx/work/OK62xx-linux-sdk/external-toolchain-dir/arm-gnu-toolchain-11.3.rel1-x86_64-aarch64-none-linux-gnu/bin/../aarch64-none-linux-gnu/libc/usr/lib/../lib64/crt1.o
                0x0000000000401ae0                memcpy@@GLIBC_2.17
                0x0000000000401af0                tcflush@@GLIBC_2.17
                0x0000000000401b00                strtok@@GLIBC_2.17
                0x0000000000401b10                l_free@@ELL_0.10
                0x0000000000401b20                strlen@@GLIBC_2.17
                0x0000000000401b30                __libc_start_main@@GLIBC_2.34
                0x0000000000401b40                l_queue_get_entries@@ELL_0.10
                0x0000000000401b50                shmdt@@GLIBC_2.17
                0x0000000000401b60                sem_wait@@GLIBC_2.34
                0x0000000000401b70                localtime_r@@GLIBC_2.17
                0x0000000000401b80                strftime@@GLIBC_2.17
                0x0000000000401b90                fputc@@GLIBC_2.17
                0x0000000000401ba0                cJSON_Delete
                0x0000000000401bb0                snprintf@@GLIBC_2.17
                0x0000000000401bc0                cfsetospeed@@GLIBC_2.17
                0x0000000000401bd0                tcgetattr@@GLIBC_2.17
                0x0000000000401be0                fclose@@GLIBC_2.17
                0x0000000000401bf0                atoi@@GLIBC_2.17
                0x0000000000401c00                fopen@@GLIBC_2.17
                0x0000000000401c10                time@@GLIBC_2.17
                0x0000000000401c20                l_queue_foreach@@ELL_0.10
                0x0000000000401c30                malloc@@GLIBC_2.17
                0x0000000000401c40                l_queue_foreach_remove@@ELL_0.10
                0x0000000000401c50                cJSON_Parse
                0x0000000000401c60                open@@GLIBC_2.17
                0x0000000000401c70                strcat@@GLIBC_2.17
                0x0000000000401c80                memset@@GLIBC_2.17
                0x0000000000401c90                l_queue_destroy@@ELL_0.10
                0x0000000000401ca0                cJSON_GetArraySize
                0x0000000000401cb0                shmat@@GLIBC_2.17
                0x0000000000401cc0                sleep@@GLIBC_2.17
                0x0000000000401cd0                sem_post@@GLIBC_2.34
                0x0000000000401ce0                pthread_mutex_trylock@@GLIBC_2.34
                0x0000000000401cf0                l_queue_length@@ELL_0.10
                0x0000000000401d00                calloc@@GLIBC_2.17
                0x0000000000401d10                sem_open@@GLIBC_2.34
                0x0000000000401d20                strerror@@GLIBC_2.17
                0x0000000000401d30                pthread_mutex_init@@GLIBC_2.17
                0x0000000000401d40                close@@GLIBC_2.17
                0x0000000000401d60                l_queue_remove@@ELL_0.10
                0x0000000000401d70                stat@@GLIBC_2.33
                0x0000000000401d80                write@@GLIBC_2.17
                0x0000000000401d90                abort@@GLIBC_2.17
                0x0000000000401da0                l_malloc@@ELL_0.10
                0x0000000000401db0                access@@GLIBC_2.17
                0x0000000000401dc0                puts@@GLIBC_2.17
                0x0000000000401dd0                memcmp@@GLIBC_2.17
                0x0000000000401de0                strcmp@@GLIBC_2.17
                0x0000000000401df0                cJSON_GetArrayItem
                0x0000000000401e00                shmctl@@GLIBC_2.17
                0x0000000000401e10                strtol@@GLIBC_2.17
                0x0000000000401e20                sched_yield@@GLIBC_2.17
                0x0000000000401e30                fread@@GLIBC_2.17
                0x0000000000401e40                ftok@@GLIBC_2.17
                0x0000000000401e50                free@@GLIBC_2.17
                0x0000000000401e60                msgrcv@@GLIBC_2.17
                0x0000000000401e70                shmget@@GLIBC_2.17
                0x0000000000401e80                nanosleep@@GLIBC_2.17
                0x0000000000401e90                l_queue_push_tail@@ELL_0.10
                0x0000000000401ea0                msgsnd@@GLIBC_2.17
                0x0000000000401eb0                strchr@@GLIBC_2.17
                0x0000000000401ec0                fwrite@@GLIBC_2.17
                0x0000000000401ed0                pthread_create@@GLIBC_2.34
                0x0000000000401ee0                fflush@@GLIBC_2.17
                0x0000000000401ef0                pthread_mutex_destroy@@GLIBC_2.17
                0x0000000000401f00                sem_close@@GLIBC_2.34
                0x0000000000401f10                read@@GLIBC_2.17
                0x0000000000401f20                tcsetattr@@GLIBC_2.17
                0x0000000000401f30                l_queue_new@@ELL_0.10
                0x0000000000401f40                select@@GLIBC_2.17
                0x0000000000401f50                l_queue_find@@ELL_0.10
                0x0000000000401f60                usleep@@GLIBC_2.17
                0x0000000000401f70                cfsetispeed@@GLIBC_2.17
                0x0000000000401f80                vfprintf@@GLIBC_2.17
                0x0000000000401f90                printf@@GLIBC_2.17
                0x0000000000401fa0                __assert_fail@@GLIBC_2.17
                0x0000000000401fb0                __errno_location@@GLIBC_2.17
                0x0000000000401fc0                putchar@@GLIBC_2.17
                0x0000000000401fd0                pthread_mutex_lock@@GLIBC_2.17
                0x0000000000401fe0                sem_unlink@@GLIBC_2.34
                0x0000000000401ff0                pthread_mutex_unlock@@GLIBC_2.17
                0x0000000000402000                fprintf@@GLIBC_2.17
                0x0000000000402010                creat@@GLIBC_2.17
                0x0000000000402020                ioctl@@GLIBC_2.17
 *(.iplt)
 .iplt          0x0000000000402030        0x0 /home/forlinx/work/OK62xx-linux-sdk/external-toolchain-dir/arm-gnu-toolchain-11.3.rel1-x86_64-aarch64-none-linux-gnu/bin/../aarch64-none-linux-gnu/libc/usr/lib/../lib64/crt1.o

.text           0x0000000000402040    0x1738c
 *(.text.unlikely .text.*_unlikely .text.unlikely.*)
 *(.text.exit .text.exit.*)
 *(.text.startup .text.startup.*)
 *(.text.hot .text.hot.*)
 *(SORT_BY_NAME(.text.sorted.*))
 *(.text .stub .text.* .gnu.linkonce.t.*)
 .text          0x0000000000402040       0x44 /home/forlinx/work/OK62xx-linux-sdk/external-toolchain-dir/arm-gnu-toolchain-11.3.rel1-x86_64-aarch64-none-linux-gnu/bin/../aarch64-none-linux-gnu/libc/usr/lib/../lib64/crt1.o
                0x0000000000402040                _start
                0x0000000000402080                _dl_relocate_static_pie
 .text          0x0000000000402084       0x14 /home/forlinx/work/OK62xx-linux-sdk/external-toolchain-dir/arm-gnu-toolchain-11.3.rel1-x86_64-aarch64-none-linux-gnu/bin/../aarch64-none-linux-gnu/libc/usr/lib/../lib64/crti.o
 *fill*         0x0000000000402098        0x8 1f2003d5
 .text          0x00000000004020a0       0xa4 /home/forlinx/work/OK62xx-linux-sdk/external-toolchain-dir/arm-gnu-toolchain-11.3.rel1-x86_64-aarch64-none-linux-gnu/bin/../lib/gcc/aarch64-none-linux-gnu/11.3.1/crtbegin.o
 .text          0x0000000000402144      0x3d0 main.o
                0x0000000000402144                main
 .text          0x0000000000402514     0xa994 app_mslave.o
                0x0000000000402514                app_mslave_get_ctr
                0x00000000004025d0                app_mslave_init_ctr
                0x0000000000402ab0                app_mslave_deinit_ctr
                0x0000000000402b8c                app_mslave_set_mctx
                0x0000000000402c28                app_mslave_get_mctx
                0x0000000000402cb8                app_mslave_get_mbus_border
                0x0000000000402cec                app_mslave_get_reg_mode
                0x0000000000402e28                app_mslave_set_to_update_mslave
                0x0000000000402ec4                app_mslave_get_to_update_mslave
                0x0000000000402f44                app_mslave_strerror
                0x000000000040300c                app_mslave_append_mapping
                0x00000000004030d0                app_mslave_locate_mapping
                0x00000000004036ec                app_mslave_pick_starting_address
                0x0000000000403750                app_mslave_pick_quantity
                0x00000000004037b4                app_mslave_pick_fun_code
                0x00000000004037f8                app_mslave_pick_slave_id
                0x0000000000403838                app_mslave_get_diagnostic_register
                0x0000000000403878                app_mslave_set_diagnostic_register
                0x00000000004038ec                app_mslave_set_mode
                0x0000000000403a04                app_mslave_get_mode
                0x0000000000403a28                app_mslave_clear_state_set
                0x0000000000403ae0                app_mslave_inc_bus_msg_cnt
                0x0000000000403bb0                app_mslave_get_bus_msg_cnt
                0x0000000000403c58                app_mslave_inc_bus_comm_error_cnt
                0x0000000000403db4                app_mslave_get_bus_comm_error_cnt
                0x0000000000403e5c                app_mslave_inc_slave_exception_error_cnt
                0x0000000000403fb8                app_mslave_get_slave_exception_error_cnt
                0x0000000000404060                app_mslave_inc_slave_msg_cnt
                0x0000000000404130                app_mslave_get_slave_msg_cnt
                0x00000000004041dc                app_mslave_inc_slave_no_resp_cnt
                0x00000000004042ac                app_mslave_get_slave_no_resp_cnt
                0x0000000000404350                app_mslave_inc_slave_nak_cnt
                0x00000000004044ac                app_mslave_get_slave_nak_cnt
                0x0000000000404550                app_mslave_inc_slave_busy_cnt
                0x00000000004046ac                app_mslave_get_slave_busy_cnt
                0x0000000000404750                app_mslave_inc_bus_charac_overrun_cnt
                0x00000000004048ac                app_mslave_get_slave_bus_charac_overrun_cnt
                0x0000000000404950                app_mslave_inc_comm_event_cnt
                0x0000000000404aac                app_mslave_get_comm_event_cnt
                0x0000000000404b50                app_mslave_set_comm_event_log
                0x0000000000404c60                app_mslave_get_comm_event_log
                0x0000000000404d94                app_mslave_set_exception_status
                0x0000000000404e48                app_mslave_get_exception_status
                0x0000000000404eec                app_mslave_validate_pkt
                0x0000000000405238                app_mslave_get_op_addr_group
                0x0000000000406488                app_mslave_create_mapping
                0x00000000004067f8                app_mslave_release_mapping
                0x0000000000406848                app_mslave_release_mapping_none_thread_safe
                0x000000000040a6e4                app_mslave_mloop
                0x000000000040ac08                app_mslave_dump_port_conf
                0x000000000040af14                app_mslave_dump_dev_info
                0x000000000040b27c                app_mslave_dump_sdata_info
                0x000000000040be30                q_cbk_foreach_print_mapping_info
                0x000000000040bf4c                app_mslave_dump_mbus_mapping_info
                0x000000000040bf98                app_mslave_init_port
                0x000000000040ca18                app_mslave_load_reg_mapping_info
                0x000000000040cd60                app_mslave_get_reg_mapping_info
                0x000000000040cd6c                app_mslave_get_reg_mapping_offset
                0x000000000040cda4                app_mslave_dump_reg_mapping_info
 .text          0x000000000040cea8     0x7090 app_mslave_ipc.o
                0x000000000040d28c                to_set_uint16
                0x0000000000410df8                app_mslave_ipc_get_sdata_layout_info
                0x0000000000411300                app_mslave_ipc_get_gwconf_layout_info
                0x0000000000412cf8                pthandler_mslave_ipc_service
                0x0000000000412ed8                app_mslave_ipc_create_shmem
                0x00000000004132a4                app_mslave_ipc_destroy_shmem
                0x0000000000413308                app_mslave_ipc_create_sem
                0x00000000004134f8                app_mslave_ipc_release_sem
                0x0000000000413530                app_mslave_ipc_trig_mapping_block_update
                0x0000000000413984                app_mslave_ipc_load_conf
                0x0000000000413bf8                app_mslave_ipc_wait_for_update
                0x0000000000413cec                app_mslave_ipc_set_port_conf
 .text          0x0000000000413f38      0x434 util_tool.o
                0x0000000000413f38                util_tool_cal_crc16
                0x0000000000413fe4                util_tool_is_hex_char
                0x00000000004140d0                util_tool_hex_char_to_uint8
                0x000000000041415c                util_tool_cal_elfhash
                0x0000000000414330                util_tool_is_platform_big_endian
 .text          0x000000000041436c      0x224 ../app_modbus_common.o
                0x000000000041436c                app_modbus_com_send_msg
 .text          0x0000000000414590      0x82c ../../skf_gw/source/src/common/util_dbg.o
                0x0000000000414590                util_dbg_get_curr_time
                0x00000000004145f4                util_dbg_buf_dump
                0x00000000004147fc                util_dbg_fill_froto_msg
                0x0000000000414954                util_dbg_release_froto_msg
                0x00000000004149e0                util_dbg_copy_file
 .text          0x0000000000414dbc      0x584 ../../skf_gw_mqtt/middleware/common/auxiliar.o
                0x0000000000414dbc                Calculate_query_data_size
                0x0000000000414dc0                MYULT_EncodeVersion
                0x0000000000414e8c                Gain_clientID
                0x0000000000414f04                Gain_passwd
                0x0000000000414fac                gain_tablename
                0x000000000041501c                revert_tablename
                0x00000000004150a4                findMax
                0x00000000004150e8                get_curr_time
                0x0000000000415144                send_msg
                0x0000000000415220                recv_msg
                0x00000000004152b0                recv_msg1
 .text          0x0000000000415340     0x2f94 ../libmodbus/libmodbus.a(modbus.o)
                0x0000000000415480                modbus_strerror
                0x0000000000415610                _error_print
                0x00000000004156a0                modbus_flush
                0x0000000000415bb4                modbus_receive
                0x0000000000415bf0                _modbus_init_common
                0x0000000000415c14                modbus_set_slave
                0x0000000000415c50                modbus_get_slave
                0x0000000000415c80                modbus_set_error_recovery
                0x0000000000415cc0                modbus_set_socket
                0x0000000000415d00                modbus_get_socket
                0x0000000000415d30                modbus_get_response_timeout
                0x0000000000415d70                modbus_set_response_timeout
                0x0000000000415dd0                modbus_get_byte_timeout
                0x0000000000415e10                modbus_set_byte_timeout
                0x0000000000415e60                modbus_get_indication_timeout
                0x0000000000415ea0                modbus_set_indication_timeout
                0x0000000000415ef0                modbus_get_header_length
                0x0000000000415f24                modbus_enable_quirks
                0x0000000000415f64                modbus_disable_quirks
                0x0000000000415fa4                modbus_connect
                0x0000000000415fe0                modbus_close
                0x0000000000416150                modbus_send_raw_request_tid
                0x0000000000416224                modbus_send_raw_request
                0x0000000000416230                modbus_reply
                0x0000000000416c64                modbus_reply_exception
                0x0000000000416d30                _modbus_receive_msg
                0x0000000000417280                modbus_receive_confirmation
                0x00000000004173f4                modbus_read_bits
                0x00000000004174a0                modbus_read_input_bits
                0x0000000000417684                modbus_read_registers
                0x0000000000417704                modbus_read_input_registers
                0x0000000000417840                modbus_write_bit
                0x0000000000417880                modbus_write_register
                0x00000000004178b4                modbus_write_bits
                0x0000000000417ab4                modbus_write_registers
                0x0000000000417c24                modbus_mask_write_register
                0x0000000000417cf0                modbus_write_and_read_registers
                0x0000000000417f54                modbus_report_slave_id
                0x0000000000418080                modbus_free
                0x00000000004180a0                modbus_set_debug
                0x00000000004180e0                modbus_mapping_new_start_address
                0x0000000000418200                modbus_mapping_new
                0x0000000000418230                modbus_mapping_free
                0x0000000000418280                strlcpy
 *fill*         0x00000000004182d4        0xc 1f2003d5
 .text          0x00000000004182e0      0x1d8 ../libmodbus/libmodbus.a(modbus-data.o)
                0x00000000004182e0                modbus_set_bits_from_byte
                0x0000000000418310                modbus_set_bits_from_bytes
                0x0000000000418360                modbus_get_byte_from_bits
                0x00000000004183d0                modbus_get_float_abcd
                0x00000000004183e4                modbus_get_float_dcba
                0x0000000000418410                modbus_get_float_badc
                0x0000000000418420                modbus_get_float_cdab
                0x0000000000418430                modbus_get_float
                0x0000000000418434                modbus_set_float_abcd
                0x0000000000418460                modbus_set_float_dcba
                0x0000000000418480                modbus_set_float_badc
                0x0000000000418490                modbus_set_float_cdab
                0x00000000004184b4                modbus_set_float
 *fill*         0x00000000004184b8        0x8 1f2003d5
 .text          0x00000000004184c0      0xf0c ../libmodbus/libmodbus.a(modbus-rtu.o)
                0x0000000000418ef0                modbus_rtu_set_serial_mode
                0x0000000000419020                modbus_rtu_get_serial_mode
                0x0000000000419060                modbus_rtu_get_rts
                0x00000000004190a0                modbus_rtu_set_rts
                0x0000000000419100                modbus_rtu_set_custom_rts
                0x0000000000419144                modbus_rtu_get_rts_delay
                0x0000000000419184                modbus_rtu_set_rts_delay
                0x00000000004191d0                modbus_new_rtu
 .text          0x00000000004193cc        0x0 /home/forlinx/work/OK62xx-linux-sdk/external-toolchain-dir/arm-gnu-toolchain-11.3.rel1-x86_64-aarch64-none-linux-gnu/bin/../lib/gcc/aarch64-none-linux-gnu/11.3.1/crtend.o
 .text          0x00000000004193cc        0x0 /home/forlinx/work/OK62xx-linux-sdk/external-toolchain-dir/arm-gnu-toolchain-11.3.rel1-x86_64-aarch64-none-linux-gnu/bin/../aarch64-none-linux-gnu/libc/usr/lib/../lib64/crtn.o
 *(.gnu.warning)

.fini           0x00000000004193cc       0x14
 *(SORT_NONE(.fini))
 .fini          0x00000000004193cc        0xc /home/forlinx/work/OK62xx-linux-sdk/external-toolchain-dir/arm-gnu-toolchain-11.3.rel1-x86_64-aarch64-none-linux-gnu/bin/../aarch64-none-linux-gnu/libc/usr/lib/../lib64/crti.o
                0x00000000004193cc                _fini
 .fini          0x00000000004193d8        0x8 /home/forlinx/work/OK62xx-linux-sdk/external-toolchain-dir/arm-gnu-toolchain-11.3.rel1-x86_64-aarch64-none-linux-gnu/bin/../aarch64-none-linux-gnu/libc/usr/lib/../lib64/crtn.o
                [!provide]                        PROVIDE (__etext = .)
                [!provide]                        PROVIDE (_etext = .)
                [!provide]                        PROVIDE (etext = .)

.rodata         0x00000000004193e0     0x3b98
 *(.rodata .rodata.* .gnu.linkonce.r.*)
 .rodata.cst4   0x00000000004193e0        0x4 /home/forlinx/work/OK62xx-linux-sdk/external-toolchain-dir/arm-gnu-toolchain-11.3.rel1-x86_64-aarch64-none-linux-gnu/bin/../aarch64-none-linux-gnu/libc/usr/lib/../lib64/crt1.o
                0x00000000004193e0                _IO_stdin_used
 *fill*         0x00000000004193e4        0x4 
 .rodata.cst8   0x00000000004193e8       0x10 /home/forlinx/work/OK62xx-linux-sdk/external-toolchain-dir/arm-gnu-toolchain-11.3.rel1-x86_64-aarch64-none-linux-gnu/bin/../lib/gcc/aarch64-none-linux-gnu/11.3.1/crtbegin.o
 .rodata        0x00000000004193f8      0x133 main.o
 *fill*         0x000000000041952b        0x5 
 .rodata        0x0000000000419530     0x1279 app_mslave.o
 *fill*         0x000000000041a7a9        0x7 
 .rodata        0x000000000041a7b0      0xc2f app_mslave_ipc.o
 *fill*         0x000000000041b3df        0x1 
 .rodata        0x000000000041b3e0      0x2dc util_tool.o
 *fill*         0x000000000041b6bc        0x4 
 .rodata        0x000000000041b6c0       0xa3 ../app_modbus_common.o
 *fill*         0x000000000041b763        0x5 
 .rodata        0x000000000041b768      0x1e0 ../../skf_gw/source/src/common/util_dbg.o
 .rodata.str1.1
                0x000000000041b948      0x8eb ../../skf_gw_mqtt/middleware/common/auxiliar.o
                                        0x955 (size before relaxing)
 *fill*         0x000000000041c233        0x1 
 .rodata        0x000000000041c234        0xe ../../skf_gw_mqtt/middleware/common/auxiliar.o
 *fill*         0x000000000041c242        0x6 
 .rodata.str1.8
                0x000000000041c248      0x88d ../libmodbus/libmodbus.a(modbus.o)
 *fill*         0x000000000041cad5        0x3 
 .rodata        0x000000000041cad8       0x4c ../libmodbus/libmodbus.a(modbus.o)
                0x000000000041cb18                libmodbus_version_micro
                0x000000000041cb1c                libmodbus_version_minor
                0x000000000041cb20                libmodbus_version_major
 *fill*         0x000000000041cb24        0x4 
 .rodata.str1.8
                0x000000000041cb28       0x1c ../libmodbus/libmodbus.a(modbus-data.o)
 *fill*         0x000000000041cb44        0x4 
 .rodata        0x000000000041cb48       0x1a ../libmodbus/libmodbus.a(modbus-data.o)
 *fill*         0x000000000041cb62        0x6 
 .rodata.str1.8
                0x000000000041cb68      0x1ee ../libmodbus/libmodbus.a(modbus-rtu.o)
 *fill*         0x000000000041cd56        0x2 
 .rodata        0x000000000041cd58      0x220 ../libmodbus/libmodbus.a(modbus-rtu.o)

.rodata1
 *(.rodata1)

.eh_frame_hdr   0x000000000041cf78      0x7dc
 *(.eh_frame_hdr)
 .eh_frame_hdr  0x000000000041cf78      0x7dc /home/forlinx/work/OK62xx-linux-sdk/external-toolchain-dir/arm-gnu-toolchain-11.3.rel1-x86_64-aarch64-none-linux-gnu/bin/../aarch64-none-linux-gnu/libc/usr/lib/../lib64/crt1.o
                0x000000000041cf78                __GNU_EH_FRAME_HDR
 *(.eh_frame_entry .eh_frame_entry.*)

.eh_frame       0x000000000041d758     0x22c0
 *(.eh_frame)
 .eh_frame      0x000000000041d758       0x40 /home/forlinx/work/OK62xx-linux-sdk/external-toolchain-dir/arm-gnu-toolchain-11.3.rel1-x86_64-aarch64-none-linux-gnu/bin/../aarch64-none-linux-gnu/libc/usr/lib/../lib64/crt1.o
                                         0x50 (size before relaxing)
 .eh_frame      0x000000000041d798       0x60 /home/forlinx/work/OK62xx-linux-sdk/external-toolchain-dir/arm-gnu-toolchain-11.3.rel1-x86_64-aarch64-none-linux-gnu/bin/../lib/gcc/aarch64-none-linux-gnu/11.3.1/crtbegin.o
                                         0x78 (size before relaxing)
 .eh_frame      0x000000000041d7f8       0x20 main.o
                                         0x38 (size before relaxing)
 .eh_frame      0x000000000041d818      0xb20 app_mslave.o
                                        0xb30 (size before relaxing)
 .eh_frame      0x000000000041e338      0x4f0 app_mslave_ipc.o
                                        0x508 (size before relaxing)
 .eh_frame      0x000000000041e828       0x88 util_tool.o
                                         0xa0 (size before relaxing)
 .eh_frame      0x000000000041e8b0       0x20 ../app_modbus_common.o
                                         0x38 (size before relaxing)
 .eh_frame      0x000000000041e8d0       0xa0 ../../skf_gw/source/src/common/util_dbg.o
                                         0xb8 (size before relaxing)
 .eh_frame      0x000000000041e970      0x168 ../../skf_gw_mqtt/middleware/common/auxiliar.o
                                        0x180 (size before relaxing)
 .eh_frame      0x000000000041ead8      0xa20 ../libmodbus/libmodbus.a(modbus.o)
                                        0xa38 (size before relaxing)
 .eh_frame      0x000000000041f4f8      0x108 ../libmodbus/libmodbus.a(modbus-data.o)
                                        0x120 (size before relaxing)
 .eh_frame      0x000000000041f600      0x414 ../libmodbus/libmodbus.a(modbus-rtu.o)
                                        0x428 (size before relaxing)
 .eh_frame      0x000000000041fa14        0x4 /home/forlinx/work/OK62xx-linux-sdk/external-toolchain-dir/arm-gnu-toolchain-11.3.rel1-x86_64-aarch64-none-linux-gnu/bin/../lib/gcc/aarch64-none-linux-gnu/11.3.1/crtend.o
 *(.eh_frame.*)

.gcc_except_table
 *(.gcc_except_table .gcc_except_table.*)

.gnu_extab
 *(.gnu_extab*)

.exception_ranges
 *(.exception_ranges*)
                0x000000000042fd18                . = DATA_SEGMENT_ALIGN (CONSTANT (MAXPAGESIZE), CONSTANT (COMMONPAGESIZE))

.eh_frame
 *(.eh_frame)
 *(.eh_frame.*)

.gnu_extab
 *(.gnu_extab)

.gcc_except_table
 *(.gcc_except_table .gcc_except_table.*)

.exception_ranges
 *(.exception_ranges*)

.tdata          0x000000000042fd18        0x0
                [!provide]                        PROVIDE (__tdata_start = .)
 *(.tdata .tdata.* .gnu.linkonce.td.*)

.tbss
 *(.tbss .tbss.* .gnu.linkonce.tb.*)
 *(.tcommon)

.preinit_array  0x000000000042fd18        0x0
                [!provide]                        PROVIDE (__preinit_array_start = .)
 *(.preinit_array)
                [!provide]                        PROVIDE (__preinit_array_end = .)

.init_array     0x000000000042fd18        0x8
                [!provide]                        PROVIDE (__init_array_start = .)
 *(SORT_BY_INIT_PRIORITY(.init_array.*) SORT_BY_INIT_PRIORITY(.ctors.*))
 *(.init_array EXCLUDE_FILE(*crtend?.o *crtend.o *crtbegin?.o *crtbegin.o) .ctors)
 .init_array    0x000000000042fd18        0x8 /home/forlinx/work/OK62xx-linux-sdk/external-toolchain-dir/arm-gnu-toolchain-11.3.rel1-x86_64-aarch64-none-linux-gnu/bin/../lib/gcc/aarch64-none-linux-gnu/11.3.1/crtbegin.o
                [!provide]                        PROVIDE (__init_array_end = .)

.fini_array     0x000000000042fd20        0x8
                [!provide]                        PROVIDE (__fini_array_start = .)
 *(SORT_BY_INIT_PRIORITY(.fini_array.*) SORT_BY_INIT_PRIORITY(.dtors.*))
 *(.fini_array EXCLUDE_FILE(*crtend?.o *crtend.o *crtbegin?.o *crtbegin.o) .dtors)
 .fini_array    0x000000000042fd20        0x8 /home/forlinx/work/OK62xx-linux-sdk/external-toolchain-dir/arm-gnu-toolchain-11.3.rel1-x86_64-aarch64-none-linux-gnu/bin/../lib/gcc/aarch64-none-linux-gnu/11.3.1/crtbegin.o
                [!provide]                        PROVIDE (__fini_array_end = .)

.ctors
 *crtbegin.o(.ctors)
 *crtbegin?.o(.ctors)
 *(EXCLUDE_FILE(*crtend?.o *crtend.o) .ctors)
 *(SORT_BY_NAME(.ctors.*))
 *(.ctors)

.dtors
 *crtbegin.o(.dtors)
 *crtbegin?.o(.dtors)
 *(EXCLUDE_FILE(*crtend?.o *crtend.o) .dtors)
 *(SORT_BY_NAME(.dtors.*))
 *(.dtors)

.jcr
 *(.jcr)

.data.rel.ro    0x000000000042fd28       0x90
 *(.data.rel.ro.local* .gnu.linkonce.d.rel.ro.local.*)
 .data.rel.ro.local
                0x000000000042fd28       0x90 ../libmodbus/libmodbus.a(modbus-rtu.o)
                0x000000000042fd28                _modbus_rtu_backend
 *(.data.rel.ro .data.rel.ro.* .gnu.linkonce.d.rel.ro.*)
 .data.rel.ro   0x000000000042fdb8        0x0 /home/forlinx/work/OK62xx-linux-sdk/external-toolchain-dir/arm-gnu-toolchain-11.3.rel1-x86_64-aarch64-none-linux-gnu/bin/../aarch64-none-linux-gnu/libc/usr/lib/../lib64/crt1.o

.dynamic        0x000000000042fdb8      0x210
 *(.dynamic)
 .dynamic       0x000000000042fdb8      0x210 /home/forlinx/work/OK62xx-linux-sdk/external-toolchain-dir/arm-gnu-toolchain-11.3.rel1-x86_64-aarch64-none-linux-gnu/bin/../aarch64-none-linux-gnu/libc/usr/lib/../lib64/crt1.o
                0x000000000042fdb8                _DYNAMIC

.got            0x000000000042ffc8       0x20
 *(.got)
 .got           0x000000000042ffc8       0x20 /home/forlinx/work/OK62xx-linux-sdk/external-toolchain-dir/arm-gnu-toolchain-11.3.rel1-x86_64-aarch64-none-linux-gnu/bin/../aarch64-none-linux-gnu/libc/usr/lib/../lib64/crt1.o
                0x000000000042ffc8                _GLOBAL_OFFSET_TABLE_
 *(.igot)
                0x000000000042ffe8                . = DATA_SEGMENT_RELRO_END (., 0x18)

.got.plt        0x000000000042ffe8      0x2c0
 *(.got.plt)
 .got.plt       0x000000000042ffe8      0x2c0 /home/forlinx/work/OK62xx-linux-sdk/external-toolchain-dir/arm-gnu-toolchain-11.3.rel1-x86_64-aarch64-none-linux-gnu/bin/../aarch64-none-linux-gnu/libc/usr/lib/../lib64/crt1.o
 *(.igot.plt)
 .igot.plt      0x00000000004302a8        0x0 /home/forlinx/work/OK62xx-linux-sdk/external-toolchain-dir/arm-gnu-toolchain-11.3.rel1-x86_64-aarch64-none-linux-gnu/bin/../aarch64-none-linux-gnu/libc/usr/lib/../lib64/crt1.o

.data           0x00000000004302a8      0x9c8
                [!provide]                        PROVIDE (__data_start = .)
 *(.data .data.* .gnu.linkonce.d.*)
 .data          0x00000000004302a8        0x4 /home/forlinx/work/OK62xx-linux-sdk/external-toolchain-dir/arm-gnu-toolchain-11.3.rel1-x86_64-aarch64-none-linux-gnu/bin/../aarch64-none-linux-gnu/libc/usr/lib/../lib64/crt1.o
                0x00000000004302a8                data_start
                0x00000000004302a8                __data_start
 .data          0x00000000004302ac        0x0 /home/forlinx/work/OK62xx-linux-sdk/external-toolchain-dir/arm-gnu-toolchain-11.3.rel1-x86_64-aarch64-none-linux-gnu/bin/../aarch64-none-linux-gnu/libc/usr/lib/../lib64/crti.o
 *fill*         0x00000000004302ac        0x4 
 .data          0x00000000004302b0        0x8 /home/forlinx/work/OK62xx-linux-sdk/external-toolchain-dir/arm-gnu-toolchain-11.3.rel1-x86_64-aarch64-none-linux-gnu/bin/../lib/gcc/aarch64-none-linux-gnu/11.3.1/crtbegin.o
                0x00000000004302b0                __dso_handle
 .data          0x00000000004302b8        0x1 main.o
                0x00000000004302b8                g_log_level
 .data          0x00000000004302b9        0x0 app_mslave.o
 .data          0x00000000004302b9        0x0 app_mslave_ipc.o
 .data          0x00000000004302b9        0x0 util_tool.o
 .data          0x00000000004302b9        0x0 ../app_modbus_common.o
 .data          0x00000000004302b9        0x0 ../../skf_gw/source/src/common/util_dbg.o
 *fill*         0x00000000004302b9        0x7 
 .data          0x00000000004302c0      0x9b0 ../../skf_gw_mqtt/middleware/common/auxiliar.o
                0x00000000004302c0                SensorData
                0x0000000000430450                SensorConfig
                0x0000000000430a60                DeviceList
                0x0000000000430ac0                GatewayConfig
 .data          0x0000000000430c70        0x0 ../libmodbus/libmodbus.a(modbus.o)
 .data          0x0000000000430c70        0x0 ../libmodbus/libmodbus.a(modbus-data.o)
 .data          0x0000000000430c70        0x0 ../libmodbus/libmodbus.a(modbus-rtu.o)
 .data          0x0000000000430c70        0x0 /home/forlinx/work/OK62xx-linux-sdk/external-toolchain-dir/arm-gnu-toolchain-11.3.rel1-x86_64-aarch64-none-linux-gnu/bin/../lib/gcc/aarch64-none-linux-gnu/11.3.1/crtend.o
 .data          0x0000000000430c70        0x0 /home/forlinx/work/OK62xx-linux-sdk/external-toolchain-dir/arm-gnu-toolchain-11.3.rel1-x86_64-aarch64-none-linux-gnu/bin/../aarch64-none-linux-gnu/libc/usr/lib/../lib64/crtn.o

.tm_clone_table
                0x0000000000430c70        0x0
 .tm_clone_table
                0x0000000000430c70        0x0 /home/forlinx/work/OK62xx-linux-sdk/external-toolchain-dir/arm-gnu-toolchain-11.3.rel1-x86_64-aarch64-none-linux-gnu/bin/../lib/gcc/aarch64-none-linux-gnu/11.3.1/crtbegin.o
 .tm_clone_table
                0x0000000000430c70        0x0 /home/forlinx/work/OK62xx-linux-sdk/external-toolchain-dir/arm-gnu-toolchain-11.3.rel1-x86_64-aarch64-none-linux-gnu/bin/../lib/gcc/aarch64-none-linux-gnu/11.3.1/crtend.o

.data1
 *(.data1)
                0x0000000000430c70                _edata = .
                [!provide]                        PROVIDE (edata = .)
                0x0000000000430c70                . = .
                0x0000000000430c70                __bss_start = .
                0x0000000000430c70                __bss_start__ = .

.bss            0x0000000000430c70     0x6b10
 *(.dynbss)
 .dynbss        0x0000000000430c70        0x8 /home/forlinx/work/OK62xx-linux-sdk/external-toolchain-dir/arm-gnu-toolchain-11.3.rel1-x86_64-aarch64-none-linux-gnu/bin/../aarch64-none-linux-gnu/libc/usr/lib/../lib64/crt1.o
                0x0000000000430c70                stdout@@GLIBC_2.17
 *(.bss .bss.* .gnu.linkonce.b.*)
 .bss           0x0000000000430c78        0x0 /home/forlinx/work/OK62xx-linux-sdk/external-toolchain-dir/arm-gnu-toolchain-11.3.rel1-x86_64-aarch64-none-linux-gnu/bin/../aarch64-none-linux-gnu/libc/usr/lib/../lib64/crt1.o
 .bss           0x0000000000430c78        0x0 /home/forlinx/work/OK62xx-linux-sdk/external-toolchain-dir/arm-gnu-toolchain-11.3.rel1-x86_64-aarch64-none-linux-gnu/bin/../aarch64-none-linux-gnu/libc/usr/lib/../lib64/crti.o
 .bss           0x0000000000430c78        0x1 /home/forlinx/work/OK62xx-linux-sdk/external-toolchain-dir/arm-gnu-toolchain-11.3.rel1-x86_64-aarch64-none-linux-gnu/bin/../lib/gcc/aarch64-none-linux-gnu/11.3.1/crtbegin.o
 .bss           0x0000000000430c79        0x0 main.o
 *fill*         0x0000000000430c79        0x7 
 .bss           0x0000000000430c80     0x6766 app_mslave.o
                0x0000000000430c80                g_mslave_ctr
 .bss           0x00000000004373e6        0x0 app_mslave_ipc.o
 .bss           0x00000000004373e6        0x0 util_tool.o
 .bss           0x00000000004373e6        0x0 ../app_modbus_common.o
 *fill*         0x00000000004373e6        0x2 
 .bss           0x00000000004373e8      0x398 ../../skf_gw/source/src/common/util_dbg.o
                0x00000000004373e8                g_pt_buf
                0x00000000004373f0                g_flg
                0x00000000004373f8                g_froto_encoded_msg
                0x0000000000437600                g_dbg_sensor_conf
 .bss           0x0000000000437780        0x0 ../../skf_gw_mqtt/middleware/common/auxiliar.o
 .bss           0x0000000000437780        0x0 ../libmodbus/libmodbus.a(modbus.o)
 .bss           0x0000000000437780        0x0 ../libmodbus/libmodbus.a(modbus-data.o)
 .bss           0x0000000000437780        0x0 ../libmodbus/libmodbus.a(modbus-rtu.o)
 .bss           0x0000000000437780        0x0 /home/forlinx/work/OK62xx-linux-sdk/external-toolchain-dir/arm-gnu-toolchain-11.3.rel1-x86_64-aarch64-none-linux-gnu/bin/../lib/gcc/aarch64-none-linux-gnu/11.3.1/crtend.o
 .bss           0x0000000000437780        0x0 /home/forlinx/work/OK62xx-linux-sdk/external-toolchain-dir/arm-gnu-toolchain-11.3.rel1-x86_64-aarch64-none-linux-gnu/bin/../aarch64-none-linux-gnu/libc/usr/lib/../lib64/crtn.o
 *(COMMON)
                0x0000000000437780                . = ALIGN ((. != 0x0)?0x8:0x1)
                0x0000000000437780                _bss_end__ = .
                0x0000000000437780                __bss_end__ = .
                0x0000000000437780                . = ALIGN (0x8)
                0x0000000000437780                . = SEGMENT_START ("ldata-segment", .)
                0x0000000000437780                . = ALIGN (0x8)
                0x0000000000437780                __end__ = .
                0x0000000000437780                _end = .
                [!provide]                        PROVIDE (end = .)
                0x0000000000437780                . = DATA_SEGMENT_END (.)

.stab
 *(.stab)

.stabstr
 *(.stabstr)

.stab.excl
 *(.stab.excl)

.stab.exclstr
 *(.stab.exclstr)

.stab.index
 *(.stab.index)

.stab.indexstr
 *(.stab.indexstr)

.comment        0x0000000000000000       0x33
 *(.comment)
 .comment       0x0000000000000000       0x33 /home/forlinx/work/OK62xx-linux-sdk/external-toolchain-dir/arm-gnu-toolchain-11.3.rel1-x86_64-aarch64-none-linux-gnu/bin/../aarch64-none-linux-gnu/libc/usr/lib/../lib64/crt1.o
                                         0x9c (size before relaxing)
 .comment       0x0000000000000033       0x34 /home/forlinx/work/OK62xx-linux-sdk/external-toolchain-dir/arm-gnu-toolchain-11.3.rel1-x86_64-aarch64-none-linux-gnu/bin/../lib/gcc/aarch64-none-linux-gnu/11.3.1/crtbegin.o
 .comment       0x0000000000000033       0x34 main.o
 .comment       0x0000000000000033       0x34 app_mslave.o
 .comment       0x0000000000000033       0x34 app_mslave_ipc.o
 .comment       0x0000000000000033       0x34 util_tool.o
 .comment       0x0000000000000033       0x34 ../app_modbus_common.o
 .comment       0x0000000000000033       0x34 ../../skf_gw/source/src/common/util_dbg.o
 .comment       0x0000000000000033       0x34 ../../skf_gw_mqtt/middleware/common/auxiliar.o
 .comment       0x0000000000000033       0x34 ../libmodbus/libmodbus.a(modbus.o)
 .comment       0x0000000000000033       0x34 ../libmodbus/libmodbus.a(modbus-data.o)
 .comment       0x0000000000000033       0x34 ../libmodbus/libmodbus.a(modbus-rtu.o)
 .comment       0x0000000000000033       0x34 /home/forlinx/work/OK62xx-linux-sdk/external-toolchain-dir/arm-gnu-toolchain-11.3.rel1-x86_64-aarch64-none-linux-gnu/bin/../lib/gcc/aarch64-none-linux-gnu/11.3.1/crtend.o

.gnu.build.attributes
 *(.gnu.build.attributes .gnu.build.attributes.*)

.debug
 *(.debug)

.line
 *(.line)

.debug_srcinfo
 *(.debug_srcinfo)

.debug_sfnames
 *(.debug_sfnames)

.debug_aranges  0x0000000000000000      0x280
 *(.debug_aranges)
 .debug_aranges
                0x0000000000000000       0xa0 /home/forlinx/work/OK62xx-linux-sdk/external-toolchain-dir/arm-gnu-toolchain-11.3.rel1-x86_64-aarch64-none-linux-gnu/bin/../aarch64-none-linux-gnu/libc/usr/lib/../lib64/crt1.o
 .debug_aranges
                0x00000000000000a0       0x50 /home/forlinx/work/OK62xx-linux-sdk/external-toolchain-dir/arm-gnu-toolchain-11.3.rel1-x86_64-aarch64-none-linux-gnu/bin/../aarch64-none-linux-gnu/libc/usr/lib/../lib64/crti.o
 .debug_aranges
                0x00000000000000f0       0x30 main.o
 .debug_aranges
                0x0000000000000120       0x30 app_mslave.o
 .debug_aranges
                0x0000000000000150       0x30 app_mslave_ipc.o
 .debug_aranges
                0x0000000000000180       0x30 util_tool.o
 .debug_aranges
                0x00000000000001b0       0x30 ../app_modbus_common.o
 .debug_aranges
                0x00000000000001e0       0x30 ../../skf_gw/source/src/common/util_dbg.o
 .debug_aranges
                0x0000000000000210       0x30 ../../skf_gw_mqtt/middleware/common/auxiliar.o
 .debug_aranges
                0x0000000000000240       0x40 /home/forlinx/work/OK62xx-linux-sdk/external-toolchain-dir/arm-gnu-toolchain-11.3.rel1-x86_64-aarch64-none-linux-gnu/bin/../aarch64-none-linux-gnu/libc/usr/lib/../lib64/crtn.o

.debug_pubnames
 *(.debug_pubnames)

.debug_info     0x0000000000000000     0xec7e
 *(.debug_info .gnu.linkonce.wi.*)
 .debug_info    0x0000000000000000      0x942 /home/forlinx/work/OK62xx-linux-sdk/external-toolchain-dir/arm-gnu-toolchain-11.3.rel1-x86_64-aarch64-none-linux-gnu/bin/../aarch64-none-linux-gnu/libc/usr/lib/../lib64/crt1.o
 .debug_info    0x0000000000000942       0x23 /home/forlinx/work/OK62xx-linux-sdk/external-toolchain-dir/arm-gnu-toolchain-11.3.rel1-x86_64-aarch64-none-linux-gnu/bin/../aarch64-none-linux-gnu/libc/usr/lib/../lib64/crti.o
 .debug_info    0x0000000000000965      0xf79 main.o
 .debug_info    0x00000000000018de     0x6216 app_mslave.o
 .debug_info    0x0000000000007af4     0x49e6 app_mslave_ipc.o
 .debug_info    0x000000000000c4da      0x39b util_tool.o
 .debug_info    0x000000000000c875      0x68e ../app_modbus_common.o
 .debug_info    0x000000000000cf03      0xd8d ../../skf_gw/source/src/common/util_dbg.o
 .debug_info    0x000000000000dc90      0xfcb ../../skf_gw_mqtt/middleware/common/auxiliar.o
 .debug_info    0x000000000000ec5b       0x23 /home/forlinx/work/OK62xx-linux-sdk/external-toolchain-dir/arm-gnu-toolchain-11.3.rel1-x86_64-aarch64-none-linux-gnu/bin/../aarch64-none-linux-gnu/libc/usr/lib/../lib64/crtn.o

.debug_abbrev   0x0000000000000000     0x165c
 *(.debug_abbrev)
 .debug_abbrev  0x0000000000000000      0x25e /home/forlinx/work/OK62xx-linux-sdk/external-toolchain-dir/arm-gnu-toolchain-11.3.rel1-x86_64-aarch64-none-linux-gnu/bin/../aarch64-none-linux-gnu/libc/usr/lib/../lib64/crt1.o
 .debug_abbrev  0x000000000000025e       0x12 /home/forlinx/work/OK62xx-linux-sdk/external-toolchain-dir/arm-gnu-toolchain-11.3.rel1-x86_64-aarch64-none-linux-gnu/bin/../aarch64-none-linux-gnu/libc/usr/lib/../lib64/crti.o
 .debug_abbrev  0x0000000000000270      0x319 main.o
 .debug_abbrev  0x0000000000000589      0x4e7 app_mslave.o
 .debug_abbrev  0x0000000000000a70      0x444 app_mslave_ipc.o
 .debug_abbrev  0x0000000000000eb4      0x148 util_tool.o
 .debug_abbrev  0x0000000000000ffc      0x1a7 ../app_modbus_common.o
 .debug_abbrev  0x00000000000011a3      0x250 ../../skf_gw/source/src/common/util_dbg.o
 .debug_abbrev  0x00000000000013f3      0x257 ../../skf_gw_mqtt/middleware/common/auxiliar.o
 .debug_abbrev  0x000000000000164a       0x12 /home/forlinx/work/OK62xx-linux-sdk/external-toolchain-dir/arm-gnu-toolchain-11.3.rel1-x86_64-aarch64-none-linux-gnu/bin/../aarch64-none-linux-gnu/libc/usr/lib/../lib64/crtn.o

.debug_line     0x0000000000000000     0x52fd
 *(.debug_line .debug_line.* .debug_line_end)
 .debug_line    0x0000000000000000      0x17c /home/forlinx/work/OK62xx-linux-sdk/external-toolchain-dir/arm-gnu-toolchain-11.3.rel1-x86_64-aarch64-none-linux-gnu/bin/../aarch64-none-linux-gnu/libc/usr/lib/../lib64/crt1.o
 .debug_line    0x000000000000017c       0x7e /home/forlinx/work/OK62xx-linux-sdk/external-toolchain-dir/arm-gnu-toolchain-11.3.rel1-x86_64-aarch64-none-linux-gnu/bin/../aarch64-none-linux-gnu/libc/usr/lib/../lib64/crti.o
 .debug_line    0x00000000000001fa      0x16a main.o
 .debug_line    0x0000000000000364     0x283e app_mslave.o
 .debug_line    0x0000000000002ba2     0x1e02 app_mslave_ipc.o
 .debug_line    0x00000000000049a4      0x191 util_tool.o
 .debug_line    0x0000000000004b35      0x147 ../app_modbus_common.o
 .debug_line    0x0000000000004c7c      0x22e ../../skf_gw/source/src/common/util_dbg.o
 .debug_line    0x0000000000004eaa      0x3f1 ../../skf_gw_mqtt/middleware/common/auxiliar.o
 .debug_line    0x000000000000529b       0x62 /home/forlinx/work/OK62xx-linux-sdk/external-toolchain-dir/arm-gnu-toolchain-11.3.rel1-x86_64-aarch64-none-linux-gnu/bin/../aarch64-none-linux-gnu/libc/usr/lib/../lib64/crtn.o

.debug_frame
 *(.debug_frame)

.debug_str      0x0000000000000000     0x563f
 *(.debug_str)
 .debug_str     0x0000000000000000      0x419 /home/forlinx/work/OK62xx-linux-sdk/external-toolchain-dir/arm-gnu-toolchain-11.3.rel1-x86_64-aarch64-none-linux-gnu/bin/../aarch64-none-linux-gnu/libc/usr/lib/../lib64/crt1.o
                                        0x89a (size before relaxing)
 .debug_str     0x0000000000000419       0x1a /home/forlinx/work/OK62xx-linux-sdk/external-toolchain-dir/arm-gnu-toolchain-11.3.rel1-x86_64-aarch64-none-linux-gnu/bin/../aarch64-none-linux-gnu/libc/usr/lib/../lib64/crti.o
                                         0x61 (size before relaxing)
 .debug_str     0x0000000000000433      0xb91 main.o
                                        0xd7f (size before relaxing)
 .debug_str     0x0000000000000fc4     0x34fd app_mslave.o
                                       0x4407 (size before relaxing)
 .debug_str     0x00000000000044c1      0x7bb app_mslave_ipc.o
                                       0x3a5c (size before relaxing)
 .debug_str     0x0000000000004c7c       0x5e util_tool.o
                                        0x231 (size before relaxing)
 .debug_str     0x0000000000004cda       0x6d ../app_modbus_common.o
                                        0x54b (size before relaxing)
 .debug_str     0x0000000000004d47      0x71c ../../skf_gw/source/src/common/util_dbg.o
                                        0x9da (size before relaxing)
 .debug_str     0x0000000000005463      0x1c2 ../../skf_gw_mqtt/middleware/common/auxiliar.o
                                        0x3d6 (size before relaxing)
 .debug_str     0x0000000000005625       0x1a /home/forlinx/work/OK62xx-linux-sdk/external-toolchain-dir/arm-gnu-toolchain-11.3.rel1-x86_64-aarch64-none-linux-gnu/bin/../aarch64-none-linux-gnu/libc/usr/lib/../lib64/crtn.o
                                         0x61 (size before relaxing)

.debug_loc
 *(.debug_loc)

.debug_macinfo
 *(.debug_macinfo)

.debug_weaknames
 *(.debug_weaknames)

.debug_funcnames
 *(.debug_funcnames)

.debug_typenames
 *(.debug_typenames)

.debug_varnames
 *(.debug_varnames)

.debug_pubtypes
 *(.debug_pubtypes)

.debug_ranges
 *(.debug_ranges)

.debug_addr
 *(.debug_addr)

.debug_line_str
                0x0000000000000000      0xadb
 *(.debug_line_str)
 .debug_line_str
                0x0000000000000000      0x187 /home/forlinx/work/OK62xx-linux-sdk/external-toolchain-dir/arm-gnu-toolchain-11.3.rel1-x86_64-aarch64-none-linux-gnu/bin/../aarch64-none-linux-gnu/libc/usr/lib/../lib64/crt1.o
                                        0x3b1 (size before relaxing)
 .debug_line_str
                0x0000000000000187        0x7 /home/forlinx/work/OK62xx-linux-sdk/external-toolchain-dir/arm-gnu-toolchain-11.3.rel1-x86_64-aarch64-none-linux-gnu/bin/../aarch64-none-linux-gnu/libc/usr/lib/../lib64/crti.o
                                         0x5c (size before relaxing)
 .debug_line_str
                0x000000000000018e      0x36e main.o
                                        0x3d4 (size before relaxing)
 .debug_line_str
                0x00000000000004fc      0x38a app_mslave.o
                                        0x785 (size before relaxing)
 .debug_line_str
                0x0000000000000886       0x70 app_mslave_ipc.o
                                        0x733 (size before relaxing)
 .debug_line_str
                0x00000000000008f6        0xc util_tool.o
                                        0x216 (size before relaxing)
 .debug_line_str
                0x0000000000000902       0x17 ../app_modbus_common.o
                                        0x3d9 (size before relaxing)
 .debug_line_str
                0x0000000000000919       0x64 ../../skf_gw/source/src/common/util_dbg.o
                                        0x4e0 (size before relaxing)
 .debug_line_str
                0x000000000000097d      0x157 ../../skf_gw_mqtt/middleware/common/auxiliar.o
                                        0x2d3 (size before relaxing)
 .debug_line_str
                0x0000000000000ad4        0x7 /home/forlinx/work/OK62xx-linux-sdk/external-toolchain-dir/arm-gnu-toolchain-11.3.rel1-x86_64-aarch64-none-linux-gnu/bin/../aarch64-none-linux-gnu/libc/usr/lib/../lib64/crtn.o
                                         0x5c (size before relaxing)

.debug_loclists
                0x0000000000000000      0x464
 *(.debug_loclists)
 .debug_loclists
                0x0000000000000000      0x464 ../../skf_gw_mqtt/middleware/common/auxiliar.o

.debug_macro
 *(.debug_macro)

.debug_names
 *(.debug_names)

.debug_rnglists
                0x0000000000000000       0x4c
 *(.debug_rnglists)
 .debug_rnglists
                0x0000000000000000       0x2b /home/forlinx/work/OK62xx-linux-sdk/external-toolchain-dir/arm-gnu-toolchain-11.3.rel1-x86_64-aarch64-none-linux-gnu/bin/../aarch64-none-linux-gnu/libc/usr/lib/../lib64/crti.o
 .debug_rnglists
                0x000000000000002b       0x21 /home/forlinx/work/OK62xx-linux-sdk/external-toolchain-dir/arm-gnu-toolchain-11.3.rel1-x86_64-aarch64-none-linux-gnu/bin/../aarch64-none-linux-gnu/libc/usr/lib/../lib64/crtn.o

.debug_str_offsets
 *(.debug_str_offsets)

.debug_sup
 *(.debug_sup)

.ARM.attributes
 *(.ARM.attributes)
 *(.gnu.attributes)

.note.gnu.arm.ident
 *(.note.gnu.arm.ident)

/DISCARD/
 *(.note.GNU-stack)
 *(.gnu_debuglink)
 *(.gnu.lto_*)
OUTPUT(skf_gw_modbus_rtu elf64-littleaarch64)
LOAD linker stubs
