Archive member included to satisfy reference by file (symbol)

../source/monitor/lib_bluez/libshared-mainloop.a(src_libshared_mainloop_la-queue.o)
                              CMakeFiles/skf_gw.dir/source/monitor/analyze.c.o (queue_new)
../source/monitor/lib_bluez/libshared-mainloop.a(src_libshared_mainloop_la-util.o)
                              CMakeFiles/skf_gw.dir/source/monitor/analyze.c.o (util_malloc)
../source/monitor/lib_bluez/libshared-mainloop.a(src_libshared_mainloop_la-crypto.o)
                              CMakeFiles/skf_gw.dir/source/monitor/keys.c.o (bt_crypto_new)
../source/monitor/lib_bluez/libshared-mainloop.a(src_libshared_mainloop_la-btsnoop.o)
                              CMakeFiles/skf_gw.dir/source/monitor/analyze.c.o (btsnoop_open)
../source/monitor/lib_bluez/libshared-mainloop.a(src_libshared_mainloop_la-gatt-db.o)
                              CMakeFiles/skf_gw.dir/source/monitor/att.c.o (gatt_db_new)
../source/monitor/lib_bluez/libshared-mainloop.a(src_libshared_mainloop_la-timeout-mainloop.o)
                              ../source/monitor/lib_bluez/libshared-mainloop.a(src_libshared_mainloop_la-gatt-db.o) (timeout_add)
../source/monitor/lib_bluez/libshared-mainloop.a(src_libshared_mainloop_la-mainloop.o)
                              CMakeFiles/skf_gw.dir/source/monitor/btmon_main.c.o (mainloop_init)
../source/monitor/lib_bluez/libshared-mainloop.a(src_libshared_mainloop_la-mainloop-notify.o)
                              ../source/monitor/lib_bluez/libshared-mainloop.a(src_libshared_mainloop_la-mainloop.o) (mainloop_sd_notify)
../source/monitor/lib_bluez/libshared-mainloop.a(src_libshared_mainloop_la-io-mainloop.o)
                              ../source/monitor/lib_bluez/libshared-mainloop.a(src_libshared_mainloop_la-mainloop-notify.o) (io_new)
../source/monitor/lib_bluez/libbluetooth-internal.a(bluetooth.o)
                              CMakeFiles/skf_gw.dir/source/src/common/bt_hcitool.c.o (ba2str)
../source/monitor/lib_bluez/libbluetooth-internal.a(hci.o)
                              CMakeFiles/skf_gw.dir/source/monitor/packet.c.o (hci_bustostr)
../source/monitor/lib_bluez/libbluetooth-internal.a(uuid.o)
                              ../source/monitor/lib_bluez/libshared-mainloop.a(src_libshared_mainloop_la-gatt-db.o) (bt_uuid_to_uuid128)
/home/forlinx/work/OK62xx-linux-sdk/external-toolchain-dir/arm-gnu-toolchain-11.3.rel1-x86_64-aarch64-none-linux-gnu/bin/../lib/gcc/aarch64-none-linux-gnu/11.3.1/libgcc.a(ldadd_4_5.o)
                              ../source/monitor/lib_bluez/libshared-mainloop.a(src_libshared_mainloop_la-queue.o) (__aarch64_ldadd4_sync)
/home/forlinx/work/OK62xx-linux-sdk/external-toolchain-dir/arm-gnu-toolchain-11.3.rel1-x86_64-aarch64-none-linux-gnu/bin/../lib/gcc/aarch64-none-linux-gnu/11.3.1/libgcc.a(ldadd_8_5.o)
                              CMakeFiles/skf_gw.dir/source/src/general/app_pro_general_new.c.o (__aarch64_ldadd8_sync)
/home/forlinx/work/OK62xx-linux-sdk/external-toolchain-dir/arm-gnu-toolchain-11.3.rel1-x86_64-aarch64-none-linux-gnu/bin/../lib/gcc/aarch64-none-linux-gnu/11.3.1/libgcc.a(lse-init.o)
                              /home/forlinx/work/OK62xx-linux-sdk/external-toolchain-dir/arm-gnu-toolchain-11.3.rel1-x86_64-aarch64-none-linux-gnu/bin/../lib/gcc/aarch64-none-linux-gnu/11.3.1/libgcc.a(ldadd_4_5.o) (__aarch64_have_lse_atomics)

Discarded input sections

 .note.GNU-stack
                0x0000000000000000        0x0 /home/forlinx/work/OK62xx-linux-sdk/external-toolchain-dir/arm-gnu-toolchain-11.3.rel1-x86_64-aarch64-none-linux-gnu/bin/../aarch64-none-linux-gnu/libc/usr/lib/../lib64/crt1.o
 .note.GNU-stack
                0x0000000000000000        0x0 /home/forlinx/work/OK62xx-linux-sdk/external-toolchain-dir/arm-gnu-toolchain-11.3.rel1-x86_64-aarch64-none-linux-gnu/bin/../aarch64-none-linux-gnu/libc/usr/lib/../lib64/crti.o
 .note.GNU-stack
                0x0000000000000000        0x0 /home/forlinx/work/OK62xx-linux-sdk/external-toolchain-dir/arm-gnu-toolchain-11.3.rel1-x86_64-aarch64-none-linux-gnu/bin/../lib/gcc/aarch64-none-linux-gnu/11.3.1/crtbegin.o
 .note.GNU-stack
                0x0000000000000000        0x0 CMakeFiles/skf_gw.dir/source/src/common/util_dbg.c.o
 .note.GNU-stack
                0x0000000000000000        0x0 CMakeFiles/skf_gw.dir/source/src/general/froto/app_froto_new.c.o
 .note.GNU-stack
                0x0000000000000000        0x0 CMakeFiles/skf_gw.dir/source/src/general/froto/app_froto_common.c.o
 .note.GNU-stack
                0x0000000000000000        0x0 CMakeFiles/skf_gw.dir/source/src/general/froto/decoder/app_froto_data_upload_decoder.c.o
 .note.GNU-stack
                0x0000000000000000        0x0 CMakeFiles/skf_gw.dir/source/src/general/froto/decoder/app_froto_config_decoder.c.o
 .note.GNU-stack
                0x0000000000000000        0x0 CMakeFiles/skf_gw.dir/source/src/general/froto/decoder/app_froto_fuota_decoder.c.o
 .note.GNU-stack
[...]
Memory Configuration

Name             Origin             Length             Attributes
*default*        0x0000000000000000 0xffffffffffffffff

Linker script and memory map

LOAD /home/forlinx/work/OK62xx-linux-sdk/external-toolchain-dir/arm-gnu-toolchain-11.3.rel1-x86_64-aarch64-none-linux-gnu/bin/../aarch64-none-linux-gnu/libc/usr/lib/../lib64/crt1.o
LOAD /home/forlinx/work/OK62xx-linux-sdk/external-toolchain-dir/arm-gnu-toolchain-11.3.rel1-x86_64-aarch64-none-linux-gnu/bin/../aarch64-none-linux-gnu/libc/usr/lib/../lib64/crti.o
LOAD /home/forlinx/work/OK62xx-linux-sdk/external-toolchain-dir/arm-gnu-toolchain-11.3.rel1-x86_64-aarch64-none-linux-gnu/bin/../lib/gcc/aarch64-none-linux-gnu/11.3.1/crtbegin.o
LOAD CMakeFiles/skf_gw.dir/source/src/common/util_dbg.c.o
LOAD CMakeFiles/skf_gw.dir/source/src/general/froto/app_froto_new.c.o
LOAD CMakeFiles/skf_gw.dir/source/src/general/froto/app_froto_common.c.o
LOAD CMakeFiles/skf_gw.dir/source/src/general/froto/decoder/app_froto_data_upload_decoder.c.o
LOAD CMakeFiles/skf_gw.dir/source/src/general/froto/decoder/app_froto_config_decoder.c.o
LOAD CMakeFiles/skf_gw.dir/source/src/general/froto/decoder/app_froto_fuota_decoder.c.o
LOAD CMakeFiles/skf_gw.dir/source/src/general/froto/encoder/app_froto_command_encoder.c.o
LOAD CMakeFiles/skf_gw.dir/source/src/general/froto/encoder/app_froto_config_encoder.c.o
LOAD CMakeFiles/skf_gw.dir/source/src/general/froto/encoder/app_froto_data_selection_encoder.c.o
LOAD CMakeFiles/skf_gw.dir/source/src/general/froto/encoder/app_froto_fuota_encoder.c.o
LOAD CMakeFiles/skf_gw.dir/source/src/general/sensorInterface/sensor_interface_insight_predict.c.o
LOAD CMakeFiles/skf_gw.dir/source/src/general/sensorInterface/sensor_interface_insight_predict_pro.c.o
LOAD CMakeFiles/skf_gw.dir/source/src/general/serviceInterface/mobile_server_interface.c.o
LOAD CMakeFiles/skf_gw.dir/source/src/sys_def.c.o
LOAD CMakeFiles/skf_gw.dir/source/src/bt_common.c.o
LOAD CMakeFiles/skf_gw.dir/source/src/sys_timer.c.o
LOAD CMakeFiles/skf_gw.dir/source/src/bt_advertising.c.o
LOAD CMakeFiles/skf_gw.dir/source/src/ble/bt_advertising_new.c.o
LOAD CMakeFiles/skf_gw.dir/source/src/ble/bt_connection_new.c.o
LOAD CMakeFiles/skf_gw.dir/source/src/ble/bt_gatt_new.c.o
LOAD CMakeFiles/skf_gw.dir/source/src/bt_connection.c.o
LOAD CMakeFiles/skf_gw.dir/source/src/bt_agent.c.o
LOAD CMakeFiles/skf_gw.dir/source/src/bt_gatt.c.o
LOAD CMakeFiles/skf_gw.dir/source/src/app_local_service.c.o
LOAD CMakeFiles/skf_gw.dir/source/src/app_pro_general.c.o
LOAD CMakeFiles/skf_gw.dir/source/src/general/app_pro_general_new.c.o
LOAD CMakeFiles/skf_gw.dir/source/src/app_pro_ble.c.o
LOAD CMakeFiles/skf_gw.dir/source/src/ble/app_pro_ble_new.c.o
LOAD CMakeFiles/skf_gw.dir/source/src/main.c.o
LOAD CMakeFiles/skf_gw.dir/source/src/test_le_connect.c.o
LOAD CMakeFiles/skf_gw.dir/source/src/app_common.c.o
LOAD CMakeFiles/skf_gw.dir/source/src/util_froto.c.o
LOAD CMakeFiles/skf_gw.dir/source/src/util_froto_datawrap.c.o
LOAD CMakeFiles/skf_gw.dir/source/src/app_getConfigure.c.o
LOAD CMakeFiles/skf_gw.dir/source/src/app_waiting_queue.c.o
LOAD CMakeFiles/skf_gw.dir/source/src/app_froto.c.o
LOAD CMakeFiles/skf_gw.dir/source/src/app_cjson.c.o
LOAD CMakeFiles/skf_gw.dir/source/src/general/app_db.c.o
LOAD CMakeFiles/skf_gw.dir/source/src/app_gw_scheduler.c.o
LOAD CMakeFiles/skf_gw.dir/source/src/general/app_tim_service.c.o
LOAD CMakeFiles/skf_gw.dir/source/src/general/app_io.c.o
LOAD CMakeFiles/skf_gw.dir/source/src/ble/app_hci_evt_mgmt_new.c.o
LOAD CMakeFiles/skf_gw.dir/source/src/common/bt_hcitool.c.o
LOAD CMakeFiles/skf_gw.dir/source/src/cjson/cJSON.c.o
LOAD CMakeFiles/skf_gw.dir/source/src/cjson/cJSON_Utils.c.o
LOAD CMakeFiles/skf_gw.dir/source/src/cjson/jsonbuild.c.o
LOAD CMakeFiles/skf_gw.dir/source/src/cjson/jsonparse.c.o
LOAD CMakeFiles/skf_gw.dir/source/src/cjson/cjson_test.c.o
LOAD CMakeFiles/skf_gw.dir/home/forlinx/GW/GW/skf_gw_mqtt/middleware/nanopb_protocol/Common.pb.c.o
LOAD CMakeFiles/skf_gw.dir/home/forlinx/GW/GW/skf_gw_mqtt/middleware/nanopb_protocol/DeviceAppBulletGateway.pb.c.o
LOAD CMakeFiles/skf_gw.dir/home/forlinx/GW/GW/skf_gw_mqtt/middleware/nanopb_protocol/Froto.pb.c.o
LOAD CMakeFiles/skf_gw.dir/home/forlinx/GW/GW/skf_gw_mqtt/middleware/nanopb_protocol/SensingDataUpload.pb.c.o
LOAD CMakeFiles/skf_gw.dir/home/forlinx/GW/GW/skf_gw_mqtt/middleware/nanopb_protocol/FirmwareUpdateOverTheAir.pb.c.o
LOAD CMakeFiles/skf_gw.dir/home/forlinx/GW/GW/skf_gw_mqtt/middleware/nanopb_protocol/ConfigurationAndCommand.pb.c.o
LOAD CMakeFiles/skf_gw.dir/home/forlinx/GW/GW/skf_gw_mqtt/middleware/nanopb_protocol/Debug.pb.c.o
LOAD CMakeFiles/skf_gw.dir/home/forlinx/GW/GW/skf_gw_mqtt/middleware/protobuf/pb_common.c.o
LOAD CMakeFiles/skf_gw.dir/home/forlinx/GW/GW/skf_gw_mqtt/middleware/protobuf/pb_decode.c.o
LOAD CMakeFiles/skf_gw.dir/home/forlinx/GW/GW/skf_gw_mqtt/middleware/protobuf/pb_encode.c.o
LOAD CMakeFiles/skf_gw.dir/home/forlinx/GW/GW/skf_gw_mqtt/middleware/common/auxiliar.c.o
LOAD CMakeFiles/skf_gw.dir/source/monitor/a2dp.c.o
LOAD CMakeFiles/skf_gw.dir/source/monitor/analyze.c.o
LOAD CMakeFiles/skf_gw.dir/source/monitor/att.c.o
LOAD CMakeFiles/skf_gw.dir/source/monitor/avctp.c.o
LOAD CMakeFiles/skf_gw.dir/source/monitor/avdtp.c.o
LOAD CMakeFiles/skf_gw.dir/source/monitor/bnep.c.o
LOAD CMakeFiles/skf_gw.dir/source/monitor/broadcom.c.o
LOAD CMakeFiles/skf_gw.dir/source/monitor/btmon_main.c.o
LOAD CMakeFiles/skf_gw.dir/source/monitor/control.c.o
LOAD CMakeFiles/skf_gw.dir/source/monitor/crc.c.o
LOAD CMakeFiles/skf_gw.dir/source/monitor/display.c.o
LOAD CMakeFiles/skf_gw.dir/source/monitor/ellisys.c.o
LOAD CMakeFiles/skf_gw.dir/source/monitor/hcidump.c.o
LOAD CMakeFiles/skf_gw.dir/source/monitor/hwdb.c.o
LOAD CMakeFiles/skf_gw.dir/source/monitor/intel.c.o
LOAD CMakeFiles/skf_gw.dir/source/monitor/jlink.c.o
LOAD CMakeFiles/skf_gw.dir/source/monitor/keys.c.o
LOAD CMakeFiles/skf_gw.dir/source/monitor/l2cap.c.o
LOAD CMakeFiles/skf_gw.dir/source/monitor/ll.c.o
LOAD CMakeFiles/skf_gw.dir/source/monitor/lmp.c.o
LOAD CMakeFiles/skf_gw.dir/source/monitor/msft.c.o
LOAD CMakeFiles/skf_gw.dir/source/monitor/packet.c.o
LOAD CMakeFiles/skf_gw.dir/source/monitor/rfcomm.c.o
LOAD CMakeFiles/skf_gw.dir/source/monitor/sdp.c.o
LOAD CMakeFiles/skf_gw.dir/source/monitor/vendor.c.o
LOAD CMakeFiles/skf_gw.dir/source/monitor/textfile.c.o
LOAD ../source/libell_for_OK62xx/libell/lib/libell.so.0
LOAD /home/forlinx/work/OK62xx-linux-sdk/OK62xx-linux-fs/rootfs/usr/lib/libdl.a
LOAD /home/forlinx/work/OK62xx-linux-sdk/OK62xx-linux-fs/rootfs/usr/lib/librt.so
LOAD ../source/monitor/lib_bluez/libshared-mainloop.a
LOAD ../source/monitor/lib_bluez/libglib-2.0.so
LOAD ../source/monitor/lib_bluez/libbluetooth-internal.a
LOAD /home/forlinx/work/OK62xx-linux-sdk/OK62xx-linux-fs/rootfs/lib/libusb-1.0.so
LOAD /home/forlinx/work/OK62xx-linux-sdk/OK62xx-linux-fs/rootfs/lib/libudev.so
LOAD /home/forlinx/work/OK62xx-linux-sdk/external-toolchain-dir/arm-gnu-toolchain-11.3.rel1-x86_64-aarch64-none-linux-gnu/bin/../aarch64-none-linux-gnu/libc/usr/lib/../lib64/libm.so
LOAD /home/forlinx/work/OK62xx-linux-sdk/external-toolchain-dir/arm-gnu-toolchain-11.3.rel1-x86_64-aarch64-none-linux-gnu/bin/../lib/gcc/aarch64-none-linux-gnu/11.3.1/libgcc.a
LOAD /home/forlinx/work/OK62xx-linux-sdk/external-toolchain-dir/arm-gnu-toolchain-11.3.rel1-x86_64-aarch64-none-linux-gnu/bin/../lib/gcc/aarch64-none-linux-gnu/11.3.1/../../../../aarch64-none-linux-gnu/lib/../lib64/libgcc_s.so
START GROUP
LOAD /home/forlinx/work/OK62xx-linux-sdk/external-toolchain-dir/arm-gnu-toolchain-11.3.rel1-x86_64-aarch64-none-linux-gnu/bin/../lib/gcc/aarch64-none-linux-gnu/11.3.1/../../../../aarch64-none-linux-gnu/lib/../lib64/libgcc_s.so.1
LOAD /home/forlinx/work/OK62xx-linux-sdk/external-toolchain-dir/arm-gnu-toolchain-11.3.rel1-x86_64-aarch64-none-linux-gnu/bin/../lib/gcc/aarch64-none-linux-gnu/11.3.1/libgcc.a
END GROUP
LOAD /home/forlinx/work/OK62xx-linux-sdk/external-toolchain-dir/arm-gnu-toolchain-11.3.rel1-x86_64-aarch64-none-linux-gnu/bin/../aarch64-none-linux-gnu/libc/usr/lib/../lib64/libc.so
START GROUP
LOAD /home/forlinx/work/OK62xx-linux-sdk/external-toolchain-dir/arm-gnu-toolchain-11.3.rel1-x86_64-aarch64-none-linux-gnu/bin/../aarch64-none-linux-gnu/libc/lib64/libc.so.6
LOAD /home/forlinx/work/OK62xx-linux-sdk/external-toolchain-dir/arm-gnu-toolchain-11.3.rel1-x86_64-aarch64-none-linux-gnu/bin/../aarch64-none-linux-gnu/libc/usr/lib64/libc_nonshared.a
LOAD /home/forlinx/work/OK62xx-linux-sdk/external-toolchain-dir/arm-gnu-toolchain-11.3.rel1-x86_64-aarch64-none-linux-gnu/bin/../aarch64-none-linux-gnu/libc/lib/ld-linux-aarch64.so.1
END GROUP
LOAD /home/forlinx/work/OK62xx-linux-sdk/external-toolchain-dir/arm-gnu-toolchain-11.3.rel1-x86_64-aarch64-none-linux-gnu/bin/../lib/gcc/aarch64-none-linux-gnu/11.3.1/libgcc.a
LOAD /home/forlinx/work/OK62xx-linux-sdk/external-toolchain-dir/arm-gnu-toolchain-11.3.rel1-x86_64-aarch64-none-linux-gnu/bin/../lib/gcc/aarch64-none-linux-gnu/11.3.1/../../../../aarch64-none-linux-gnu/lib/../lib64/libgcc_s.so
START GROUP
LOAD /home/forlinx/work/OK62xx-linux-sdk/external-toolchain-dir/arm-gnu-toolchain-11.3.rel1-x86_64-aarch64-none-linux-gnu/bin/../lib/gcc/aarch64-none-linux-gnu/11.3.1/../../../../aarch64-none-linux-gnu/lib/../lib64/libgcc_s.so.1
LOAD /home/forlinx/work/OK62xx-linux-sdk/external-toolchain-dir/arm-gnu-toolchain-11.3.rel1-x86_64-aarch64-none-linux-gnu/bin/../lib/gcc/aarch64-none-linux-gnu/11.3.1/libgcc.a
END GROUP
LOAD /home/forlinx/work/OK62xx-linux-sdk/external-toolchain-dir/arm-gnu-toolchain-11.3.rel1-x86_64-aarch64-none-linux-gnu/bin/../lib/gcc/aarch64-none-linux-gnu/11.3.1/crtend.o
LOAD /home/forlinx/work/OK62xx-linux-sdk/external-toolchain-dir/arm-gnu-toolchain-11.3.rel1-x86_64-aarch64-none-linux-gnu/bin/../aarch64-none-linux-gnu/libc/usr/lib/../lib64/crtn.o
                [!provide]                        PROVIDE (__executable_start = SEGMENT_START ("text-segment", 0x400000))
                0x0000000000400238                . = (SEGMENT_START ("text-segment", 0x400000) + SIZEOF_HEADERS)

.interp         0x0000000000400238       0x1b
 *(.interp)
 .interp        0x0000000000400238       0x1b /home/forlinx/work/OK62xx-linux-sdk/external-toolchain-dir/arm-gnu-toolchain-11.3.rel1-x86_64-aarch64-none-linux-gnu/bin/../aarch64-none-linux-gnu/libc/usr/lib/../lib64/crt1.o

.note.ABI-tag   0x0000000000400254       0x20
 .note.ABI-tag  0x0000000000400254       0x20 /home/forlinx/work/OK62xx-linux-sdk/external-toolchain-dir/arm-gnu-toolchain-11.3.rel1-x86_64-aarch64-none-linux-gnu/bin/../aarch64-none-linux-gnu/libc/usr/lib/../lib64/crt1.o

.note.gnu.build-id
 *(.note.gnu.build-id)

.hash           0x0000000000400278      0x8a8
 *(.hash)
 .hash          0x0000000000400278      0x8a8 /home/forlinx/work/OK62xx-linux-sdk/external-toolchain-dir/arm-gnu-toolchain-11.3.rel1-x86_64-aarch64-none-linux-gnu/bin/../aarch64-none-linux-gnu/libc/usr/lib/../lib64/crt1.o

.gnu.hash       0x0000000000400b20       0x44
 *(.gnu.hash)
 .gnu.hash      0x0000000000400b20       0x44 /home/forlinx/work/OK62xx-linux-sdk/external-toolchain-dir/arm-gnu-toolchain-11.3.rel1-x86_64-aarch64-none-linux-gnu/bin/../aarch64-none-linux-gnu/libc/usr/lib/../lib64/crt1.o

.dynsym         0x0000000000400b68     0x1b18
 *(.dynsym)
 .dynsym        0x0000000000400b68     0x1b18 /home/forlinx/work/OK62xx-linux-sdk/external-toolchain-dir/arm-gnu-toolchain-11.3.rel1-x86_64-aarch64-none-linux-gnu/bin/../aarch64-none-linux-gnu/libc/usr/lib/../lib64/crt1.o

.dynstr         0x0000000000402680     0x107c
 *(.dynstr)
 .dynstr        0x0000000000402680     0x107c /home/forlinx/work/OK62xx-linux-sdk/external-toolchain-dir/arm-gnu-toolchain-11.3.rel1-x86_64-aarch64-none-linux-gnu/bin/../aarch64-none-linux-gnu/libc/usr/lib/../lib64/crt1.o

.gnu.version    0x00000000004036fc      0x242
 *(.gnu.version)
 .gnu.version   0x00000000004036fc      0x242 /home/forlinx/work/OK62xx-linux-sdk/external-toolchain-dir/arm-gnu-toolchain-11.3.rel1-x86_64-aarch64-none-linux-gnu/bin/../aarch64-none-linux-gnu/libc/usr/lib/../lib64/crt1.o

.gnu.version_d  0x0000000000403940        0x0
 *(.gnu.version_d)
 .gnu.version_d
                0x0000000000403940        0x0 /home/forlinx/work/OK62xx-linux-sdk/external-toolchain-dir/arm-gnu-toolchain-11.3.rel1-x86_64-aarch64-none-linux-gnu/bin/../aarch64-none-linux-gnu/libc/usr/lib/../lib64/crt1.o

.gnu.version_r  0x0000000000403940       0x70
 *(.gnu.version_r)
 .gnu.version_r
                0x0000000000403940       0x70 /home/forlinx/work/OK62xx-linux-sdk/external-toolchain-dir/arm-gnu-toolchain-11.3.rel1-x86_64-aarch64-none-linux-gnu/bin/../aarch64-none-linux-gnu/libc/usr/lib/../lib64/crt1.o

.rela.dyn       0x00000000004039b0       0xa8
 *(.rela.init)
 *(.rela.text .rela.text.* .rela.gnu.linkonce.t.*)
 .rela.text     0x00000000004039b0        0x0 /home/forlinx/work/OK62xx-linux-sdk/external-toolchain-dir/arm-gnu-toolchain-11.3.rel1-x86_64-aarch64-none-linux-gnu/bin/../aarch64-none-linux-gnu/libc/usr/lib/../lib64/crt1.o
 *(.rela.fini)
 *(.rela.rodata .rela.rodata.* .rela.gnu.linkonce.r.*)
 .rela.rodata.cst8
                0x00000000004039b0        0x0 /home/forlinx/work/OK62xx-linux-sdk/external-toolchain-dir/arm-gnu-toolchain-11.3.rel1-x86_64-aarch64-none-linux-gnu/bin/../aarch64-none-linux-gnu/libc/usr/lib/../lib64/crt1.o
 *(.rela.data .rela.data.* .rela.gnu.linkonce.d.*)
 .rela.data.rel.ro
                0x00000000004039b0        0x0 /home/forlinx/work/OK62xx-linux-sdk/external-toolchain-dir/arm-gnu-toolchain-11.3.rel1-x86_64-aarch64-none-linux-gnu/bin/../aarch64-none-linux-gnu/libc/usr/lib/../lib64/crt1.o
 .rela.data     0x00000000004039b0        0x0 /home/forlinx/work/OK62xx-linux-sdk/external-toolchain-dir/arm-gnu-toolchain-11.3.rel1-x86_64-aarch64-none-linux-gnu/bin/../aarch64-none-linux-gnu/libc/usr/lib/../lib64/crt1.o
 *(.rela.tdata .rela.tdata.* .rela.gnu.linkonce.td.*)
 *(.rela.tbss .rela.tbss.* .rela.gnu.linkonce.tb.*)
 *(.rela.ctors)
 *(.rela.dtors)
 *(.rela.got)
 .rela.got      0x00000000004039b0       0x48 /home/forlinx/work/OK62xx-linux-sdk/external-toolchain-dir/arm-gnu-toolchain-11.3.rel1-x86_64-aarch64-none-linux-gnu/bin/../aarch64-none-linux-gnu/libc/usr/lib/../lib64/crt1.o
 *(.rela.bss .rela.bss.* .rela.gnu.linkonce.b.*)
 .rela.bss      0x00000000004039f8       0x60 /home/forlinx/work/OK62xx-linux-sdk/external-toolchain-dir/arm-gnu-toolchain-11.3.rel1-x86_64-aarch64-none-linux-gnu/bin/../aarch64-none-linux-gnu/libc/usr/lib/../lib64/crt1.o
 *(.rela.ifunc)

.rela.plt       0x0000000000403a58     0x1a70
 *(.rela.plt)
 .rela.plt      0x0000000000403a58     0x1a70 /home/forlinx/work/OK62xx-linux-sdk/external-toolchain-dir/arm-gnu-toolchain-11.3.rel1-x86_64-aarch64-none-linux-gnu/bin/../aarch64-none-linux-gnu/libc/usr/lib/../lib64/crt1.o
                [!provide]                        PROVIDE (__rela_iplt_start = .)
 *(.rela.iplt)
 .rela.iplt     0x00000000004054c8        0x0 /home/forlinx/work/OK62xx-linux-sdk/external-toolchain-dir/arm-gnu-toolchain-11.3.rel1-x86_64-aarch64-none-linux-gnu/bin/../aarch64-none-linux-gnu/libc/usr/lib/../lib64/crt1.o
                [!provide]                        PROVIDE (__rela_iplt_end = .)

.init           0x00000000004054c8       0x18
 *(SORT_NONE(.init))
 .init          0x00000000004054c8       0x10 /home/forlinx/work/OK62xx-linux-sdk/external-toolchain-dir/arm-gnu-toolchain-11.3.rel1-x86_64-aarch64-none-linux-gnu/bin/../aarch64-none-linux-gnu/libc/usr/lib/../lib64/crti.o
                0x00000000004054c8                _init
 .init          0x00000000004054d8        0x8 /home/forlinx/work/OK62xx-linux-sdk/external-toolchain-dir/arm-gnu-toolchain-11.3.rel1-x86_64-aarch64-none-linux-gnu/bin/../aarch64-none-linux-gnu/libc/usr/lib/../lib64/crtn.o

.plt            0x00000000004054e0     0x11c0
 *(.plt)
 .plt           0x00000000004054e0     0x11c0 /home/forlinx/work/OK62xx-linux-sdk/external-toolchain-dir/arm-gnu-toolchain-11.3.rel1-x86_64-aarch64-none-linux-gnu/bin/../aarch64-none-linux-gnu/libc/usr/lib/../lib64/crt1.o
                0x0000000000405500                g_utf8_validate
                0x0000000000405510                timerfd_create@@GLIBC_2.17
                0x0000000000405520                kill@@GLIBC_2.17
                0x0000000000405530                l_dbus_message_iter_get_variant@@ELL_0.10
                0x0000000000405540                fdatasync@@GLIBC_2.17
                0x0000000000405550                l_dbus_client_set_disconnect_handler@@ELL_0.10
                0x0000000000405560                l_queue_remove_if@@ELL_0.10
                0x0000000000405570                l_timeout_create@@ELL_0.10
                0x0000000000405580                getppid@@GLIBC_2.17
                0x0000000000405590                strncat@@GLIBC_2.17
                0x00000000004055a0                msgrcv@@GLIBC_2.17
                0x00000000004055b0                pthread_condattr_setclock@@GLIBC_2.34
                0x00000000004055c0                l_dbus_proxy_method_call@@ELL_0.10
                0x00000000004055d0                unlink@@GLIBC_2.17
                0x00000000004055e0                l_timeout_modify@@ELL_0.10
                0x00000000004055f0                libusb_close
                0x0000000000405600                strcspn@@GLIBC_2.17
                0x0000000000405610                l_dbus_object_remove_interface@@ELL_0.10
                0x0000000000405620                fgets@@GLIBC_2.17
                0x0000000000405630                l_queue_clear@@ELL_0.10
                0x0000000000405640                l_dbus_proxy_get_path@@ELL_0.10
                0x0000000000405650                settimeofday@@GLIBC_2.17
                0x0000000000405660                pipe@@GLIBC_2.17
                0x0000000000405670                toupper@@GLIBC_2.17
                0x0000000000405680                pthread_setcanceltype@@GLIBC_2.17
                0x0000000000405690                ftruncate@@GLIBC_2.17
                0x00000000004056a0                l_dbus_set_ready_handler@@ELL_0.10
                0x00000000004056b0                l_dbus_object_manager_enable@@ELL_0.10
                0x00000000004056c0                pthread_mutex_lock@@GLIBC_2.17
                0x00000000004056d0                libusb_open
                0x00000000004056e0                l_dbus_message_get_error@@ELL_0.10
                0x00000000004056f0                l_dbus_name_acquire@@ELL_0.10
                0x0000000000405700                epoll_ctl@@GLIBC_2.17
                0x0000000000405710                clock_gettime@@GLIBC_2.17
                0x0000000000405720                pthread_cond_init@@GLIBC_2.17
                0x0000000000405730                time@@GLIBC_2.17
                0x0000000000405740                l_dbus_message_new_error@@ELL_0.10
                0x0000000000405750                strtok@@GLIBC_2.17
                0x0000000000405760                l_dbus_message_iter_get_fixed_array@@ELL_0.10
                0x0000000000405770                l_queue_new@@ELL_0.10
                0x0000000000405780                l_log_set_null@@ELL_0.10
                0x00000000004057a0                setenv@@GLIBC_2.17
                0x00000000004057b0                l_strdup_printf@@ELL_0.10
                0x00000000004057c0                l_io_set_close_on_destroy@@ELL_0.10
                0x00000000004057d0                l_dbus_client_set_proxy_handlers@@ELL_0.10
                0x00000000004057e0                strsep@@GLIBC_2.17
                0x00000000004057f0                rename@@GLIBC_2.17
                0x0000000000405800                strtod@@GLIBC_2.17
                0x0000000000405810                atoi@@GLIBC_2.17
                0x0000000000405820                l_dbus_message_builder_append_basic@@ELL_0.10
                0x0000000000405830                g_strdup
                0x0000000000405840                l_main_init@@ELL_0.10
                0x0000000000405850                fstat@@GLIBC_2.33
                0x0000000000405860                l_main_run_with_signal@@ELL_0.10
                0x0000000000405870                pthread_cond_broadcast@@GLIBC_2.17
                0x0000000000405880                l_queue_remove@@ELL_0.10
                0x0000000000405890                l_dbus_message_builder_finalize@@ELL_0.10
                0x00000000004058a0                readlink@@GLIBC_2.17
                0x00000000004058b0                getpid@@GLIBC_2.17
                0x00000000004058c0                l_queue_find@@ELL_0.10
                0x00000000004058d0                socket@@GLIBC_2.17
                0x00000000004058e0                libusb_get_device_list
                0x00000000004058f0                strcat@@GLIBC_2.17
                0x0000000000405900                snprintf@@GLIBC_2.17
                0x0000000000405910                strncasecmp@@GLIBC_2.17
                0x0000000000405920                l_dbus_client_set_connect_handler@@ELL_0.10
                0x0000000000405930                putchar@@GLIBC_2.17
                0x0000000000405940                sem_destroy@@GLIBC_2.34
                0x0000000000405950                pthread_exit@@GLIBC_2.17
                0x0000000000405960                msgctl@@GLIBC_2.17
                0x0000000000405970                l_dbus_message_unref@@ELL_0.10
                0x0000000000405980                fprintf@@GLIBC_2.17
                0x0000000000405990                sigaction@@GLIBC_2.17
                0x00000000004059a0                __cmsg_nxthdr@@GLIBC_2.17
                0x00000000004059b0                memcpy@@GLIBC_2.17
                0x00000000004059c0                htons@@GLIBC_2.17
                0x00000000004059d0                sem_getvalue@@GLIBC_2.34
                0x00000000004059e0                sem_wait@@GLIBC_2.34
                0x00000000004059f0                __ctype_b_loc@@GLIBC_2.17
                0x0000000000405a00                strcasestr@@GLIBC_2.17
                0x0000000000405a10                timer_settime@@GLIBC_2.34
                0x0000000000405a20                l_dbus_unregister_interface@@ELL_0.10
                0x0000000000405a30                fsync@@GLIBC_2.17
                0x0000000000405a40                strncpy@@GLIBC_2.17
                0x0000000000405a50                l_dbus_object_add_interface@@ELL_0.10
                0x0000000000405a60                l_dbus_register_interface@@ELL_0.10
                0x0000000000405a70                realloc@@GLIBC_2.17
                0x0000000000405a80                exit@@GLIBC_2.17
                0x0000000000405a90                __libc_current_sigrtmin@@GLIBC_2.17
                0x0000000000405aa0                flock@@GLIBC_2.17
                0x0000000000405ab0                munmap@@GLIBC_2.17
                0x0000000000405ac0                dup2@@GLIBC_2.17
                0x0000000000405ad0                l_dbus_message_set_arguments@@ELL_0.10
                0x0000000000405ae0                strftime@@GLIBC_2.17
                0x0000000000405af0                strrchr@@GLIBC_2.17
                0x0000000000405b00                l_dbus_message_ref@@ELL_0.10
                0x0000000000405b10                localtime_r@@GLIBC_2.17
                0x0000000000405b20                execl@@GLIBC_2.17
                0x0000000000405b30                l_queue_peek_tail@@ELL_0.10
                0x0000000000405b40                g_strndup
                0x0000000000405b50                sync@@GLIBC_2.17
                0x0000000000405b60                sleep@@GLIBC_2.17
                0x0000000000405b70                getopt_long@@GLIBC_2.17
                0x0000000000405b80                shutdown@@GLIBC_2.17
                0x0000000000405b90                gmtime@@GLIBC_2.17
                0x0000000000405ba0                l_dbus_client_new@@ELL_0.10
                0x0000000000405bb0                strstr@@GLIBC_2.17
                0x0000000000405bc0                signalfd@@GLIBC_2.17
                0x0000000000405bd0                sigaddset@@GLIBC_2.17
                0x0000000000405be0                _exit@@GLIBC_2.17
                0x0000000000405bf0                ntohs@@GLIBC_2.17
                0x0000000000405c00                pclose@@GLIBC_2.17
                0x0000000000405c10                getsockopt@@GLIBC_2.17
                0x0000000000405c20                pthread_create@@GLIBC_2.34
                0x0000000000405c30                l_io_new@@ELL_0.10
                0x0000000000405c40                mmap@@GLIBC_2.17
                0x0000000000405c50                l_queue_foreach_remove@@ELL_0.10
                0x0000000000405c60                l_dbus_interface_method@@ELL_0.10
                0x0000000000405c70                ffsll@@GLIBC_2.17
                0x0000000000405c80                wait@@GLIBC_2.17
                0x0000000000405c90                l_timeout_remove@@ELL_0.10
                0x0000000000405ca0                __isoc99_sscanf@@GLIBC_2.17
                0x0000000000405cb0                strncmp@@GLIBC_2.17
                0x0000000000405cc0                access@@GLIBC_2.17
                0x0000000000405cd0                l_dbus_message_get_member@@ELL_0.10
                0x0000000000405ce0                abort@@GLIBC_2.17
                0x0000000000405cf0                msgsnd@@GLIBC_2.17
                0x0000000000405d00                __isoc99_fscanf@@GLIBC_2.17
                0x0000000000405d10                pthread_condattr_init@@GLIBC_2.17
                0x0000000000405d20                l_main_exit@@ELL_0.10
                0x0000000000405d30                pthread_kill@@GLIBC_2.34
                0x0000000000405d40                l_dbus_proxy_get_interface@@ELL_0.10
                0x0000000000405d50                strspn@@GLIBC_2.17
                0x0000000000405d60                usleep@@GLIBC_2.17
                0x0000000000405d70                fflush@@GLIBC_2.17
                0x0000000000405d80                libusb_exit
                0x0000000000405d90                l_dbus_property_changed@@ELL_0.10
                0x0000000000405da0                pthread_mutex_destroy@@GLIBC_2.17
                0x0000000000405db0                getrandom@@GLIBC_2.25
                0x0000000000405dc0                l_io_get_fd@@ELL_0.10
                0x0000000000405dd0                writev@@GLIBC_2.17
                0x0000000000405de0                libusb_init
                0x0000000000405df0                __errno_location@@GLIBC_2.17
                0x0000000000405e00                recv@@GLIBC_2.17
                0x0000000000405e10                prctl@@GLIBC_2.17
                0x0000000000405e20                read@@GLIBC_2.17
                0x0000000000405e30                sigprocmask@@GLIBC_2.17
                0x0000000000405e40                l_dbus_message_builder_enter_array@@ELL_0.10
                0x0000000000405e50                perror@@GLIBC_2.17
                0x0000000000405e60                pthread_cond_wait@@GLIBC_2.17
                0x0000000000405e70                system@@GLIBC_2.17
                0x0000000000405e80                fork@@GLIBC_2.17
                0x0000000000405e90                l_dbus_method_call@@ELL_0.10
                0x0000000000405ea0                dlopen@@GLIBC_2.34
                0x0000000000405eb0                fopen@@GLIBC_2.17
                0x0000000000405ec0                sem_init@@GLIBC_2.34
                0x0000000000405ed0                tolower@@GLIBC_2.17
                0x0000000000405ee0                listen@@GLIBC_2.17
                0x0000000000405ef0                l_dbus_message_builder_enter_variant@@ELL_0.10
                0x0000000000405f00                l_dbus_proxy_set_property@@ELL_0.10
                0x0000000000405f10                waitid@@GLIBC_2.17
                0x0000000000405f20                write@@GLIBC_2.17
                0x0000000000405f30                socketpair@@GLIBC_2.17
                0x0000000000405f40                pthread_cond_destroy@@GLIBC_2.17
                0x0000000000405f50                l_dbus_message_iter_next_entry@@ELL_0.10
                0x0000000000405f60                vprintf@@GLIBC_2.17
                0x0000000000405f70                l_dbus_client_set_ready_handler@@ELL_0.10
                0x0000000000405f80                g_strchomp
                0x0000000000405f90                __getauxval@@GLIBC_2.17
                0x0000000000405fa0                poll@@GLIBC_2.17
                0x0000000000405fb0                l_free@@ELL_0.10
                0x0000000000405fc0                l_queue_push_tail@@ELL_0.10
                0x0000000000405fd0                atof@@GLIBC_2.17
                0x0000000000405fe0                l_dbus_message_builder_leave_dict@@ELL_0.10
                0x0000000000405ff0                memcmp@@GLIBC_2.17
                0x0000000000406000                ftok@@GLIBC_2.17
                0x0000000000406010                l_strdup@@ELL_0.10
                0x0000000000406020                l_io_destroy@@ELL_0.10
                0x0000000000406030                fseek@@GLIBC_2.17
                0x0000000000406040                malloc@@GLIBC_2.17
                0x0000000000406050                l_dbus_remove_watch@@ELL_0.10
                0x0000000000406060                timerfd_settime@@GLIBC_2.17
                0x0000000000406070                sem_post@@GLIBC_2.34
                0x0000000000406080                sigemptyset@@GLIBC_2.17
                0x0000000000406090                l_io_set_disconnect_handler@@ELL_0.10
                0x00000000004060a0                g_strchug
                0x00000000004060b0                l_dbus_message_builder_leave_variant@@ELL_0.10
                0x00000000004060c0                l_dbus_destroy@@ELL_0.10
                0x00000000004060d0                l_malloc@@ELL_0.10
                0x00000000004060e0                geteuid@@GLIBC_2.17
                0x00000000004060f0                l_dbus_message_builder_destroy@@ELL_0.10
                0x0000000000406100                l_queue_pop_head@@ELL_0.10
                0x0000000000406110                send@@GLIBC_2.17
                0x0000000000406120                bind@@GLIBC_2.17
                0x0000000000406130                l_io_set_read_handler@@ELL_0.10
                0x0000000000406140                l_dbus_send@@ELL_0.10
                0x0000000000406150                pthread_mutex_init@@GLIBC_2.17
                0x0000000000406160                l_dbus_message_new_method_return@@ELL_0.10
                0x0000000000406170                waitpid@@GLIBC_2.17
                0x0000000000406180                fclose@@GLIBC_2.17
                0x0000000000406190                cfmakeraw@@GLIBC_2.17
                0x00000000004061a0                pthread_cond_signal@@GLIBC_2.17
                0x00000000004061b0                isatty@@GLIBC_2.17
                0x00000000004061c0                ioctl@@GLIBC_2.17
                0x00000000004061d0                ntohl@@GLIBC_2.17
                0x00000000004061e0                l_dbus_message_get_arguments@@ELL_0.10
                0x00000000004061f0                l_queue_length@@ELL_0.10
                0x0000000000406200                strtoul@@GLIBC_2.17
                0x0000000000406210                tcflush@@GLIBC_2.17
                0x0000000000406220                msgget@@GLIBC_2.17
                0x0000000000406230                pthread_mutex_unlock@@GLIBC_2.17
                0x0000000000406240                epoll_create1@@GLIBC_2.17
                0x0000000000406250                strcmp@@GLIBC_2.17
                0x0000000000406260                strtol@@GLIBC_2.17
                0x0000000000406270                l_dbus_set_disconnect_handler@@ELL_0.10
                0x0000000000406280                l_dbus_message_builder_new@@ELL_0.10
                0x0000000000406290                recvmsg@@GLIBC_2.17
                0x00000000004062a0                timer_create@@GLIBC_2.34
                0x00000000004062b0                l_queue_destroy@@ELL_0.10
                0x00000000004062c0                l_queue_foreach@@ELL_0.10
                0x00000000004062d0                l_log_with_location@@ELL_0.10
                0x00000000004062e0                l_dbus_message_is_error@@ELL_0.10
                0x00000000004062f0                l_strfreev@@ELL_0.10
                0x0000000000406300                libusb_get_device_descriptor
                0x0000000000406310                strdup@@GLIBC_2.17
                0x0000000000406320                calloc@@GLIBC_2.17
                0x0000000000406330                getenv@@GLIBC_2.17
                0x0000000000406340                vsnprintf@@GLIBC_2.17
                0x0000000000406350                popen@@GLIBC_2.17
                0x0000000000406360                setsockopt@@GLIBC_2.17
                0x0000000000406370                gettimeofday@@GLIBC_2.17
                0x0000000000406380                l_dbus_add_service_watch@@ELL_0.10
                0x0000000000406390                strchr@@GLIBC_2.17
                0x00000000004063a0                statfs@@GLIBC_2.17
                0x00000000004063b0                l_dbus_proxy_get_property@@ELL_0.10
                0x00000000004063c0                l_queue_get_entries@@ELL_0.10
                0x00000000004063d0                mkdir@@GLIBC_2.17
                0x00000000004063e0                pthread_setcancelstate@@GLIBC_2.17
                0x00000000004063f0                memchr@@GLIBC_2.17
                0x0000000000406400                accept@@GLIBC_2.17
                0x0000000000406410                l_main_quit@@ELL_0.10
                0x0000000000406420                timer_delete@@GLIBC_2.34
                0x0000000000406430                l_dbus_message_builder_leave_array@@ELL_0.10
                0x0000000000406440                pthread_cond_timedwait@@GLIBC_2.17
                0x0000000000406450                free@@GLIBC_2.17
                0x0000000000406460                puts@@GLIBC_2.17
                0x0000000000406470                tcsetattr@@GLIBC_2.17
                0x0000000000406480                dlsym@@GLIBC_2.34
                0x0000000000406490                epoll_wait@@GLIBC_2.17
                0x00000000004064a0                strerror@@GLIBC_2.17
                0x00000000004064b0                sendmsg@@GLIBC_2.17
                0x00000000004064c0                sprintf@@GLIBC_2.17
                0x00000000004064d0                lstat@@GLIBC_2.33
                0x00000000004064e0                lseek@@GLIBC_2.17
                0x00000000004064f0                fwrite@@GLIBC_2.17
                0x0000000000406500                inet_addr@@GLIBC_2.17
                0x0000000000406510                l_dbus_new_default@@ELL_0.10
                0x0000000000406520                printf@@GLIBC_2.17
                0x0000000000406530                strcpy@@GLIBC_2.17
                0x0000000000406540                memmove@@GLIBC_2.17
                0x0000000000406550                cfsetspeed@@GLIBC_2.17
                0x0000000000406560                close@@GLIBC_2.17
                0x0000000000406570                vfprintf@@GLIBC_2.17
                0x0000000000406580                __libc_start_main@@GLIBC_2.34
                0x0000000000406590                l_dbus_interface_property@@ELL_0.10
                0x00000000004065a0                connect@@GLIBC_2.17
                0x00000000004065b0                pthread_mutex_trylock@@GLIBC_2.34
                0x00000000004065c0                stat@@GLIBC_2.33
                0x00000000004065d0                l_dbus_message_builder_enter_dict@@ELL_0.10
                0x00000000004065e0                strlen@@GLIBC_2.17
                0x00000000004065f0                strcasecmp@@GLIBC_2.17
                0x0000000000406600                htonl@@GLIBC_2.17
                0x0000000000406610                srand@@GLIBC_2.17
                0x0000000000406620                l_dbus_client_destroy@@ELL_0.10
                0x0000000000406630                open@@GLIBC_2.17
                0x0000000000406640                execlp@@GLIBC_2.17
                0x0000000000406650                l_strsplit@@ELL_0.10
                0x0000000000406660                memset@@GLIBC_2.17
                0x0000000000406670                libusb_get_string_descriptor_ascii
                0x0000000000406680                l_queue_push_head@@ELL_0.10
                0x0000000000406690                dlclose@@GLIBC_2.34
 *(.iplt)
 .iplt          0x00000000004066a0        0x0 /home/forlinx/work/OK62xx-linux-sdk/external-toolchain-dir/arm-gnu-toolchain-11.3.rel1-x86_64-aarch64-none-linux-gnu/bin/../aarch64-none-linux-gnu/libc/usr/lib/../lib64/crt1.o

.text           0x00000000004066c0   0x13dc74
 *(.text.unlikely .text.*_unlikely .text.unlikely.*)
 *(.text.exit .text.exit.*)
 *(.text.startup .text.startup.*)
 .text.startup  0x00000000004066c0       0x24 /home/forlinx/work/OK62xx-linux-sdk/external-toolchain-dir/arm-gnu-toolchain-11.3.rel1-x86_64-aarch64-none-linux-gnu/bin/../lib/gcc/aarch64-none-linux-gnu/11.3.1/libgcc.a(lse-init.o)
 *(.text.hot .text.hot.*)
 *(SORT_BY_NAME(.text.sorted.*))
 *(.text .stub .text.* .gnu.linkonce.t.*)
 *fill*         0x00000000004066e4       0x1c 1f2003d5
 .text          0x0000000000406700       0x44 /home/forlinx/work/OK62xx-linux-sdk/external-toolchain-dir/arm-gnu-toolchain-11.3.rel1-x86_64-aarch64-none-linux-gnu/bin/../aarch64-none-linux-gnu/libc/usr/lib/../lib64/crt1.o
                0x0000000000406700                _start
                0x0000000000406740                _dl_relocate_static_pie
 .text          0x0000000000406744       0x14 /home/forlinx/work/OK62xx-linux-sdk/external-toolchain-dir/arm-gnu-toolchain-11.3.rel1-x86_64-aarch64-none-linux-gnu/bin/../aarch64-none-linux-gnu/libc/usr/lib/../lib64/crti.o
 *fill*         0x0000000000406758        0x8 1f2003d5
 .text          0x0000000000406760       0xa4 /home/forlinx/work/OK62xx-linux-sdk/external-toolchain-dir/arm-gnu-toolchain-11.3.rel1-x86_64-aarch64-none-linux-gnu/bin/../lib/gcc/aarch64-none-linux-gnu/11.3.1/crtbegin.o
 .text          0x0000000000406804      0x82c CMakeFiles/skf_gw.dir/source/src/common/util_dbg.c.o
                0x0000000000406804                util_dbg_get_curr_time
                0x0000000000406868                util_dbg_buf_dump
                0x0000000000406a70                util_dbg_fill_froto_msg
                0x0000000000406bc8                util_dbg_release_froto_msg
                0x0000000000406c54                util_dbg_copy_file
 .text          0x0000000000407030     0x5164 CMakeFiles/skf_gw.dir/source/src/general/froto/app_froto_new.c.o
                0x0000000000407030                app_froto_n_init
                0x0000000000407bbc                app_froto_gabage_clean
                0x0000000000407ffc                app_froto_n_parser
                0x00000000004085cc                app_froto_n_get_message_type
                0x0000000000409a28                app_froto_n_send_with_reply
                0x000000000040a110                app_froto_n_send_with_multiple_replies_first_half
                0x000000000040a844                app_froto_n_send_with_multiple_replies_second_half
                0x000000000040aff8                app_froto_n_simple_send
                0x000000000040b0f4                app_froto_n_get_message_type_server
 .text          0x000000000040c194     0x3840 CMakeFiles/skf_gw.dir/source/src/general/froto/app_froto_common.c.o
                0x000000000040c194                app_froto_allocate_msg_seq_no
                0x000000000040c1c0                froto_crc32
                0x000000000040c248                protobuf_enc_bytes_callback
                0x000000000040c2ec                protobuf_enc_repeated_mtype_callback
                0x000000000040c5d0                protobuf_enc_repeated_stype_callback
                0x000000000040c86c                protobuf_enc_repeated_specific_conf_callback
                0x000000000040cb0c                protobuf_enc_repeated_fscheduler_conf_callback
                0x000000000040cda8                protobuf_enc_repeated_conf_pair_callback
                0x000000000040d418                protobuf_enc_timearray_callback
                0x000000000040d6b8                protobuf_dec_bytes_callback
                0x000000000040d758                protobuf_dec_acked_seq_number_callback
                0x000000000040d968                protobuf_dec_timearray_callback
                0x000000000040db78                protobuf_dec_data_pair_callback
                0x000000000040ee50                protobuf_dec_config_pair_callback
 .text          0x000000000040f9d4     0x17f0 CMakeFiles/skf_gw.dir/source/src/general/froto/decoder/app_froto_data_upload_decoder.c.o
                0x000000000040f9d4                app_froto_data_upload_parser
 .text          0x00000000004111c4     0x6a00 CMakeFiles/skf_gw.dir/source/src/general/froto/decoder/app_froto_config_decoder.c.o
                0x00000000004111c4                app_froto_config_hash_upload_parser
                0x00000000004124e0                app_froto_specific_config_upload_parser
                0x00000000004147c0                app_froto_config_dissem_parser
                0x0000000000416aa0                app_froto_config_retrieve_parser
 .text          0x0000000000417bc4     0x7220 CMakeFiles/skf_gw.dir/source/src/general/froto/decoder/app_froto_fuota_decoder.c.o
                0x0000000000417bc4                app_froto_current_version_upload_parser
                0x0000000000418e40                app_froto_fuota_status_parser
                0x000000000041a0bc                app_froto_image_block_request_parser
                0x000000000041b3e0                app_froto_image_block_retrieve_parser
                0x000000000041c704                app_froto_file_notify_dissem_parser
                0x000000000041da48                app_froto_image_block_dissem_parser
 .text          0x000000000041ede4      0x5ac CMakeFiles/skf_gw.dir/source/src/general/froto/encoder/app_froto_command_encoder.c.o
                0x000000000041ede4                app_froto_n_encode_msg_command_dissem
 .text          0x000000000041f390     0x14e8 CMakeFiles/skf_gw.dir/source/src/general/froto/encoder/app_froto_config_encoder.c.o
                0x000000000041f390                app_froto_n_encode_msg_config_dissem
                0x0000000000420250                app_froto_n_encode_msg_config_retrieve
 .text          0x0000000000420878      0x710 CMakeFiles/skf_gw.dir/source/src/general/froto/encoder/app_froto_data_selection_encoder.c.o
                0x0000000000420878                app_froto_n_encode_msg_data_selection
 .text          0x0000000000420f88     0x22cc CMakeFiles/skf_gw.dir/source/src/general/froto/encoder/app_froto_fuota_encoder.c.o
                0x0000000000420f88                app_froto_n_encode_msg_version_retrieve
                0x0000000000421404                app_froto_n_encode_msg_fuota_notify_dissem
                0x0000000000421b94                app_froto_n_encode_msg_image_block_dissem
                0x00000000004220dc                app_froto_n_encode_msg_image_block_upload
                0x0000000000422624                app_froto_n_encode_msg_image_block_request
                0x0000000000422ad8                app_froto_n_encode_msg_file_notify_upload
 .text          0x0000000000423254     0x9de0 CMakeFiles/skf_gw.dir/source/src/general/sensorInterface/sensor_interface_insight_predict.c.o
                0x0000000000423254                registerSensorIntfInsightPredict
                0x0000000000423588                unregisterSensorIntfInsightPredict
 .text          0x000000000042d034     0x9e1c CMakeFiles/skf_gw.dir/source/src/general/sensorInterface/sensor_interface_insight_predict_pro.c.o
                0x000000000042d034                registerSensorIntfInsightPredictPro
                0x000000000042d368                unregisterSensorIntfInsightPredictPro
 .text          0x0000000000436e50     0x443c CMakeFiles/skf_gw.dir/source/src/general/serviceInterface/mobile_server_interface.c.o
                0x0000000000436e50                getMobileServiceIntf
                0x0000000000437918                thandler_BLEMobileServer
 .text          0x000000000043b28c     0x6450 CMakeFiles/skf_gw.dir/source/src/sys_def.c.o
                0x000000000043b28c                sys_init_set_dbus
                0x000000000043b3f8                sys_init_get_dbus
                0x000000000043b5c0                sys_dump_dbus_proxy_queue
                0x000000000043bd50                sys_init_set_msgid
                0x000000000043be18                sys_get_msgid_to_pro_general
                0x000000000043bea8                sys_get_msgid_from_pro_general
                0x000000000043bf38                sys_init_app_management
                0x000000000043c950                sys_destroy_app_management
                0x000000000043e1e4                sys_get_proxy_adapter1
                0x000000000043e4b8                sys_get_proxy_le_adv_manager1
                0x000000000043e540                sys_set_connected_proxy
                0x000000000043ead8                sys_get_connected_proxy
                0x000000000043eba4                sys_set_con_in_progress_flg
                0x000000000043ebd0                sys_get_con_in_progress_flg
                0x000000000043ebf0                sys_set_bluetooth_role
                0x000000000043ec14                sys_get_bluetooth_role
                0x000000000043ec9c                sys_set_gw_id_string
                0x000000000043edc4                sys_get_gw_id_string
                0x000000000043ede4                sys_set_active_bt_device
                0x000000000043ef24                sys_get_active_bt_device
                0x000000000043ef44                sys_set_bt_white_list
                0x000000000043f044                sys_get_bt_white_list
                0x000000000043f114                sys_add_proxy
                0x000000000043fbc8                sys_get_mgt
                0x0000000000440774                sys_remove_proxy
                0x0000000000441000                sys_property_changed
                0x0000000000441278                sys_get_gatt_service_queue
                0x0000000000441300                sys_get_gatt_descriptor_queue
                0x0000000000441388                sys_get_gatt_characteristic_queue
                0x0000000000441410                sys_get_mtx_for_gatt_chrc_queue
                0x0000000000441498                sys_get_devices_queue
                0x0000000000441520                sys_create_file_for_ipc
                0x0000000000441694                sys_get_gwConfig_and_dev
                0x00000000004416a0                sys_is_platform_big_endian
 .text          0x00000000004416dc     0x48b4 CMakeFiles/skf_gw.dir/source/src/bt_common.c.o
                0x0000000000441e48                bt_common_scanning_init
                0x0000000000441f5c                bt_common_scanning_deinit
                0x0000000000441f7c                bt_common_turn_on_sanning
                0x00000000004421f4                bt_common_turn_on_scanning
                0x0000000000442508                bt_com_turn_on_le_advertisement
                0x00000000004425d8                bt_com_turn_off_le_advertisement
                0x00000000004427c4                bt_common_set_powered
                0x0000000000442c98                bt_common_turn_off_scanning
                0x0000000000443280                bt_common_get_proxy_addr
                0x000000000044383c                bt_common_to_find_dev_proxy
                0x00000000004439a8                bt_common_to_find_dev_proxy_by_addrstr
                0x0000000000443a8c                refresh_white_list
                0x0000000000444068                bt_common_to_find_dev_proxy_on_white_list
                0x00000000004446f0                bt_common_to_find_dev_proxy_by_name
                0x00000000004448d8                client_charac_read_value_reply
                0x0000000000444af8                udata_destroy_for_charac_read_value
                0x0000000000444ba0                bt_common_ble_charac_readvalue
                0x0000000000445004                bt_common_rm_devices
                0x00000000004454a4                bt_common_set_gateway_id
                0x0000000000445784                bt_common_swtich_bt_connection
 .text          0x0000000000445f90      0x5c4 CMakeFiles/skf_gw.dir/source/src/sys_timer.c.o
                0x00000000004462b0                sys_timer_callback
                0x00000000004464ac                sys_timer_destroy_callback
 .text          0x0000000000446554     0x5064 CMakeFiles/skf_gw.dir/source/src/bt_advertising.c.o
                0x0000000000446554                bt_advertising_get_arguments_str
                0x000000000044692c                bt_advertising_get_nmstr
                0x0000000000446a70                bt_advertising_set_local_name
                0x0000000000446cbc                bt_advertising_set_includes_tx_power
                0x0000000000446ce8                bt_advertising_set_adv_interval
                0x0000000000446fb8                bt_advertising_set_includes_name
                0x000000000044701c                bt_advertising_set_includes_appearance
                0x0000000000447068                bt_advertising_clear_ad_info
                0x0000000000448454                bt_ad_destroy_interface
                0x00000000004484fc                bt_ad_msg_setup_for_reg_advertisement
                0x00000000004485f4                bt_ad_msg_setup_for_getll
                0x00000000004486d4                bt_ad_result_from_reg_advertisement
                0x0000000000448914                bt_ad_result_from_getall
                0x0000000000448b0c                bt_ad_destroy_for_reg_advertisement
                0x0000000000448c78                bt_advertising_register_v2
                0x00000000004493b0                bt_advertising_register
                0x0000000000449cd0                bt_ad_destroy_for_unreg_advertisement
                0x0000000000449ce4                bt_advertising_unregister
                0x000000000044a080                bt_ad_find_proxy_for_leadvertisement
                0x000000000044a128                bt_ad_register_object
                0x000000000044acdc                bt_ad_register_advertisement
                0x000000000044b3ac                bt_ad_unregister_advertisement
 .text          0x000000000044b5b8      0xe4c CMakeFiles/skf_gw.dir/source/src/ble/bt_advertising_new.c.o
                0x000000000044b5b8                bt_adv_n_get_adv_ctr
                0x000000000044b5c4                bt_adv_n_init_adv_ctr
                0x000000000044b668                bt_adv_n_set_dbus_handler
                0x000000000044b704                bt_adv_n_get_dbus_handler
                0x000000000044b798                bt_adv_n_set_adv_manager_proxy
                0x000000000044ba68                bt_adv_n_get_adv_manager_proxy
                0x000000000044bafc                bt_adv_n_set_adv_gwid_string
                0x000000000044be40                bt_adv_n_get_gwid_str
                0x000000000044bec8                bt_adv_n_turn_on_le_advertisement
                0x000000000044c1f4                bt_adv_n_turn_off_le_advertisement
 .text          0x000000000044c404     0x99b8 CMakeFiles/skf_gw.dir/source/src/ble/bt_connection_new.c.o
                0x000000000044c404                bt_con_n_get_fail_count
                0x000000000044c414                bt_con_n_set_fail_count
                0x000000000044c438                bt_con_n_get_con_ctr
                0x000000000044c444                bt_con_n_init_con_controller
                0x000000000044cb60                bt_con_n_deinit_con_controller
                0x000000000044df68                bt_con_n_disconnect_from_dev
                0x0000000000450bd8                bt_con_n_connect_to_dev
                0x0000000000452354                bt_con_n_append_dev_proxy
                0x00000000004529a8                bt_con_n_append_chr_proxy_to_queue
                0x000000000045340c                bt_con_n_remove_dev_proxy
                0x0000000000453854                bt_con_n_remove_chr_proxy_from_queue
                0x0000000000453f6c                bt_con_n_proxy_property_changed
                0x0000000000454d94                bt_con_n_service_property_changed
                0x0000000000455330                bt_con_n_dev_queue_periodic_refresh
                0x0000000000455488                bt_con_n_connect_num_fetch
                0x0000000000455818                bt_con_n_connect_idx_fetch
 .text          0x0000000000455dbc     0x4a9c CMakeFiles/skf_gw.dir/source/src/ble/bt_gatt_new.c.o
                0x0000000000455dbc                get_g_notify_io_new
                0x0000000000456240                bt_gatt_n_acquire_notify
                0x0000000000456868                bt_gatt_n_aquire_peer_tx_notification
                0x000000000045730c                bt_gatt_n_write_data_to_peer_rx
                0x00000000004584e4                sock_io_new_v1
                0x0000000000458e94                bt_gatt_n_register_local_service
                0x0000000000459920                bt_gatt_n_unregister_local_service
                0x000000000045a1bc                bt_gatt_n_write_data_to_local_tx
                0x000000000045a52c                bt_gatt_n_find_connected_dev_proxy
 .text          0x000000000045a858     0x3b90 CMakeFiles/skf_gw.dir/source/src/bt_connection.c.o
                0x000000000045aa3c                bt_con_is_dev_paired
                0x000000000045ac50                bt_con_is_dev_connected
                0x000000000045ae9c                bt_con_pair
                0x000000000045b4c8                bt_con_connect
                0x000000000045c818                bt_con_search_for_sensor_and_connect_v2
                0x000000000045ccfc                bt_con_search_for_sensor_and_connect
                0x000000000045e020                bt_con_disconnect
 .text          0x000000000045e3e8     0x11d0 CMakeFiles/skf_gw.dir/source/src/bt_agent.c.o
                0x000000000045e3e8                bt_agent_get_io_capability_string
                0x000000000045e4e0                agent_cb_request_pincode
                0x000000000045f1bc                destroy_for_agent_register
                0x000000000045f268                bt_agent_register
                0x000000000045f5b0                bt_agent_unregister
 .text          0x000000000045f5b8     0xf1b8 CMakeFiles/skf_gw.dir/source/src/bt_gatt.c.o
                0x000000000045f5b8                get_g_notify_io
                0x000000000045fa14                bt_gatt_find_characteristic
                0x000000000045fb78                bt_gatt_is_btchr_registration_done
                0x000000000046068c                bt_gatt_charac_write_value
                0x0000000000461080                bt_gatt_charac_write_value_v2
                0x00000000004621cc                sock_io_new
                0x0000000000462af4                bt_gatt_acquire_notify_v2
                0x0000000000463430                bt_gatt_release_notify
                0x0000000000467ce8                bt_gatt_register_characteristic
                0x0000000000468e78                bt_gatt_unregister_characteristic
                0x000000000046a058                bt_gatt_register_descriptor
                0x000000000046b1d4                bt_gatt_register_service
                0x000000000046b9c8                bt_gatt_unregister_service
                0x000000000046c1a8                bt_gatt_register_application
                0x000000000046c6a8                bt_gatt_unregister_application
                0x000000000046c7e4                bt_gatt_local_service_send_notification
                0x000000000046d084                bt_gatt_local_service_send_notification_v2
                0x000000000046db10                bt_gatt_charac_send_notification
                0x000000000046e030                bt_gatt_is_notification_acquired
                0x000000000046e534                bt_gatt_acquire_notify
 .text          0x000000000046e770      0x518 CMakeFiles/skf_gw.dir/source/src/app_local_service.c.o
                0x000000000046e770                app_register_local_service
 .text          0x000000000046ec88     0x743c CMakeFiles/skf_gw.dir/source/src/app_pro_general.c.o
                0x000000000046ecb4                app_pro_gen_get_wq_ipc_msg_ctr
                0x000000000046ecc0                app_pro_gen_init_ctr
                0x000000000046ed6c                app_pro_gen_deinit_ctr
                0x000000000046edc0                app_pro_gen_set_active_client_id_str
                0x000000000046ef74                app_pro_gen_get_active_client_id_str
                0x000000000046f064                app_pro_gen_get_bluetooth_role
                0x000000000046f0f0                app_pro_gen_set_msgid
                0x000000000046f1a0                app_pro_gen_get_msgid_to_pro_ble
                0x000000000046f1b8                app_pro_get_msgid_from_pro_ble
                0x000000000046f1d0                app_pro_gen_get_connection_state
                0x000000000046f1f4                app_pro_gen_set_gateway_idstr
                0x000000000046f2a4                app_pro_gen_get_gateway_idstr
                0x000000000046f2d0                app_pro_gen_get_mac_array
                0x000000000046f630                app_pro_gen_get_active_sensor_type
                0x000000000046fc8c                app_pro_gen_get_active_sensor_type_v2
                0x000000000046fcd8                app_pro_gen_update_gwconf_except_childlist
                0x000000000046febc                app_pro_gen_update_gwconf_childlist
                0x0000000000475a10                app_pro_general
 .text          0x00000000004760c4     0x7448 CMakeFiles/skf_gw.dir/source/src/general/app_pro_general_new.c.o
                0x00000000004767ac                app_pro_gen_get_ctr
                0x00000000004767b8                app_pro_gen_allocate_msg_seq_no
                0x0000000000476810                app_pro_general_n_get_con_ctr
                0x000000000047681c                app_pro_general_new
                0x000000000047b6bc                thandler_sensor_instance
                0x000000000047d0e4                app_pro_update_dev_list
                0x000000000047d420                monitor_child_process
 .text          0x000000000047d50c     0x6f38 CMakeFiles/skf_gw.dir/source/src/app_pro_ble.c.o
                0x000000000048397c                app_pro_ble
                0x0000000000483c88                app_pro_hanlder_for_cmd
 .text          0x0000000000484444     0x8620 CMakeFiles/skf_gw.dir/source/src/ble/app_pro_ble_new.c.o
                0x0000000000484860                app_pro_ble_new
 .text          0x000000000048ca64      0xf1c CMakeFiles/skf_gw.dir/source/src/main.c.o
                0x000000000048ca64                time_cbk
                0x000000000048cf54                main
 .text          0x000000000048d980     0x2490 CMakeFiles/skf_gw.dir/source/src/test_le_connect.c.o
                0x000000000048e068                app_dbus_message_func_sdmsg
                0x000000000048e1b4                app_dbus_client_proxy_result_func_recvmsg
                0x000000000048e264                app_dbus_message_func_recvmsg
                0x000000000048e568                app_dbus_message_func_sdmsg_to_set_power_on
                0x000000000048e708                app_dbus_message_func_recvmsg_from_set_power_on
                0x000000000048e7b4                app_dbus_msg_setup_for_start_discovery
                0x000000000048e870                app_dbus_msg_for_start_discovery_reply
                0x000000000048e920                app_dbus_msg_setup_for_scan_filter
                0x000000000048ea5c                app_dbus_msg_for_scan_filter_reply
                0x000000000048f874                pro_ble_handler
 .text          0x000000000048fe10     0x3bd0 CMakeFiles/skf_gw.dir/source/src/app_common.c.o
                0x000000000048fe10                app_com_get_data_trans_ctr
                0x000000000048fe1c                app_com_get_notification_trans_ctr
                0x000000000048fe28                app_com_init_data_trans_ctr
                0x0000000000490004                app_com_destroy_data_trans_ctr
                0x00000000004900b4                app_com_post_to_data_trans_queue
                0x0000000000490328                app_com_wait_for_data_trans_queue
                0x0000000000490490                app_com_release_data_unit
                0x0000000000490538                app_com_init_pthread_cond_var_ctr
                0x0000000000490938                app_com_deinit_pthread_cond_var_ctr
                0x0000000000490c40                app_com_set_network_configuration
                0x00000000004916c8                app_com_setup_system_timesyncd
                0x00000000004920d8                DH_GetDiskAvailSpaceMB
                0x00000000004922c4                app_com_init_gpio_for_lte_ctr
                0x0000000000492354                app_com_set_lte_power_supply
                0x0000000000492448                app_com_is_lte_module_attached
                0x0000000000492ad8                app_com_set_lte_con_state
                0x0000000000492d9c                app_com_get_the_best_network
                0x0000000000492db0                app_com_set_up_route_for_dhcp
                0x0000000000493244                app_com_set_up_default_route
                0x0000000000493744                app_com_set_wwan0_managed
 .text          0x00000000004939e0     0xc904 CMakeFiles/skf_gw.dir/source/src/util_froto.c.o
                0x00000000004939e0                util_froto_bullet_crc32
                0x0000000000493a68                util_froto_bullet_elfhash
                0x0000000000493d9c                util_froto_cal_config_hash_value
                0x0000000000495e60                util_froto_test
                0x000000000049615c                util_froto_encode_msg
                0x00000000004964a8                util_froto_release_encoded_msg
                0x00000000004964d4                util_froto_release_encoded_msg_v2
                0x0000000000496698                util_froto_fill_header
                0x0000000000496a94                protobuf_encode_int_array_callback
                0x0000000000498e48                util_froto_fill_msg_specific_config_dissem
                0x00000000004991d4                util_froto_fill_msg_config_dissem_set_time
                0x00000000004994c8                util_froto_fill_msg_data_selection_retrieve_battery
                0x00000000004998a4                util_froto_fill_msg_data_selection_retrieve_data
                0x0000000000499d48                util_froto_fill_msg_data_selection
                0x000000000049a198                util_froto_fill_msg_data_selection_v2
                0x000000000049a604                util_froto_fill_msg_data_selection_v3
                0x000000000049aa28                util_froto_fill_msg_data_selection_with_mtype_msg
                0x000000000049adc4                util_froto_fill_msg_command_dissem
                0x000000000049b224                util_froto_fill_msg_version_retrieve
                0x000000000049bac8                idstr_to_bytes_array
                0x000000000049bd18                ipstr_to_bytes_array
                0x000000000049c080                util_froto_fill_msg_config_retrieve
                0x000000000049c484                util_froto_fill_msg_fuota_notify_dissem
                0x000000000049c868                util_froto_fill_msg_img_block_dissem
                0x000000000049ce3c                util_froto_fill_msg_up_data_upload
                0x000000000049d118                util_froto_fill_msg_up_image_block_request
                0x000000000049d2b8                util_froto_fill_msg_up_file_notify_upload
                0x000000000049d494                util_froto_fill_msg_up_image_block_upload
                0x000000000049d68c                util_froto_fill_msg_up_current_version_upload
                0x000000000049d860                util_froto_pick_appmsg_tag
                0x000000000049dad0                util_froto_decoder_for_msg_config_hash_upload
                0x000000000049e200                util_froto_format_msg_info
                0x000000000049ef40                util_froto_dump_msg_tree
                0x000000000049f2c8                util_froto_locate_msg_node
                0x000000000049f5e8                util_froto_locate_msg_node_v2
                0x000000000049f914                util_froto_release_msg_tree
                0x000000000049fb38                util_froto_msg_decoding_test
 .text          0x00000000004a02e4     0x129c CMakeFiles/skf_gw.dir/source/src/util_froto_datawrap.c.o
                0x00000000004a02e4                protobuf_encode_svarint_callback
                0x00000000004a0660                protobuf_encode_bytes_callback
                0x00000000004a082c                protobuf_encode_bytes
                0x00000000004a0860                protobuf_decode_bytes
                0x00000000004a0894                decode_unionmessage_type
                0x00000000004a0938                decode_one_filed
                0x00000000004a0a18                decode_submessage_contents
                0x00000000004a0a88                encode_submessage
                0x00000000004a0bd0                encode_submessage_v2
                0x00000000004a0e6c                decode_froto_header
                0x00000000004a0f80                encode_froto_header
                0x00000000004a10f8                protobuf_encode_repeated_varint_callback
                0x00000000004a12d0                protobuf_encode_repeated_mtype_callback
                0x00000000004a13cc                protobuf_encode_repeated_mtype_by_msg_callback
                0x00000000004a1484                protobuf_encode_repeated_sensor_callback
 .text          0x00000000004a1580      0x598 CMakeFiles/skf_gw.dir/source/src/app_getConfigure.c.o
                0x00000000004a15ac                getChildMACList
 .text          0x00000000004a1b18      0x6f8 CMakeFiles/skf_gw.dir/source/src/app_waiting_queue.c.o
                0x00000000004a1b18                app_wq_init_ctr
                0x00000000004a1cf4                app_wq_post_to_waiting_queue
                0x00000000004a1ffc                app_wq_wait_for_data_trans_queue
                0x00000000004a20b8                app_wq_release_data_unit
                0x00000000004a2160                app_wq_destroy_ctr
 .text          0x00000000004a2210     0xe6d4 CMakeFiles/skf_gw.dir/source/src/app_froto.c.o
                0x00000000004a5184                app_froto_update_image_dissem_waiting_obj
                0x00000000004a5d80                app_froto_set_force_fuota
                0x00000000004a5e08                app_clear_force_fuota
                0x00000000004a636c                app_froto_img_dissemination_with_block
                0x00000000004a71f0                app_froto_pick_conf_hash_value_and_edit_time
                0x00000000004a7638                app_froto_pick_sensor_conf_info
                0x00000000004a8504                app_froto_incomming_msg_handler
                0x00000000004a9944                app_froto_get_file_send_ctr
                0x00000000004a9950                app_froto_allocate_file_send_id
                0x00000000004a99ec                app_froto_get_file_recv_ctr
                0x00000000004a99f8                app_froto_init_file_trans_ctr
                0x00000000004a9b18                app_froto_definit_file_trans_ctr
                0x00000000004a9bcc                app_froto_create_file_trans_task
                0x00000000004aa1a0                app_froto_remove_file_trans_task
                0x00000000004aa304                app_froto_pick_total_blk_num
                0x00000000004aa56c                app_froto_pick_current_blk_idx
                0x00000000004aa7d4                app_froto_get_node_queue
                0x00000000004aa8b4                app_froto_get_node
                0x00000000004aab40                app_froto_get_shortdata_xfer_timer_ctr
                0x00000000004aab4c                app_froto_get_longdata_xfer_timer_ctr
                0x00000000004aab58                app_froto_init_shortdata_xfer_timer_ctr
                0x00000000004aaeb0                app_froto_deinit_shortdata_xfer_timer_ctr
                0x00000000004ab07c                app_froto_init_longdata_xfer_timer_ctr
                0x00000000004ab3d4                app_froto_deinit_longdata_xfer_timer_ctr
                0x00000000004ab834                to_get_waiting_period
                0x00000000004ab858                is_mtype_to_file
                0x00000000004ab8c4                app_froto_send_data_selection_request
                0x00000000004abf2c                app_froto_send_data_selection_request_by_mtype_msg
                0x00000000004ac638                app_froto_dtselect_reset_timer
                0x00000000004adb88                app_froto_to_dump_dtitem
                0x00000000004ae328                app_froto_data_uploading_handler
                0x00000000004af34c                app_froto_retrieve_sensor_fw_version_info
 .text          0x00000000004b08e4      0x994 CMakeFiles/skf_gw.dir/source/src/app_cjson.c.o
                0x00000000004b09bc                app_cjson_jsonstr_to_gwconfig
                0x00000000004b0e04                app_cjson_gwconfig_to_jsonstr
                0x00000000004b1114                app_cjson_release_chilren_list
 .text          0x00000000004b1278    0x19198 CMakeFiles/skf_gw.dir/source/src/general/app_db.c.o
                0x00000000004b134c                app_db_get_dbop_controller
                0x00000000004b1358                app_db_allocate_ipc_seqno
                0x00000000004b13d0                app_db_init_dbop_controller
                0x00000000004b1414                app_db_deinit_dpop_controller
                0x00000000004b145c                app_db_init_dbop_resp_waiting_obj
                0x00000000004b14cc                app_db_deinit_dbop_resp_waiting_obj
                0x00000000004b14f8                app_db_put_dbop_waiting_obj_on_queue
                0x00000000004b15b8                app_db_remove_dbop_waiting_obj_from_queue
                0x00000000004b17d0                app_db_signal_and_pop_dbop_waiting_obj
                0x00000000004b1a48                app_db_handle_command_from_db
                0x00000000004b1be8                app_db_get_report_handler
                0x00000000004b1bf4                app_db_init_report_handler
                0x00000000004b1cb0                app_db_deinit_report_handler
                0x00000000004b1d6c                app_db_put_db_table_update_event_on_queue
                0x00000000004b1ef0                app_db_put_db_report_on_queue
                0x00000000004b2070                app_db_init_database_op_ctr
                0x00000000004b21ec                app_db_deinit_database_op_ctr
                0x00000000004b2260                app_db_get_database_op_ctr
                0x00000000004b226c                app_db_fetch_filtered_index
                0x00000000004b2a14                app_db_load_sensor_data
                0x00000000004b8ab0                app_db_read_sensor_conf_from_db
                0x00000000004b910c                app_db_fetch_sensor_conf_from_db
                0x00000000004ba3c0                app_db_read_gateway_conf_from_db
                0x00000000004bae8c                app_db_read_dev_info_from_db
                0x00000000004bb4dc                app_db_fetch_children_mac_array_from_db_v2
                0x00000000004bc274                app_db_fetch_devlist
                0x00000000004bc98c                app_db_fetch_gwconf_and_dev_from_db
                0x00000000004bd430                app_db_fetch_gwconf_without_dev_from_db
                0x00000000004bd9dc                app_db_fetch_gwconf_and_dev_from_db_to_file
                0x00000000004bdb9c                app_db_fetch_a_device_info_from_db_based_on_macaddr
                0x00000000004bf2ec                app_db_deliver_sensor_conf_to_db
                0x00000000004c09e4                app_db_deliver_gateway_conf_to_db
                0x00000000004c1e0c                app_db_deliver_dev_to_db
                0x00000000004c25ec                app_db_deliver_gwconf_and_dev_to_db_from_json
                0x00000000004c37bc                app_db_deliver_sensordata_sit_to_db_noblock
                0x00000000004c4f34                app_db_delete_item_in_db
                0x00000000004c5560                app_db_clear_table
                0x00000000004c5e90                app_db_gabage_cleanup
                0x00000000004c66ac                thandler_db_modification_report
                0x00000000004c68cc                app_db_set_db_modification_readout_enable_fg
                0x00000000004c68e4                app_db_clear_db_modification_readout_enable_fg
                0x00000000004c6994                app_db_get_db_modification_readout_enable_fg
                0x00000000004c69a4                thandler_db_modification_readout
                0x00000000004c8f04                is_dtitem_in_db
                0x00000000004c976c                app_db_handler_for_msg_from_database_v2
                0x00000000004ca0b8                thandler_db_data_update
                0x00000000004ca400                app_db_fetch_lastRegularSensingMeasID
 .text          0x00000000004ca410     0x5e44 CMakeFiles/skf_gw.dir/source/src/app_gw_scheduler.c.o
                0x00000000004ca410                app_sch_init_resp_waiting_obj
                0x00000000004ca484                app_sch_deinit_resp_waiting_obj
                0x00000000004ca4b0                app_sch_init_resp_waiting_ctr
                0x00000000004ca4e4                app_sch_deinit_resp_waiting_ctr
                0x00000000004ca52c                app_sch_get_resp_waiting_ctr
                0x00000000004ca538                app_sch_put_waiting_obj_on_queue
                0x00000000004ca57c                app_sch_remove_waiting_obj_from_queue
                0x00000000004ca608                app_sch_signal_and_pop_resp_waiting_obj
                0x00000000004ca864                app_sch_set_active_btdevice
                0x00000000004cabc0                app_sch_set_bt_white_list
                0x00000000004cb02c                app_sch_switch_bt_connection
                0x00000000004cb33c                app_sch_get_sensor_op_controller
                0x00000000004cb348                app_sch_init_sensor_op_controller
                0x00000000004cb380                app_sch_deinit_sensor_op_controller
                0x00000000004cb3c8                app_sch_init_sensor_op_waiting_obj
                0x00000000004cb444                app_sch_set_seq_no_to_sensor_op_waiting_obj
                0x00000000004cb468                app_sch_set_timval_to_sensor_op_waiting_obj
                0x00000000004cb48c                app_sch_set_resp_event_to_sensor_op_waiting_obj
                0x00000000004cb4b0                app_sch_deinit_sensor_op_waiting_obj
                0x00000000004cb4f0                app_sch_sensor_waiting_obj_update_timval_and_msg_seq_no
                0x00000000004cb548                app_sch_put_sensor_op_waiting_obj_on_queue
                0x00000000004cb6a4                queue_match_for_sensor_waiting
                0x00000000004cbe68                app_sch_signal_and_pop_sensor_op_waiting_obj
                0x00000000004cc244                app_sch_remove_sensor_op_waiting_obj_from_queue
                0x00000000004cc29c                to_load_sensor_configuration_from_database
                0x00000000004cc2b4                to_read_sensor_configuration_from_sensor
                0x00000000004cc2cc                app_sch_sync_sensor_configuration
                0x00000000004cc370                app_sch_read_conf_hash_and_last_edit_time
                0x00000000004cc870                app_sch_read_sensor_conf
                0x00000000004cca90                to_set_sensor_conf
                0x00000000004cea2c                app_sch_read_sensor_conf_v2
                0x00000000004cf270                app_sch_init_sensor_config_for_test
                0x00000000004cf7c8                app_sch_set_sensor_conf
                0x00000000004d00a4                app_sch_synchronize_time
 .text          0x00000000004d0254      0x6e0 CMakeFiles/skf_gw.dir/source/src/general/app_tim_service.c.o
                0x00000000004d0254                thandler_tim_service
 .text          0x00000000004d0934     0x1910 CMakeFiles/skf_gw.dir/source/src/general/app_io.c.o
                0x00000000004d0934                app_io_key_test
                0x00000000004d0b28                app_io_key_get_state
                0x00000000004d1234                app_io_get_led_ctr
                0x00000000004d1240                app_io_init_led_controller
                0x00000000004d1454                app_io_deinit_led_controller
                0x00000000004d1508                app_io_init_gpio_for_led
                0x00000000004d1754                app_io_post_led_event
                0x00000000004d1818                app_io_set_led_state
                0x00000000004d1b6c                thandler_for_led_control
 .text          0x00000000004d2244     0x21e8 CMakeFiles/skf_gw.dir/source/src/ble/app_hci_evt_mgmt_new.c.o
                0x00000000004d2350                app_hci_init_dtpacket_saving_ctr
                0x00000000004d2500                app_hci_get_dtpacket_saving_ctr
                0x00000000004d250c                app_hci_update_bt_white_list
                0x00000000004d2f4c                app_hci_get_pipefd_for_writting
                0x00000000004d2f5c                app_hci_get_pipefd_for_reading
                0x00000000004d2f6c                app_hci_create_pipe_fds
                0x00000000004d3014                app_hci_report_event
                0x00000000004d31a8                app_hci_fill_adv_report_info
                0x00000000004d3f00                thandler_hci_event
 .text          0x00000000004d442c     0x3ce8 CMakeFiles/skf_gw.dir/source/src/common/bt_hcitool.c.o
                0x00000000004d4b10                bt_hcitool_set_tx_power
                0x00000000004d5510                bt_hcitool_get_tx_power
                0x00000000004d6b14                bt_hcitool_set_bluetooth_phy
                0x00000000004d70bc                bt_hcitool_set_bluetooth_connection_param
 .text          0x00000000004d8114     0x5898 CMakeFiles/skf_gw.dir/source/src/cjson/cJSON.c.o
                0x00000000004d8114                cJSON_GetErrorPtr
                0x00000000004d8134                cJSON_GetStringValue
                0x00000000004d8168                cJSON_GetNumberValue
                0x00000000004d81a0                cJSON_Version
                0x00000000004d8324                cJSON_InitHooks
                0x00000000004d8490                cJSON_Delete
                0x00000000004d87d8                cJSON_SetNumberHelper
                0x00000000004d8864                cJSON_SetValuestring
                0x00000000004d9cd8                cJSON_ParseWithOpts
                0x00000000004d9d2c                cJSON_ParseWithLengthOpts
                0x00000000004d9f1c                cJSON_Parse
                0x00000000004d9f40                cJSON_ParseWithLength
                0x00000000004da12c                cJSON_Print
                0x00000000004da154                cJSON_PrintUnformatted
                0x00000000004da17c                cJSON_PrintBuffered
                0x00000000004da258                cJSON_PrintPreallocated
                0x00000000004db524                cJSON_GetArraySize
                0x00000000004db5f8                cJSON_GetArrayItem
                0x00000000004db734                cJSON_GetObjectItem
                0x00000000004db75c                cJSON_GetObjectItemCaseSensitive
                0x00000000004db784                cJSON_HasObjectItem
                0x00000000004db938                cJSON_AddItemToArray
                0x00000000004dba94                cJSON_AddItemToObject
                0x00000000004dbacc                cJSON_AddItemToObjectCS
                0x00000000004dbb04                cJSON_AddItemReferenceToArray
                0x00000000004dbb4c                cJSON_AddItemReferenceToObject
                0x00000000004dbbb8                cJSON_AddNullToObject
                0x00000000004dbc10                cJSON_AddTrueToObject
                0x00000000004dbc68                cJSON_AddFalseToObject
                0x00000000004dbcc0                cJSON_AddBoolToObject
                0x00000000004dbd20                cJSON_AddNumberToObject
                0x00000000004dbd80                cJSON_AddStringToObject
                0x00000000004dbde0                cJSON_AddRawToObject
                0x00000000004dbe40                cJSON_AddObjectToObject
                0x00000000004dbe98                cJSON_AddArrayToObject
                0x00000000004dbef0                cJSON_DetachItemViaPointer
                0x00000000004dbfd0                cJSON_DetachItemFromArray
                0x00000000004dc018                cJSON_DeleteItemFromArray
                0x00000000004dc044                cJSON_DetachItemFromObject
                0x00000000004dc078                cJSON_DetachItemFromObjectCaseSensitive
                0x00000000004dc0ac                cJSON_DeleteItemFromObject
                0x00000000004dc0d8                cJSON_DeleteItemFromObjectCaseSensitive
                0x00000000004dc104                cJSON_InsertItemInArray
                0x00000000004dc200                cJSON_ReplaceItemViaPointer
                0x00000000004dc358                cJSON_ReplaceItemInArray
                0x00000000004dc480                cJSON_ReplaceItemInObject
                0x00000000004dc4b0                cJSON_ReplaceItemInObjectCaseSensitive
                0x00000000004dc4e0                cJSON_CreateNull
                0x00000000004dc51c                cJSON_CreateTrue
                0x00000000004dc558                cJSON_CreateFalse
                0x00000000004dc594                cJSON_CreateBool
                0x00000000004dc5e8                cJSON_CreateNumber
                0x00000000004dc698                cJSON_CreateString
                0x00000000004dc714                cJSON_CreateStringReference
                0x00000000004dc768                cJSON_CreateObjectReference
                0x00000000004dc7bc                cJSON_CreateArrayReference
                0x00000000004dc810                cJSON_CreateRaw
                0x00000000004dc88c                cJSON_CreateArray
                0x00000000004dc8c8                cJSON_CreateObject
                0x00000000004dc904                cJSON_CreateIntArray
                0x00000000004dca20                cJSON_CreateFloatArray
                0x00000000004dcb3c                cJSON_CreateDoubleArray
                0x00000000004dcc54                cJSON_CreateStringArray
                0x00000000004dcd6c                cJSON_Duplicate
                0x00000000004dd21c                cJSON_Minify
                0x00000000004dd354                cJSON_IsInvalid
                0x00000000004dd390                cJSON_IsFalse
                0x00000000004dd3cc                cJSON_IsTrue
                0x00000000004dd408                cJSON_IsBool
                0x00000000004dd444                cJSON_IsNull
                0x00000000004dd480                cJSON_IsNumber
                0x00000000004dd4bc                cJSON_IsString
                0x00000000004dd4f8                cJSON_IsArray
                0x00000000004dd534                cJSON_IsObject
                0x00000000004dd570                cJSON_IsRaw
                0x00000000004dd5ac                cJSON_Compare
                0x00000000004dd958                cJSON_malloc
                0x00000000004dd980                cJSON_free
 .text          0x00000000004dd9ac     0x2720 CMakeFiles/skf_gw.dir/source/src/cjson/cJSON_Utils.c.o
                0x00000000004dde6c                cJSONUtils_FindPointerFromObjectTo
                0x00000000004de2c0                cJSONUtils_GetPointer
                0x00000000004de2e8                cJSONUtils_GetPointerCaseSensitive
                0x00000000004df434                cJSONUtils_ApplyPatches
                0x00000000004df4cc                cJSONUtils_ApplyPatchesCaseSensitive
                0x00000000004df6d4                cJSONUtils_AddPatchToArray
                0x00000000004dfb94                cJSONUtils_GeneratePatches
                0x00000000004dfbf8                cJSONUtils_GeneratePatchesCaseSensitive
                0x00000000004dfc5c                cJSONUtils_SortObject
                0x00000000004dfc80                cJSONUtils_SortObjectCaseSensitive
                0x00000000004dfe14                cJSONUtils_MergePatch
                0x00000000004dfe3c                cJSONUtils_MergePatchCaseSensitive
                0x00000000004e007c                cJSONUtils_GenerateMergePatch
                0x00000000004e00a4                cJSONUtils_GenerateMergePatchCaseSensitive
 .text          0x00000000004e00cc     0x22d4 CMakeFiles/skf_gw.dir/source/src/cjson/jsonbuild.c.o
                0x00000000004e00cc                generateGwConfigJson
                0x00000000004e0ae0                generateSensorConfigJson
 .text          0x00000000004e23a0     0x252c CMakeFiles/skf_gw.dir/source/src/cjson/jsonparse.c.o
                0x00000000004e24f8                parseGwConfigJson
                0x00000000004e31dc                parseSensorConfigJson
 .text          0x00000000004e48cc      0xd78 CMakeFiles/skf_gw.dir/source/src/cjson/cjson_test.c.o
                0x00000000004e5354                test_for_cjson
 .text          0x00000000004e5644        0x0 CMakeFiles/skf_gw.dir/home/forlinx/GW/GW/skf_gw_mqtt/middleware/nanopb_protocol/Common.pb.c.o
 .text          0x00000000004e5644        0x0 CMakeFiles/skf_gw.dir/home/forlinx/GW/GW/skf_gw_mqtt/middleware/nanopb_protocol/DeviceAppBulletGateway.pb.c.o
 .text          0x00000000004e5644        0x0 CMakeFiles/skf_gw.dir/home/forlinx/GW/GW/skf_gw_mqtt/middleware/nanopb_protocol/Froto.pb.c.o
 .text          0x00000000004e5644        0x0 CMakeFiles/skf_gw.dir/home/forlinx/GW/GW/skf_gw_mqtt/middleware/nanopb_protocol/SensingDataUpload.pb.c.o
 .text          0x00000000004e5644        0x0 CMakeFiles/skf_gw.dir/home/forlinx/GW/GW/skf_gw_mqtt/middleware/nanopb_protocol/FirmwareUpdateOverTheAir.pb.c.o
 .text          0x00000000004e5644        0x0 CMakeFiles/skf_gw.dir/home/forlinx/GW/GW/skf_gw_mqtt/middleware/nanopb_protocol/ConfigurationAndCommand.pb.c.o
 .text          0x00000000004e5644        0x0 CMakeFiles/skf_gw.dir/home/forlinx/GW/GW/skf_gw_mqtt/middleware/nanopb_protocol/Debug.pb.c.o
 .text          0x00000000004e5644      0xaf4 CMakeFiles/skf_gw.dir/home/forlinx/GW/GW/skf_gw_mqtt/middleware/protobuf/pb_common.c.o
                0x00000000004e5cd4                pb_field_iter_begin
                0x00000000004e5d24                pb_field_iter_begin_extension
                0x00000000004e5dc0                pb_field_iter_next
                0x00000000004e5df8                pb_field_iter_find
                0x00000000004e5f34                pb_field_iter_find_extension
                0x00000000004e6000                pb_field_iter_begin_const
                0x00000000004e6038                pb_field_iter_begin_extension_const
                0x00000000004e6068                pb_default_field_callback
 .text          0x00000000004e6138     0x2df0 CMakeFiles/skf_gw.dir/home/forlinx/GW/GW/skf_gw_mqtt/middleware/protobuf/pb_decode.c.o
                0x00000000004e6198                pb_read
                0x00000000004e640c                pb_istream_from_buffer
                0x00000000004e66b4                pb_decode_varint32
                0x00000000004e66e0                pb_decode_varint
                0x00000000004e687c                pb_decode_tag
                0x00000000004e6908                pb_skip_field
                0x00000000004e6b78                pb_make_string_substream
                0x00000000004e6c48                pb_close_string_substream
                0x00000000004e8280                pb_decode_ex
                0x00000000004e8340                pb_decode
                0x00000000004e8378                pb_release
                0x00000000004e8390                pb_decode_bool
                0x00000000004e83f0                pb_decode_svarint
                0x00000000004e8478                pb_decode_fixed32
                0x00000000004e84d0                pb_decode_fixed64
 .text          0x00000000004e8f28     0x1cd4 CMakeFiles/skf_gw.dir/home/forlinx/GW/GW/skf_gw_mqtt/middleware/protobuf/pb_encode.c.o
                0x00000000004e8f78                pb_ostream_from_buffer
                0x00000000004e8fcc                pb_write
                0x00000000004e9de8                pb_encode
                0x00000000004e9eb0                pb_encode_ex
                0x00000000004e9f68                pb_get_encoded_size
                0x00000000004ea12c                pb_encode_varint
                0x00000000004ea198                pb_encode_svarint
                0x00000000004ea1fc                pb_encode_fixed32
                0x00000000004ea228                pb_encode_fixed64
                0x00000000004ea254                pb_encode_tag
                0x00000000004ea294                pb_encode_tag_for_field
                0x00000000004ea378                pb_encode_string
                0x00000000004ea3d0                pb_encode_submessage
 .text          0x00000000004eabfc      0x8ec CMakeFiles/skf_gw.dir/home/forlinx/GW/GW/skf_gw_mqtt/middleware/common/auxiliar.c.o
                0x00000000004eabfc                send_msg
                0x00000000004ead28                recv_msg
                0x00000000004eae0c                recv_msg1
                0x00000000004eaef0                Calculate_query_data_size
                0x00000000004eaf08                MYULT_EncodeVersion
                0x00000000004eb078                Gain_clientID
                0x00000000004eb108                Gain_passwd
                0x00000000004eb234                gain_tablename
                0x00000000004eb320                revert_tablename
                0x00000000004eb3b8                findMax
                0x00000000004eb484                get_curr_time
 .text          0x00000000004eb4e8     0x150c CMakeFiles/skf_gw.dir/source/monitor/a2dp.c.o
                0x00000000004ec84c                a2dp_codec_cap
                0x00000000004ec920                a2dp_codec_cfg
 .text          0x00000000004ec9f4     0x2360 CMakeFiles/skf_gw.dir/source/monitor/analyze.c.o
                0x00000000004ee934                analyze_trace
 .text          0x00000000004eed54     0x58d4 CMakeFiles/skf_gw.dir/source/monitor/att.c.o
                0x00000000004f43c8                att_packet
 .text          0x00000000004f4628     0x4d34 CMakeFiles/skf_gw.dir/source/monitor/avctp.c.o
                0x00000000004f9248                avctp_packet
 .text          0x00000000004f935c     0x18d8 CMakeFiles/skf_gw.dir/source/monitor/avdtp.c.o
                0x00000000004fab7c                avdtp_packet
 .text          0x00000000004fac34     0x10b4 CMakeFiles/skf_gw.dir/source/monitor/bnep.c.o
                0x00000000004fba50                bnep_packet
 .text          0x00000000004fbce8     0x12b8 CMakeFiles/skf_gw.dir/source/monitor/broadcom.c.o
                0x00000000004fcc58                broadcom_vendor_ocf
                0x00000000004fcd00                broadcom_lm_diag
                0x00000000004fcf1c                broadcom_vendor_evt
 .text          0x00000000004fcfa0      0xde4 CMakeFiles/skf_gw.dir/source/monitor/btmon_main.c.o
                0x00000000004fd33c                btmon_main
 .text          0x00000000004fdd84     0x3304 CMakeFiles/skf_gw.dir/source/monitor/control.c.o
                0x00000000004ff2a0                control_message
                0x00000000004fff9c                control_server
                0x0000000000500878                control_tty
                0x0000000000500af8                control_rtt
                0x0000000000500c64                control_writer
                0x0000000000500cb4                control_reader
                0x0000000000500eec                control_tracing
                0x0000000000501050                control_disable_decoding
                0x0000000000501064                control_filter_index
 .text          0x0000000000501088      0x230 CMakeFiles/skf_gw.dir/source/monitor/crc.c.o
                0x0000000000501088                crc24_bit_reverse
                0x00000000005010ec                crc24_calculate
                0x00000000005011c0                crc24_reverse
 .text          0x00000000005012b8      0x50c CMakeFiles/skf_gw.dir/source/monitor/display.c.o
                0x00000000005012b8                set_monitor_color
                0x00000000005012dc                use_color