Archive member included to satisfy reference by file (symbol)

../source/monitor/lib_bluez/libshared-mainloop.a(src_libshared_mainloop_la-queue.o)
                              CMakeFiles/skf_gw.dir/source/monitor/analyze.c.o (queue_new)
../source/monitor/lib_bluez/libshared-mainloop.a(src_libshared_mainloop_la-util.o)
                              CMakeFiles/skf_gw.dir/source/monitor/analyze.c.o (util_malloc)
../source/monitor/lib_bluez/libshared-mainloop.a(src_libshared_mainloop_la-crypto.o)
                              CMakeFiles/skf_gw.dir/source/monitor/keys.c.o (bt_crypto_new)
../source/monitor/lib_bluez/libshared-mainloop.a(src_libshared_mainloop_la-btsnoop.o)
                              CMakeFiles/skf_gw.dir/source/monitor/analyze.c.o (btsnoop_open)
../source/monitor/lib_bluez/libshared-mainloop.a(src_libshared_mainloop_la-gatt-db.o)
                              CMakeFiles/skf_gw.dir/source/monitor/att.c.o (gatt_db_new)
../source/monitor/lib_bluez/libshared-mainloop.a(src_libshared_mainloop_la-timeout-mainloop.o)
                              ../source/monitor/lib_bluez/libshared-mainloop.a(src_libshared_mainloop_la-gatt-db.o) (timeout_add)
../source/monitor/lib_bluez/libshared-mainloop.a(src_libshared_mainloop_la-mainloop.o)
                              CMakeFiles/skf_gw.dir/source/monitor/btmon_main.c.o (mainloop_init)
../source/monitor/lib_bluez/libshared-mainloop.a(src_libshared_mainloop_la-mainloop-notify.o)
                              ../source/monitor/lib_bluez/libshared-mainloop.a(src_libshared_mainloop_la-mainloop.o) (mainloop_sd_notify)
../source/monitor/lib_bluez/libshared-mainloop.a(src_libshared_mainloop_la-io-mainloop.o)
                              ../source/monitor/lib_bluez/libshared-mainloop.a(src_libshared_mainloop_la-mainloop-notify.o) (io_new)
../source/monitor/lib_bluez/libbluetooth-internal.a(bluetooth.o)
                              CMakeFiles/skf_gw.dir/source/src/common/bt_hcitool.c.o (ba2str)
../source/monitor/lib_bluez/libbluetooth-internal.a(hci.o)
                              CMakeFiles/skf_gw.dir/source/monitor/packet.c.o (hci_bustostr)
../source/monitor/lib_bluez/libbluetooth-internal.a(uuid.o)
                              ../source/monitor/lib_bluez/libshared-mainloop.a(src_libshared_mainloop_la-gatt-db.o) (bt_uuid_to_uuid128)
/home/forlinx/work/OK62xx-linux-sdk/external-toolchain-dir/arm-gnu-toolchain-11.3.rel1-x86_64-aarch64-none-linux-gnu/bin/../lib/gcc/aarch64-none-linux-gnu/11.3.1/libgcc.a(ldadd_4_5.o)
                              ../source/monitor/lib_bluez/libshared-mainloop.a(src_libshared_mainloop_la-queue.o) (__aarch64_ldadd4_sync)
/home/forlinx/work/OK62xx-linux-sdk/external-toolchain-dir/arm-gnu-toolchain-11.3.rel1-x86_64-aarch64-none-linux-gnu/bin/../lib/gcc/aarch64-none-linux-gnu/11.3.1/libgcc.a(ldadd_8_5.o)
                              CMakeFiles/skf_gw.dir/source/src/general/app_pro_general_new.c.o (__aarch64_ldadd8_sync)
/home/forlinx/work/OK62xx-linux-sdk/external-toolchain-dir/arm-gnu-toolchain-11.3.rel1-x86_64-aarch64-none-linux-gnu/bin/../lib/gcc/aarch64-none-linux-gnu/11.3.1/libgcc.a(lse-init.o)
                              /home/forlinx/work/OK62xx-linux-sdk/external-toolchain-dir/arm-gnu-toolchain-11.3.rel1-x86_64-aarch64-none-linux-gnu/bin/../lib/gcc/aarch64-none-linux-gnu/11.3.1/libgcc.a(ldadd_4_5.o) (__aarch64_have_lse_atomics)

Discarded input sections

 .note.GNU-stack
                0x0000000000000000        0x0 /home/forlinx/work/OK62xx-linux-sdk/external-toolchain-dir/arm-gnu-toolchain-11.3.rel1-x86_64-aarch64-none-linux-gnu/bin/../aarch64-none-linux-gnu/libc/usr/lib/../lib64/crt1.o
 .note.GNU-stack
                0x0000000000000000        0x0 /home/forlinx/work/OK62xx-linux-sdk/external-toolchain-dir/arm-gnu-toolchain-11.3.rel1-x86_64-aarch64-none-linux-gnu/bin/../aarch64-none-linux-gnu/libc/usr/lib/../lib64/crti.o
 .note.GNU-stack
                0x0000000000000000        0x0 /home/forlinx/work/OK62xx-linux-sdk/external-toolchain-dir/arm-gnu-toolchain-11.3.rel1-x86_64-aarch64-none-linux-gnu/bin/../lib/gcc/aarch64-none-linux-gnu/11.3.1/crtbegin.o
 .note.GNU-stack
                0x0000000000000000        0x0 CMakeFiles/skf_gw.dir/source/src/common/util_dbg.c.o
 .note.GNU-stack
                0x0000000000000000        0x0 CMakeFiles/skf_gw.dir/source/src/general/froto/app_froto_new.c.o
 .note.GNU-stack
                0x0000000000000000        0x0 CMakeFiles/skf_gw.dir/source/src/general/froto/app_froto_common.c.o
 .note.GNU-stack
                0x0000000000000000        0x0 CMakeFiles/skf_gw.dir/source/src/general/froto/decoder/app_froto_data_upload_decoder.c.o
 .note.GNU-stack
                0x0000000000000000        0x0 CMakeFiles/skf_gw.dir/source/src/general/froto/decoder/app_froto_config_decoder.c.o
 .note.GNU-stack
                0x0000000000000000        0x0 CMakeFiles/skf_gw.dir/source/src/general/froto/decoder/app_froto_fuota_decoder.c.o
 .note.GNU-stack
[...]
Memory Configuration

Name             Origin             Length             Attributes
*default*        0x0000000000000000 0xffffffffffffffff

Linker script and memory map

LOAD /home/forlinx/work/OK62xx-linux-sdk/external-toolchain-dir/arm-gnu-toolchain-11.3.rel1-x86_64-aarch64-none-linux-gnu/bin/../aarch64-none-linux-gnu/libc/usr/lib/../lib64/crt1.o
LOAD /home/forlinx/work/OK62xx-linux-sdk/external-toolchain-dir/arm-gnu-toolchain-11.3.rel1-x86_64-aarch64-none-linux-gnu/bin/../aarch64-none-linux-gnu/libc/usr/lib/../lib64/crti.o
LOAD /home/forlinx/work/OK62xx-linux-sdk/external-toolchain-dir/arm-gnu-toolchain-11.3.rel1-x86_64-aarch64-none-linux-gnu/bin/../lib/gcc/aarch64-none-linux-gnu/11.3.1/crtbegin.o
LOAD CMakeFiles/skf_gw.dir/source/src/common/util_dbg.c.o
LOAD CMakeFiles/skf_gw.dir/source/src/general/froto/app_froto_new.c.o
LOAD CMakeFiles/skf_gw.dir/source/src/general/froto/app_froto_common.c.o
LOAD CMakeFiles/skf_gw.dir/source/src/general/froto/decoder/app_froto_data_upload_decoder.c.o
LOAD CMakeFiles/skf_gw.dir/source/src/general/froto/decoder/app_froto_config_decoder.c.o
LOAD CMakeFiles/skf_gw.dir/source/src/general/froto/decoder/app_froto_fuota_decoder.c.o
LOAD CMakeFiles/skf_gw.dir/source/src/general/froto/encoder/app_froto_command_encoder.c.o
LOAD CMakeFiles/skf_gw.dir/source/src/general/froto/encoder/app_froto_config_encoder.c.o
LOAD CMakeFiles/skf_gw.dir/source/src/general/froto/encoder/app_froto_data_selection_encoder.c.o
LOAD CMakeFiles/skf_gw.dir/source/src/general/froto/encoder/app_froto_fuota_encoder.c.o
LOAD CMakeFiles/skf_gw.dir/source/src/general/sensorInterface/sensor_interface_insight_predict.c.o
LOAD CMakeFiles/skf_gw.dir/source/src/general/sensorInterface/sensor_interface_insight_predict_pro.c.o
LOAD CMakeFiles/skf_gw.dir/source/src/general/serviceInterface/mobile_server_interface.c.o
LOAD CMakeFiles/skf_gw.dir/source/src/sys_def.c.o
LOAD CMakeFiles/skf_gw.dir/source/src/bt_common.c.o
LOAD CMakeFiles/skf_gw.dir/source/src/sys_timer.c.o
LOAD CMakeFiles/skf_gw.dir/source/src/bt_advertising.c.o
LOAD CMakeFiles/skf_gw.dir/source/src/ble/bt_advertising_new.c.o
LOAD CMakeFiles/skf_gw.dir/source/src/ble/bt_connection_new.c.o
LOAD CMakeFiles/skf_gw.dir/source/src/ble/bt_gatt_new.c.o
LOAD CMakeFiles/skf_gw.dir/source/src/bt_connection.c.o
LOAD CMakeFiles/skf_gw.dir/source/src/bt_agent.c.o
LOAD CMakeFiles/skf_gw.dir/source/src/bt_gatt.c.o
LOAD CMakeFiles/skf_gw.dir/source/src/app_local_service.c.o
LOAD CMakeFiles/skf_gw.dir/source/src/app_pro_general.c.o
LOAD CMakeFiles/skf_gw.dir/source/src/general/app_pro_general_new.c.o
LOAD CMakeFiles/skf_gw.dir/source/src/app_pro_ble.c.o
LOAD CMakeFiles/skf_gw.dir/source/src/ble/app_pro_ble_new.c.o
LOAD CMakeFiles/skf_gw.dir/source/src/main.c.o
LOAD CMakeFiles/skf_gw.dir/source/src/test_le_connect.c.o
LOAD CMakeFiles/skf_gw.dir/source/src/app_common.c.o
LOAD CMakeFiles/skf_gw.dir/source/src/util_froto.c.o
LOAD CMakeFiles/skf_gw.dir/source/src/util_froto_datawrap.c.o
LOAD CMakeFiles/skf_gw.dir/source/src/app_getConfigure.c.o
LOAD CMakeFiles/skf_gw.dir/source/src/app_waiting_queue.c.o
LOAD CMakeFiles/skf_gw.dir/source/src/app_froto.c.o
LOAD CMakeFiles/skf_gw.dir/source/src/app_cjson.c.o
LOAD CMakeFiles/skf_gw.dir/source/src/general/app_db.c.o
LOAD CMakeFiles/skf_gw.dir/source/src/app_gw_scheduler.c.o
LOAD CMakeFiles/skf_gw.dir/source/src/general/app_tim_service.c.o
LOAD CMakeFiles/skf_gw.dir/source/src/general/app_io.c.o
LOAD CMakeFiles/skf_gw.dir/source/src/ble/app_hci_evt_mgmt_new.c.o
LOAD CMakeFiles/skf_gw.dir/source/src/common/bt_hcitool.c.o
LOAD CMakeFiles/skf_gw.dir/source/src/cjson/cJSON.c.o
LOAD CMakeFiles/skf_gw.dir/source/src/cjson/cJSON_Utils.c.o
LOAD CMakeFiles/skf_gw.dir/source/src/cjson/jsonbuild.c.o
LOAD CMakeFiles/skf_gw.dir/source/src/cjson/jsonparse.c.o
LOAD CMakeFiles/skf_gw.dir/source/src/cjson/cjson_test.c.o
LOAD CMakeFiles/skf_gw.dir/home/forlinx/GW/GW/skf_gw_mqtt/middleware/nanopb_protocol/Common.pb.c.o
LOAD CMakeFiles/skf_gw.dir/home/forlinx/GW/GW/skf_gw_mqtt/middleware/nanopb_protocol/DeviceAppBulletGateway.pb.c.o
LOAD CMakeFiles/skf_gw.dir/home/forlinx/GW/GW/skf_gw_mqtt/middleware/nanopb_protocol/Froto.pb.c.o
LOAD CMakeFiles/skf_gw.dir/home/forlinx/GW/GW/skf_gw_mqtt/middleware/nanopb_protocol/SensingDataUpload.pb.c.o
LOAD CMakeFiles/skf_gw.dir/home/forlinx/GW/GW/skf_gw_mqtt/middleware/nanopb_protocol/FirmwareUpdateOverTheAir.pb.c.o
LOAD CMakeFiles/skf_gw.dir/home/forlinx/GW/GW/skf_gw_mqtt/middleware/nanopb_protocol/ConfigurationAndCommand.pb.c.o
LOAD CMakeFiles/skf_gw.dir/home/forlinx/GW/GW/skf_gw_mqtt/middleware/nanopb_protocol/Debug.pb.c.o
LOAD CMakeFiles/skf_gw.dir/home/forlinx/GW/GW/skf_gw_mqtt/middleware/protobuf/pb_common.c.o
LOAD CMakeFiles/skf_gw.dir/home/forlinx/GW/GW/skf_gw_mqtt/middleware/protobuf/pb_decode.c.o
LOAD CMakeFiles/skf_gw.dir/home/forlinx/GW/GW/skf_gw_mqtt/middleware/protobuf/pb_encode.c.o
LOAD CMakeFiles/skf_gw.dir/home/forlinx/GW/GW/skf_gw_mqtt/middleware/common/auxiliar.c.o
LOAD CMakeFiles/skf_gw.dir/source/monitor/a2dp.c.o
LOAD CMakeFiles/skf_gw.dir/source/monitor/analyze.c.o
LOAD CMakeFiles/skf_gw.dir/source/monitor/att.c.o
LOAD CMakeFiles/skf_gw.dir/source/monitor/avctp.c.o
LOAD CMakeFiles/skf_gw.dir/source/monitor/avdtp.c.o
LOAD CMakeFiles/skf_gw.dir/source/monitor/bnep.c.o
LOAD CMakeFiles/skf_gw.dir/source/monitor/broadcom.c.o
LOAD CMakeFiles/skf_gw.dir/source/monitor/btmon_main.c.o
LOAD CMakeFiles/skf_gw.dir/source/monitor/control.c.o
LOAD CMakeFiles/skf_gw.dir/source/monitor/crc.c.o
LOAD CMakeFiles/skf_gw.dir/source/monitor/display.c.o
LOAD CMakeFiles/skf_gw.dir/source/monitor/ellisys.c.o
LOAD CMakeFiles/skf_gw.dir/source/monitor/hcidump.c.o
LOAD CMakeFiles/skf_gw.dir/source/monitor/hwdb.c.o
LOAD CMakeFiles/skf_gw.dir/source/monitor/intel.c.o
LOAD CMakeFiles/skf_gw.dir/source/monitor/jlink.c.o
LOAD CMakeFiles/skf_gw.dir/source/monitor/keys.c.o
LOAD CMakeFiles/skf_gw.dir/source/monitor/l2cap.c.o
LOAD CMakeFiles/skf_gw.dir/source/monitor/ll.c.o
LOAD CMakeFiles/skf_gw.dir/source/monitor/lmp.c.o
LOAD CMakeFiles/skf_gw.dir/source/monitor/msft.c.o
LOAD CMakeFiles/skf_gw.dir/source/monitor/packet.c.o
LOAD CMakeFiles/skf_gw.dir/source/monitor/rfcomm.c.o
LOAD CMakeFiles/skf_gw.dir/source/monitor/sdp.c.o
LOAD CMakeFiles/skf_gw.dir/source/monitor/vendor.c.o
LOAD CMakeFiles/skf_gw.dir/source/monitor/textfile.c.o
LOAD ../source/libell_for_OK62xx/libell/lib/libell.so.0
LOAD /home/forlinx/work/OK62xx-linux-sdk/OK62xx-linux-fs/rootfs/usr/lib/libdl.a
LOAD /home/forlinx/work/OK62xx-linux-sdk/OK62xx-linux-fs/rootfs/usr/lib/librt.so
LOAD ../source/monitor/lib_bluez/libshared-mainloop.a
LOAD ../source/monitor/lib_bluez/libglib-2.0.so
LOAD ../source/monitor/lib_bluez/libbluetooth-internal.a
LOAD /home/forlinx/work/OK62xx-linux-sdk/OK62xx-linux-fs/rootfs/lib/libusb-1.0.so
LOAD /home/forlinx/work/OK62xx-linux-sdk/OK62xx-linux-fs/rootfs/lib/libudev.so
LOAD /home/forlinx/work/OK62xx-linux-sdk/external-toolchain-dir/arm-gnu-toolchain-11.3.rel1-x86_64-aarch64-none-linux-gnu/bin/../aarch64-none-linux-gnu/libc/usr/lib/../lib64/libm.so
LOAD /home/forlinx/work/OK62xx-linux-sdk/external-toolchain-dir/arm-gnu-toolchain-11.3.rel1-x86_64-aarch64-none-linux-gnu/bin/../lib/gcc/aarch64-none-linux-gnu/11.3.1/libgcc.a
LOAD /home/forlinx/work/OK62xx-linux-sdk/external-toolchain-dir/arm-gnu-toolchain-11.3.rel1-x86_64-aarch64-none-linux-gnu/bin/../lib/gcc/aarch64-none-linux-gnu/11.3.1/../../../../aarch64-none-linux-gnu/lib/../lib64/libgcc_s.so
START GROUP
LOAD /home/forlinx/work/OK62xx-linux-sdk/external-toolchain-dir/arm-gnu-toolchain-11.3.rel1-x86_64-aarch64-none-linux-gnu/bin/../lib/gcc/aarch64-none-linux-gnu/11.3.1/../../../../aarch64-none-linux-gnu/lib/../lib64/libgcc_s.so.1
LOAD /home/forlinx/work/OK62xx-linux-sdk/external-toolchain-dir/arm-gnu-toolchain-11.3.rel1-x86_64-aarch64-none-linux-gnu/bin/../lib/gcc/aarch64-none-linux-gnu/11.3.1/libgcc.a
END GROUP
LOAD /home/forlinx/work/OK62xx-linux-sdk/external-toolchain-dir/arm-gnu-toolchain-11.3.rel1-x86_64-aarch64-none-linux-gnu/bin/../aarch64-none-linux-gnu/libc/usr/lib/../lib64/libc.so
START GROUP
LOAD /home/forlinx/work/OK62xx-linux-sdk/external-toolchain-dir/arm-gnu-toolchain-11.3.rel1-x86_64-aarch64-none-linux-gnu/bin/../aarch64-none-linux-gnu/libc/lib64/libc.so.6
LOAD /home/forlinx/work/OK62xx-linux-sdk/external-toolchain-dir/arm-gnu-toolchain-11.3.rel1-x86_64-aarch64-none-linux-gnu/bin/../aarch64-none-linux-gnu/libc/usr/lib64/libc_nonshared.a
LOAD /home/forlinx/work/OK62xx-linux-sdk/external-toolchain-dir/arm-gnu-toolchain-11.3.rel1-x86_64-aarch64-none-linux-gnu/bin/../aarch64-none-linux-gnu/libc/lib/ld-linux-aarch64.so.1
END GROUP
LOAD /home/forlinx/work/OK62xx-linux-sdk/external-toolchain-dir/arm-gnu-toolchain-11.3.rel1-x86_64-aarch64-none-linux-gnu/bin/../lib/gcc/aarch64-none-linux-gnu/11.3.1/libgcc.a
LOAD /home/forlinx/work/OK62xx-linux-sdk/external-toolchain-dir/arm-gnu-toolchain-11.3.rel1-x86_64-aarch64-none-linux-gnu/bin/../lib/gcc/aarch64-none-linux-gnu/11.3.1/../../../../aarch64-none-linux-gnu/lib/../lib64/libgcc_s.so
START GROUP
LOAD /home/forlinx/work/OK62xx-linux-sdk/external-toolchain-dir/arm-gnu-toolchain-11.3.rel1-x86_64-aarch64-none-linux-gnu/bin/../lib/gcc/aarch64-none-linux-gnu/11.3.1/../../../../aarch64-none-linux-gnu/lib/../lib64/libgcc_s.so.1
LOAD /home/forlinx/work/OK62xx-linux-sdk/external-toolchain-dir/arm-gnu-toolchain-11.3.rel1-x86_64-aarch64-none-linux-gnu/bin/../lib/gcc/aarch64-none-linux-gnu/11.3.1/libgcc.a
END GROUP
LOAD /home/forlinx/work/OK62xx-linux-sdk/external-toolchain-dir/arm-gnu-toolchain-11.3.rel1-x86_64-aarch64-none-linux-gnu/bin/../lib/gcc/aarch64-none-linux-gnu/11.3.1/crtend.o
LOAD /home/forlinx/work/OK62xx-linux-sdk/external-toolchain-dir/arm-gnu-toolchain-11.3.rel1-x86_64-aarch64-none-linux-gnu/bin/../aarch64-none-linux-gnu/libc/usr/lib/../lib64/crtn.o
                [!provide]                        PROVIDE (__executable_start = SEGMENT_START ("text-segment", 0x400000))
                0x0000000000400238                . = (SEGMENT_START ("text-segment", 0x400000) + SIZEOF_HEADERS)

.interp         0x0000000000400238       0x1b
 *(.interp)
 .interp        0x0000000000400238       0x1b /home/forlinx/work/OK62xx-linux-sdk/external-toolchain-dir/arm-gnu-toolchain-11.3.rel1-x86_64-aarch64-none-linux-gnu/bin/../aarch64-none-linux-gnu/libc/usr/lib/../lib64/crt1.o

.note.ABI-tag   0x0000000000400254       0x20
 .note.ABI-tag  0x0000000000400254       0x20 /home/forlinx/work/OK62xx-linux-sdk/external-toolchain-dir/arm-gnu-toolchain-11.3.rel1-x86_64-aarch64-none-linux-gnu/bin/../aarch64-none-linux-gnu/libc/usr/lib/../lib64/crt1.o

.note.gnu.build-id
 *(.note.gnu.build-id)

.hash           0x0000000000400278      0x8a0
 *(.hash)
 .hash          0x0000000000400278      0x8a0 /home/forlinx/work/OK62xx-linux-sdk/external-toolchain-dir/arm-gnu-toolchain-11.3.rel1-x86_64-aarch64-none-linux-gnu/bin/../aarch64-none-linux-gnu/libc/usr/lib/../lib64/crt1.o

.gnu.hash       0x0000000000400b18       0x44
 *(.gnu.hash)
 .gnu.hash      0x0000000000400b18       0x44 /home/forlinx/work/OK62xx-linux-sdk/external-toolchain-dir/arm-gnu-toolchain-11.3.rel1-x86_64-aarch64-none-linux-gnu/bin/../aarch64-none-linux-gnu/libc/usr/lib/../lib64/crt1.o

.dynsym         0x0000000000400b60     0x1ae8
 *(.dynsym)
 .dynsym        0x0000000000400b60     0x1ae8 /home/forlinx/work/OK62xx-linux-sdk/external-toolchain-dir/arm-gnu-toolchain-11.3.rel1-x86_64-aarch64-none-linux-gnu/bin/../aarch64-none-linux-gnu/libc/usr/lib/../lib64/crt1.o

.dynstr         0x0000000000402648     0x104f
 *(.dynstr)
 .dynstr        0x0000000000402648     0x104f /home/forlinx/work/OK62xx-linux-sdk/external-toolchain-dir/arm-gnu-toolchain-11.3.rel1-x86_64-aarch64-none-linux-gnu/bin/../aarch64-none-linux-gnu/libc/usr/lib/../lib64/crt1.o

.gnu.version    0x0000000000403698      0x23e
 *(.gnu.version)
 .gnu.version   0x0000000000403698      0x23e /home/forlinx/work/OK62xx-linux-sdk/external-toolchain-dir/arm-gnu-toolchain-11.3.rel1-x86_64-aarch64-none-linux-gnu/bin/../aarch64-none-linux-gnu/libc/usr/lib/../lib64/crt1.o

.gnu.version_d  0x00000000004038d8        0x0
 *(.gnu.version_d)
 .gnu.version_d
                0x00000000004038d8        0x0 /home/forlinx/work/OK62xx-linux-sdk/external-toolchain-dir/arm-gnu-toolchain-11.3.rel1-x86_64-aarch64-none-linux-gnu/bin/../aarch64-none-linux-gnu/libc/usr/lib/../lib64/crt1.o

.gnu.version_r  0x00000000004038d8       0x70
 *(.gnu.version_r)
 .gnu.version_r
                0x00000000004038d8       0x70 /home/forlinx/work/OK62xx-linux-sdk/external-toolchain-dir/arm-gnu-toolchain-11.3.rel1-x86_64-aarch64-none-linux-gnu/bin/../aarch64-none-linux-gnu/libc/usr/lib/../lib64/crt1.o

.rela.dyn       0x0000000000403948       0xa8
 *(.rela.init)
 *(.rela.text .rela.text.* .rela.gnu.linkonce.t.*)
 .rela.text     0x0000000000403948        0x0 /home/forlinx/work/OK62xx-linux-sdk/external-toolchain-dir/arm-gnu-toolchain-11.3.rel1-x86_64-aarch64-none-linux-gnu/bin/../aarch64-none-linux-gnu/libc/usr/lib/../lib64/crt1.o
 *(.rela.fini)
 *(.rela.rodata .rela.rodata.* .rela.gnu.linkonce.r.*)
 .rela.rodata.cst8
                0x0000000000403948        0x0 /home/forlinx/work/OK62xx-linux-sdk/external-toolchain-dir/arm-gnu-toolchain-11.3.rel1-x86_64-aarch64-none-linux-gnu/bin/../aarch64-none-linux-gnu/libc/usr/lib/../lib64/crt1.o
 *(.rela.data .rela.data.* .rela.gnu.linkonce.d.*)
 .rela.data.rel.ro
                0x0000000000403948        0x0 /home/forlinx/work/OK62xx-linux-sdk/external-toolchain-dir/arm-gnu-toolchain-11.3.rel1-x86_64-aarch64-none-linux-gnu/bin/../aarch64-none-linux-gnu/libc/usr/lib/../lib64/crt1.o
 .rela.data     0x0000000000403948        0x0 /home/forlinx/work/OK62xx-linux-sdk/external-toolchain-dir/arm-gnu-toolchain-11.3.rel1-x86_64-aarch64-none-linux-gnu/bin/../aarch64-none-linux-gnu/libc/usr/lib/../lib64/crt1.o
 *(.rela.tdata .rela.tdata.* .rela.gnu.linkonce.td.*)
 *(.rela.tbss .rela.tbss.* .rela.gnu.linkonce.tb.*)
 *(.rela.ctors)
 *(.rela.dtors)
 *(.rela.got)
 .rela.got      0x0000000000403948       0x48 /home/forlinx/work/OK62xx-linux-sdk/external-toolchain-dir/arm-gnu-toolchain-11.3.rel1-x86_64-aarch64-none-linux-gnu/bin/../aarch64-none-linux-gnu/libc/usr/lib/../lib64/crt1.o
 *(.rela.bss .rela.bss.* .rela.gnu.linkonce.b.*)
 .rela.bss      0x0000000000403990       0x60 /home/forlinx/work/OK62xx-linux-sdk/external-toolchain-dir/arm-gnu-toolchain-11.3.rel1-x86_64-aarch64-none-linux-gnu/bin/../aarch64-none-linux-gnu/libc/usr/lib/../lib64/crt1.o
 *(.rela.ifunc)

.rela.plt       0x00000000004039f0     0x1a40
 *(.rela.plt)
 .rela.plt      0x00000000004039f0     0x1a40 /home/forlinx/work/OK62xx-linux-sdk/external-toolchain-dir/arm-gnu-toolchain-11.3.rel1-x86_64-aarch64-none-linux-gnu/bin/../aarch64-none-linux-gnu/libc/usr/lib/../lib64/crt1.o
                [!provide]                        PROVIDE (__rela_iplt_start = .)
 *(.rela.iplt)
 .rela.iplt     0x0000000000405430        0x0 /home/forlinx/work/OK62xx-linux-sdk/external-toolchain-dir/arm-gnu-toolchain-11.3.rel1-x86_64-aarch64-none-linux-gnu/bin/../aarch64-none-linux-gnu/libc/usr/lib/../lib64/crt1.o
                [!provide]                        PROVIDE (__rela_iplt_end = .)

.init           0x0000000000405430       0x18
 *(SORT_NONE(.init))
 .init          0x0000000000405430       0x10 /home/forlinx/work/OK62xx-linux-sdk/external-toolchain-dir/arm-gnu-toolchain-11.3.rel1-x86_64-aarch64-none-linux-gnu/bin/../aarch64-none-linux-gnu/libc/usr/lib/../lib64/crti.o
                0x0000000000405430                _init
 .init          0x0000000000405440        0x8 /home/forlinx/work/OK62xx-linux-sdk/external-toolchain-dir/arm-gnu-toolchain-11.3.rel1-x86_64-aarch64-none-linux-gnu/bin/../aarch64-none-linux-gnu/libc/usr/lib/../lib64/crtn.o

.plt            0x0000000000405450     0x11a0
 *(.plt)
 .plt           0x0000000000405450     0x11a0 /home/forlinx/work/OK62xx-linux-sdk/external-toolchain-dir/arm-gnu-toolchain-11.3.rel1-x86_64-aarch64-none-linux-gnu/bin/../aarch64-none-linux-gnu/libc/usr/lib/../lib64/crt1.o
                0x0000000000405470                g_utf8_validate
                0x0000000000405480                timerfd_create@@GLIBC_2.17
                0x0000000000405490                kill@@GLIBC_2.17
                0x00000000004054a0                l_dbus_message_iter_get_variant@@ELL_0.10
                0x00000000004054b0                fdatasync@@GLIBC_2.17
                0x00000000004054c0                l_dbus_client_set_disconnect_handler@@ELL_0.10
                0x00000000004054d0                l_queue_remove_if@@ELL_0.10
                0x00000000004054e0                l_timeout_create@@ELL_0.10
                0x00000000004054f0                getppid@@GLIBC_2.17
                0x0000000000405500                strncat@@GLIBC_2.17
                0x0000000000405510                msgrcv@@GLIBC_2.17
                0x0000000000405520                pthread_condattr_setclock@@GLIBC_2.34
                0x0000000000405530                l_dbus_proxy_method_call@@ELL_0.10
                0x0000000000405540                unlink@@GLIBC_2.17
                0x0000000000405550                l_timeout_modify@@ELL_0.10
                0x0000000000405560                libusb_close
                0x0000000000405570                strcspn@@GLIBC_2.17
                0x0000000000405580                l_dbus_object_remove_interface@@ELL_0.10
                0x0000000000405590                fgets@@GLIBC_2.17
                0x00000000004055a0                l_queue_clear@@ELL_0.10
                0x00000000004055b0                l_dbus_proxy_get_path@@ELL_0.10
                0x00000000004055c0                settimeofday@@GLIBC_2.17
                0x00000000004055d0                pipe@@GLIBC_2.17
                0x00000000004055e0                toupper@@GLIBC_2.17
                0x00000000004055f0                ftruncate@@GLIBC_2.17
                0x0000000000405600                l_dbus_set_ready_handler@@ELL_0.10
                0x0000000000405610                l_dbus_object_manager_enable@@ELL_0.10
                0x0000000000405620                pthread_mutex_lock@@GLIBC_2.17
                0x0000000000405630                libusb_open
                0x0000000000405640                l_dbus_message_get_error@@ELL_0.10
                0x0000000000405650                l_dbus_name_acquire@@ELL_0.10
                0x0000000000405660                epoll_ctl@@GLIBC_2.17
                0x0000000000405670                clock_gettime@@GLIBC_2.17
                0x0000000000405680                pthread_cond_init@@GLIBC_2.17
                0x0000000000405690                time@@GLIBC_2.17
                0x00000000004056a0                l_dbus_message_new_error@@ELL_0.10
                0x00000000004056b0                strtok@@GLIBC_2.17
                0x00000000004056c0                l_dbus_message_iter_get_fixed_array@@ELL_0.10
                0x00000000004056d0                l_queue_new@@ELL_0.10
                0x00000000004056e0                l_log_set_null@@ELL_0.10
                0x0000000000405700                setenv@@GLIBC_2.17
                0x0000000000405710                l_strdup_printf@@ELL_0.10
                0x0000000000405720                l_io_set_close_on_destroy@@ELL_0.10
                0x0000000000405730                l_dbus_client_set_proxy_handlers@@ELL_0.10
                0x0000000000405740                strsep@@GLIBC_2.17
                0x0000000000405750                rename@@GLIBC_2.17
                0x0000000000405760                strtod@@GLIBC_2.17
                0x0000000000405770                atoi@@GLIBC_2.17
                0x0000000000405780                l_dbus_message_builder_append_basic@@ELL_0.10
                0x0000000000405790                g_strdup
                0x00000000004057a0                l_main_init@@ELL_0.10
                0x00000000004057b0                fstat@@GLIBC_2.33
                0x00000000004057c0                l_main_run_with_signal@@ELL_0.10
                0x00000000004057d0                pthread_cond_broadcast@@GLIBC_2.17
                0x00000000004057e0                l_queue_remove@@ELL_0.10
                0x00000000004057f0                l_dbus_message_builder_finalize@@ELL_0.10
                0x0000000000405800                readlink@@GLIBC_2.17
                0x0000000000405810                getpid@@GLIBC_2.17
                0x0000000000405820                l_queue_find@@ELL_0.10
                0x0000000000405830                socket@@GLIBC_2.17
                0x0000000000405840                libusb_get_device_list
                0x0000000000405850                strcat@@GLIBC_2.17
                0x0000000000405860                snprintf@@GLIBC_2.17
                0x0000000000405870                strncasecmp@@GLIBC_2.17
                0x0000000000405880                l_dbus_client_set_connect_handler@@ELL_0.10
                0x0000000000405890                putchar@@GLIBC_2.17
                0x00000000004058a0                sem_destroy@@GLIBC_2.34
                0x00000000004058b0                pthread_exit@@GLIBC_2.17
                0x00000000004058c0                msgctl@@GLIBC_2.17
                0x00000000004058d0                l_dbus_message_unref@@ELL_0.10
                0x00000000004058e0                fprintf@@GLIBC_2.17
                0x00000000004058f0                sigaction@@GLIBC_2.17
                0x0000000000405900                __cmsg_nxthdr@@GLIBC_2.17
                0x0000000000405910                memcpy@@GLIBC_2.17
                0x0000000000405920                htons@@GLIBC_2.17
                0x0000000000405930                sem_getvalue@@GLIBC_2.34
                0x0000000000405940                sem_wait@@GLIBC_2.34
                0x0000000000405950                __ctype_b_loc@@GLIBC_2.17
                0x0000000000405960                strcasestr@@GLIBC_2.17
                0x0000000000405970                timer_settime@@GLIBC_2.34
                0x0000000000405980                l_dbus_unregister_interface@@ELL_0.10
                0x0000000000405990                fsync@@GLIBC_2.17
                0x00000000004059a0                strncpy@@GLIBC_2.17
                0x00000000004059b0                l_dbus_object_add_interface@@ELL_0.10
                0x00000000004059c0                l_dbus_register_interface@@ELL_0.10
                0x00000000004059d0                realloc@@GLIBC_2.17
                0x00000000004059e0                exit@@GLIBC_2.17
                0x00000000004059f0                __libc_current_sigrtmin@@GLIBC_2.17
                0x0000000000405a00                flock@@GLIBC_2.17
                0x0000000000405a10                munmap@@GLIBC_2.17
                0x0000000000405a20                dup2@@GLIBC_2.17
                0x0000000000405a30                l_dbus_message_set_arguments@@ELL_0.10
                0x0000000000405a40                strftime@@GLIBC_2.17
                0x0000000000405a50                strrchr@@GLIBC_2.17
                0x0000000000405a60                l_dbus_message_ref@@ELL_0.10
                0x0000000000405a70                localtime_r@@GLIBC_2.17
                0x0000000000405a80                execl@@GLIBC_2.17
                0x0000000000405a90                l_queue_peek_tail@@ELL_0.10
                0x0000000000405aa0                g_strndup
                0x0000000000405ab0                sync@@GLIBC_2.17
                0x0000000000405ac0                sleep@@GLIBC_2.17
                0x0000000000405ad0                getopt_long@@GLIBC_2.17
                0x0000000000405ae0                shutdown@@GLIBC_2.17
                0x0000000000405af0                gmtime@@GLIBC_2.17
                0x0000000000405b00                l_dbus_client_new@@ELL_0.10
                0x0000000000405b10                strstr@@GLIBC_2.17
                0x0000000000405b20                signalfd@@GLIBC_2.17
                0x0000000000405b30                sigaddset@@GLIBC_2.17
                0x0000000000405b40                _exit@@GLIBC_2.17
                0x0000000000405b50                ntohs@@GLIBC_2.17
                0x0000000000405b60                pclose@@GLIBC_2.17
                0x0000000000405b70                getsockopt@@GLIBC_2.17
                0x0000000000405b80                pthread_create@@GLIBC_2.34
                0x0000000000405b90                l_io_new@@ELL_0.10
                0x0000000000405ba0                mmap@@GLIBC_2.17
                0x0000000000405bb0                l_queue_foreach_remove@@ELL_0.10
                0x0000000000405bc0                l_dbus_interface_method@@ELL_0.10
                0x0000000000405bd0                ffsll@@GLIBC_2.17
                0x0000000000405be0                wait@@GLIBC_2.17
                0x0000000000405bf0                l_timeout_remove@@ELL_0.10
                0x0000000000405c00                __isoc99_sscanf@@GLIBC_2.17
                0x0000000000405c10                strncmp@@GLIBC_2.17
                0x0000000000405c20                access@@GLIBC_2.17
                0x0000000000405c30                l_dbus_message_get_member@@ELL_0.10
                0x0000000000405c40                abort@@GLIBC_2.17
                0x0000000000405c50                msgsnd@@GLIBC_2.17
                0x0000000000405c60                __isoc99_fscanf@@GLIBC_2.17
                0x0000000000405c70                pthread_condattr_init@@GLIBC_2.17
                0x0000000000405c80                l_main_exit@@ELL_0.10
                0x0000000000405c90                pthread_kill@@GLIBC_2.34
                0x0000000000405ca0                l_dbus_proxy_get_interface@@ELL_0.10
                0x0000000000405cb0                strspn@@GLIBC_2.17
                0x0000000000405cc0                usleep@@GLIBC_2.17
                0x0000000000405cd0                fflush@@GLIBC_2.17
                0x0000000000405ce0                libusb_exit
                0x0000000000405cf0                l_dbus_property_changed@@ELL_0.10
                0x0000000000405d00                pthread_mutex_destroy@@GLIBC_2.17
                0x0000000000405d10                getrandom@@GLIBC_2.25
                0x0000000000405d20                l_io_get_fd@@ELL_0.10
                0x0000000000405d30                writev@@GLIBC_2.17
                0x0000000000405d40                libusb_init
                0x0000000000405d50                __errno_location@@GLIBC_2.17
                0x0000000000405d60                recv@@GLIBC_2.17
                0x0000000000405d70                prctl@@GLIBC_2.17
                0x0000000000405d80                read@@GLIBC_2.17
                0x0000000000405d90                sigprocmask@@GLIBC_2.17
                0x0000000000405da0                l_dbus_message_builder_enter_array@@ELL_0.10
                0x0000000000405db0                perror@@GLIBC_2.17
                0x0000000000405dc0                pthread_cond_wait@@GLIBC_2.17
                0x0000000000405dd0                system@@GLIBC_2.17
                0x0000000000405de0                fork@@GLIBC_2.17
                0x0000000000405df0                l_dbus_method_call@@ELL_0.10
                0x0000000000405e00                dlopen@@GLIBC_2.34
                0x0000000000405e10                fopen@@GLIBC_2.17
                0x0000000000405e20                sem_init@@GLIBC_2.34
                0x0000000000405e30                tolower@@GLIBC_2.17
                0x0000000000405e40                listen@@GLIBC_2.17
                0x0000000000405e50                l_dbus_message_builder_enter_variant@@ELL_0.10
                0x0000000000405e60                l_dbus_proxy_set_property@@ELL_0.10
                0x0000000000405e70                waitid@@GLIBC_2.17
                0x0000000000405e80                write@@GLIBC_2.17
                0x0000000000405e90                socketpair@@GLIBC_2.17
                0x0000000000405ea0                pthread_cond_destroy@@GLIBC_2.17
                0x0000000000405eb0                l_dbus_message_iter_next_entry@@ELL_0.10
                0x0000000000405ec0                vprintf@@GLIBC_2.17
                0x0000000000405ed0                l_dbus_client_set_ready_handler@@ELL_0.10
                0x0000000000405ee0                g_strchomp
                0x0000000000405ef0                __getauxval@@GLIBC_2.17
                0x0000000000405f00                poll@@GLIBC_2.17
                0x0000000000405f10                l_free@@ELL_0.10
                0x0000000000405f20                l_queue_push_tail@@ELL_0.10
                0x0000000000405f30                atof@@GLIBC_2.17
                0x0000000000405f40                l_dbus_message_builder_leave_dict@@ELL_0.10
                0x0000000000405f50                memcmp@@GLIBC_2.17
                0x0000000000405f60                ftok@@GLIBC_2.17
                0x0000000000405f70                l_strdup@@ELL_0.10
                0x0000000000405f80                l_io_destroy@@ELL_0.10
                0x0000000000405f90                fseek@@GLIBC_2.17
                0x0000000000405fa0                malloc@@GLIBC_2.17
                0x0000000000405fb0                l_dbus_remove_watch@@ELL_0.10
                0x0000000000405fc0                timerfd_settime@@GLIBC_2.17
                0x0000000000405fd0                sem_post@@GLIBC_2.34
                0x0000000000405fe0                sigemptyset@@GLIBC_2.17
                0x0000000000405ff0                l_io_set_disconnect_handler@@ELL_0.10
                0x0000000000406000                g_strchug
                0x0000000000406010                l_dbus_message_builder_leave_variant@@ELL_0.10
                0x0000000000406020                l_dbus_destroy@@ELL_0.10
                0x0000000000406030                l_malloc@@ELL_0.10
                0x0000000000406040                geteuid@@GLIBC_2.17
                0x0000000000406050                l_dbus_message_builder_destroy@@ELL_0.10
                0x0000000000406060                l_queue_pop_head@@ELL_0.10
                0x0000000000406070                send@@GLIBC_2.17
                0x0000000000406080                bind@@GLIBC_2.17
                0x0000000000406090                l_io_set_read_handler@@ELL_0.10
                0x00000000004060a0                l_dbus_send@@ELL_0.10
                0x00000000004060b0                pthread_mutex_init@@GLIBC_2.17
                0x00000000004060c0                l_dbus_message_new_method_return@@ELL_0.10
                0x00000000004060d0                waitpid@@GLIBC_2.17
                0x00000000004060e0                fclose@@GLIBC_2.17
                0x00000000004060f0                cfmakeraw@@GLIBC_2.17
                0x0000000000406100                pthread_cond_signal@@GLIBC_2.17
                0x0000000000406110                isatty@@GLIBC_2.17
                0x0000000000406120                ioctl@@GLIBC_2.17
                0x0000000000406130                ntohl@@GLIBC_2.17
                0x0000000000406140                l_dbus_message_get_arguments@@ELL_0.10
                0x0000000000406150                l_queue_length@@ELL_0.10
                0x0000000000406160                strtoul@@GLIBC_2.17
                0x0000000000406170                tcflush@@GLIBC_2.17
                0x0000000000406180                msgget@@GLIBC_2.17
                0x0000000000406190                pthread_mutex_unlock@@GLIBC_2.17
                0x00000000004061a0                epoll_create1@@GLIBC_2.17
                0x00000000004061b0                strcmp@@GLIBC_2.17
                0x00000000004061c0                strtol@@GLIBC_2.17
                0x00000000004061d0                l_dbus_set_disconnect_handler@@ELL_0.10
                0x00000000004061e0                l_dbus_message_builder_new@@ELL_0.10
                0x00000000004061f0                recvmsg@@GLIBC_2.17
                0x0000000000406200                timer_create@@GLIBC_2.34
                0x0000000000406210                l_queue_destroy@@ELL_0.10
                0x0000000000406220                l_queue_foreach@@ELL_0.10
                0x0000000000406230                l_log_with_location@@ELL_0.10
                0x0000000000406240                l_dbus_message_is_error@@ELL_0.10
                0x0000000000406250                l_strfreev@@ELL_0.10
                0x0000000000406260                libusb_get_device_descriptor
                0x0000000000406270                strdup@@GLIBC_2.17
                0x0000000000406280                calloc@@GLIBC_2.17
                0x0000000000406290                getenv@@GLIBC_2.17
                0x00000000004062a0                vsnprintf@@GLIBC_2.17
                0x00000000004062b0                popen@@GLIBC_2.17
                0x00000000004062c0                setsockopt@@GLIBC_2.17
                0x00000000004062d0                gettimeofday@@GLIBC_2.17
                0x00000000004062e0                l_dbus_add_service_watch@@ELL_0.10
                0x00000000004062f0                strchr@@GLIBC_2.17
                0x0000000000406300                statfs@@GLIBC_2.17
                0x0000000000406310                l_dbus_proxy_get_property@@ELL_0.10
                0x0000000000406320                l_queue_get_entries@@ELL_0.10
                0x0000000000406330                mkdir@@GLIBC_2.17
                0x0000000000406340                memchr@@GLIBC_2.17
                0x0000000000406350                accept@@GLIBC_2.17
                0x0000000000406360                l_main_quit@@ELL_0.10
                0x0000000000406370                timer_delete@@GLIBC_2.34
                0x0000000000406380                l_dbus_message_builder_leave_array@@ELL_0.10
                0x0000000000406390                pthread_cond_timedwait@@GLIBC_2.17
                0x00000000004063a0                free@@GLIBC_2.17
                0x00000000004063b0                puts@@GLIBC_2.17
                0x00000000004063c0                tcsetattr@@GLIBC_2.17
                0x00000000004063d0                dlsym@@GLIBC_2.34
                0x00000000004063e0                epoll_wait@@GLIBC_2.17
                0x00000000004063f0                strerror@@GLIBC_2.17
                0x0000000000406400                sendmsg@@GLIBC_2.17
                0x0000000000406410                sprintf@@GLIBC_2.17
                0x0000000000406420                lstat@@GLIBC_2.33
                0x0000000000406430                lseek@@GLIBC_2.17
                0x0000000000406440                fwrite@@GLIBC_2.17
                0x0000000000406450                inet_addr@@GLIBC_2.17
                0x0000000000406460                l_dbus_new_default@@ELL_0.10
                0x0000000000406470                printf@@GLIBC_2.17
                0x0000000000406480                strcpy@@GLIBC_2.17
                0x0000000000406490                memmove@@GLIBC_2.17
                0x00000000004064a0                cfsetspeed@@GLIBC_2.17
                0x00000000004064b0                close@@GLIBC_2.17
                0x00000000004064c0                vfprintf@@GLIBC_2.17
                0x00000000004064d0                __libc_start_main@@GLIBC_2.34
                0x00000000004064e0                l_dbus_interface_property@@ELL_0.10
                0x00000000004064f0                connect@@GLIBC_2.17
                0x0000000000406500                pthread_mutex_trylock@@GLIBC_2.34
                0x0000000000406510                stat@@GLIBC_2.33
                0x0000000000406520                l_dbus_message_builder_enter_dict@@ELL_0.10
                0x0000000000406530                strlen@@GLIBC_2.17
                0x0000000000406540                strcasecmp@@GLIBC_2.17
                0x0000000000406550                htonl@@GLIBC_2.17
                0x0000000000406560                srand@@GLIBC_2.17
                0x0000000000406570                l_dbus_client_destroy@@ELL_0.10
                0x0000000000406580                open@@GLIBC_2.17
                0x0000000000406590                execlp@@GLIBC_2.17
                0x00000000004065a0                l_strsplit@@ELL_0.10
                0x00000000004065b0                memset@@GLIBC_2.17
                0x00000000004065c0                libusb_get_string_descriptor_ascii
                0x00000000004065d0                l_queue_push_head@@ELL_0.10
                0x00000000004065e0                dlclose@@GLIBC_2.34
 *(.iplt)
 .iplt          0x00000000004065f0        0x0 /home/forlinx/work/OK62xx-linux-sdk/external-toolchain-dir/arm-gnu-toolchain-11.3.rel1-x86_64-aarch64-none-linux-gnu/bin/../aarch64-none-linux-gnu/libc/usr/lib/../lib64/crt1.o

.text           0x0000000000406600   0x118d44
 *(.text.unlikely .text.*_unlikely .text.unlikely.*)
 *(.text.exit .text.exit.*)
 *(.text.startup .text.startup.*)
 .text.startup  0x0000000000406600       0x24 /home/forlinx/work/OK62xx-linux-sdk/external-toolchain-dir/arm-gnu-toolchain-11.3.rel1-x86_64-aarch64-none-linux-gnu/bin/../lib/gcc/aarch64-none-linux-gnu/11.3.1/libgcc.a(lse-init.o)
 *(.text.hot .text.hot.*)
 *(SORT_BY_NAME(.text.sorted.*))
 *(.text .stub .text.* .gnu.linkonce.t.*)
 *fill*         0x0000000000406624       0x1c 1f2003d5
 .text          0x0000000000406640       0x44 /home/forlinx/work/OK62xx-linux-sdk/external-toolchain-dir/arm-gnu-toolchain-11.3.rel1-x86_64-aarch64-none-linux-gnu/bin/../aarch64-none-linux-gnu/libc/usr/lib/../lib64/crt1.o
                0x0000000000406640                _start
                0x0000000000406680                _dl_relocate_static_pie
 .text          0x0000000000406684       0x14 /home/forlinx/work/OK62xx-linux-sdk/external-toolchain-dir/arm-gnu-toolchain-11.3.rel1-x86_64-aarch64-none-linux-gnu/bin/../aarch64-none-linux-gnu/libc/usr/lib/../lib64/crti.o
 *fill*         0x0000000000406698        0x8 1f2003d5
 .text          0x00000000004066a0       0xa4 /home/forlinx/work/OK62xx-linux-sdk/external-toolchain-dir/arm-gnu-toolchain-11.3.rel1-x86_64-aarch64-none-linux-gnu/bin/../lib/gcc/aarch64-none-linux-gnu/11.3.1/crtbegin.o
 .text          0x0000000000406744      0x82c CMakeFiles/skf_gw.dir/source/src/common/util_dbg.c.o
                0x0000000000406744                util_dbg_get_curr_time
                0x00000000004067a8                util_dbg_buf_dump
                0x00000000004069b0                util_dbg_fill_froto_msg
                0x0000000000406b08                util_dbg_release_froto_msg
                0x0000000000406b94                util_dbg_copy_file
 .text          0x0000000000406f70     0x5158 CMakeFiles/skf_gw.dir/source/src/general/froto/app_froto_new.c.o
                0x0000000000406f70                app_froto_n_init
                0x0000000000407afc                app_froto_gabage_clean
                0x0000000000407f3c                app_froto_n_parser
                0x000000000040850c                app_froto_n_get_message_type
                0x0000000000409968                app_froto_n_send_with_reply
                0x000000000040a044                app_froto_n_send_with_multiple_replies_first_half
                0x000000000040a778                app_froto_n_send_with_multiple_replies_second_half
                0x000000000040af2c                app_froto_n_simple_send
                0x000000000040b028                app_froto_n_get_message_type_server
 .text          0x000000000040c0c8     0x3840 CMakeFiles/skf_gw.dir/source/src/general/froto/app_froto_common.c.o
                0x000000000040c0c8                app_froto_allocate_msg_seq_no
                0x000000000040c0f4                froto_crc32
                0x000000000040c17c                protobuf_enc_bytes_callback
                0x000000000040c220                protobuf_enc_repeated_mtype_callback
                0x000000000040c504                protobuf_enc_repeated_stype_callback
                0x000000000040c7a0                protobuf_enc_repeated_specific_conf_callback
                0x000000000040ca40                protobuf_enc_repeated_fscheduler_conf_callback
                0x000000000040ccdc                protobuf_enc_repeated_conf_pair_callback
                0x000000000040d34c                protobuf_enc_timearray_callback
                0x000000000040d5ec                protobuf_dec_bytes_callback
                0x000000000040d68c                protobuf_dec_acked_seq_number_callback
                0x000000000040d89c                protobuf_dec_timearray_callback
                0x000000000040daac                protobuf_dec_data_pair_callback
                0x000000000040ed84                protobuf_dec_config_pair_callback
 .text          0x000000000040f908     0x17f0 CMakeFiles/skf_gw.dir/source/src/general/froto/decoder/app_froto_data_upload_decoder.c.o
                0x000000000040f908                app_froto_data_upload_parser
 .text          0x00000000004110f8     0x6a00 CMakeFiles/skf_gw.dir/source/src/general/froto/decoder/app_froto_config_decoder.c.o
                0x00000000004110f8                app_froto_config_hash_upload_parser
                0x0000000000412414                app_froto_specific_config_upload_parser
                0x00000000004146f4                app_froto_config_dissem_parser
                0x00000000004169d4                app_froto_config_retrieve_parser
 .text          0x0000000000417af8     0x7220 CMakeFiles/skf_gw.dir/source/src/general/froto/decoder/app_froto_fuota_decoder.c.o
                0x0000000000417af8                app_froto_current_version_upload_parser
                0x0000000000418d74                app_froto_fuota_status_parser
                0x0000000000419ff0                app_froto_image_block_request_parser
                0x000000000041b314                app_froto_image_block_retrieve_parser
                0x000000000041c638                app_froto_file_notify_dissem_parser
                0x000000000041d97c                app_froto_image_block_dissem_parser
 .text          0x000000000041ed18      0x5ac CMakeFiles/skf_gw.dir/source/src/general/froto/encoder/app_froto_command_encoder.c.o
                0x000000000041ed18                app_froto_n_encode_msg_command_dissem
 .text          0x000000000041f2c4     0x14e8 CMakeFiles/skf_gw.dir/source/src/general/froto/encoder/app_froto_config_encoder.c.o
                0x000000000041f2c4                app_froto_n_encode_msg_config_dissem
                0x0000000000420184                app_froto_n_encode_msg_config_retrieve
 .text          0x00000000004207ac      0x710 CMakeFiles/skf_gw.dir/source/src/general/froto/encoder/app_froto_data_selection_encoder.c.o
                0x00000000004207ac                app_froto_n_encode_msg_data_selection
 .text          0x0000000000420ebc     0x22cc CMakeFiles/skf_gw.dir/source/src/general/froto/encoder/app_froto_fuota_encoder.c.o
                0x0000000000420ebc                app_froto_n_encode_msg_version_retrieve
                0x0000000000421338                app_froto_n_encode_msg_fuota_notify_dissem
                0x0000000000421ac8                app_froto_n_encode_msg_image_block_dissem
                0x0000000000422010                app_froto_n_encode_msg_image_block_upload
                0x0000000000422558                app_froto_n_encode_msg_image_block_request
                0x0000000000422a0c                app_froto_n_encode_msg_file_notify_upload
 .text          0x0000000000423188        0x0 CMakeFiles/skf_gw.dir/source/src/general/sensorInterface/sensor_interface_insight_predict.c.o
 .text          0x0000000000423188        0x0 CMakeFiles/skf_gw.dir/source/src/general/sensorInterface/sensor_interface_insight_predict_pro.c.o
 .text          0x0000000000423188     0x41a8 CMakeFiles/skf_gw.dir/source/src/general/serviceInterface/mobile_server_interface.c.o
                0x0000000000423188                getMobileServiceIntf
                0x0000000000423a64                thandler_BLEMobileServer
 .text          0x0000000000427330     0x6004 CMakeFiles/skf_gw.dir/source/src/sys_def.c.o
                0x0000000000427330                sys_init_set_dbus
                0x000000000042749c                sys_init_get_dbus
                0x0000000000427664                sys_dump_dbus_proxy_queue
                0x0000000000427df4                sys_init_set_msgid
                0x0000000000427ebc                sys_get_msgid_to_pro_general
                0x0000000000427f4c                sys_get_msgid_from_pro_general
                0x0000000000427fdc                sys_init_app_management
                0x00000000004289b8                sys_destroy_app_management
                0x000000000042a24c                sys_get_proxy_adapter1
                0x000000000042a520                sys_get_proxy_le_adv_manager1
                0x000000000042a5a8                sys_set_connected_proxy
                0x000000000042a700                sys_get_connected_proxy
                0x000000000042a7b8                sys_set_con_in_progress_flg
                0x000000000042a7e4                sys_get_con_in_progress_flg
                0x000000000042a804                sys_set_bluetooth_role
                0x000000000042a828                sys_get_bluetooth_role
                0x000000000042a8b0                sys_set_gw_id_string
                0x000000000042a9d8                sys_get_gw_id_string
                0x000000000042a9f8                sys_set_active_bt_device
                0x000000000042ab38                sys_get_active_bt_device
                0x000000000042ab58                sys_set_bt_white_list
                0x000000000042ac58                sys_get_bt_white_list
                0x000000000042ad28                sys_add_proxy
                0x000000000042b8c8                sys_get_mgt
                0x000000000042c474                sys_remove_proxy
                0x000000000042cc58                sys_property_changed
                0x000000000042ced0                sys_get_gatt_service_queue
                0x000000000042cf58                sys_get_gatt_descriptor_queue
                0x000000000042cfe0                sys_get_gatt_characteristic_queue
                0x000000000042d068                sys_get_mtx_for_gatt_chrc_queue
                0x000000000042d0f0                sys_get_devices_queue
                0x000000000042d178                sys_create_file_for_ipc
                0x000000000042d2ec                sys_get_gwConfig_and_dev
                0x000000000042d2f8                sys_is_platform_big_endian
 .text          0x000000000042d334     0x495c CMakeFiles/skf_gw.dir/source/src/bt_common.c.o
                0x000000000042dae4                bt_common_scanning_init
                0x000000000042dbf8                bt_common_scanning_deinit
                0x000000000042dc18                bt_common_turn_on_sanning
                0x000000000042de90                bt_common_turn_on_scanning
                0x000000000042e1a4                bt_com_turn_on_le_advertisement
                0x000000000042e274                bt_com_turn_off_le_advertisement
                0x000000000042e4a4                bt_common_set_powered
                0x000000000042e998                bt_common_turn_off_scanning
                0x000000000042ef80                bt_common_get_proxy_addr
                0x000000000042f53c                bt_common_to_find_dev_proxy
                0x000000000042f6a8                bt_common_to_find_dev_proxy_by_addrstr
                0x000000000042f78c                refresh_white_list
                0x000000000042fd68                bt_common_to_find_dev_proxy_on_white_list
                0x00000000004303f0                bt_common_to_find_dev_proxy_by_name
                0x00000000004305d8                client_charac_read_value_reply
                0x00000000004307f8                udata_destroy_for_charac_read_value
                0x00000000004308a0                bt_common_ble_charac_readvalue
                0x0000000000430d04                bt_common_rm_devices
                0x00000000004311a4                bt_common_set_gateway_id
                0x0000000000431484                bt_common_swtich_bt_connection
 .text          0x0000000000431c90      0x5c4 CMakeFiles/skf_gw.dir/source/src/sys_timer.c.o
                0x0000000000431fb0                sys_timer_callback
                0x00000000004321ac                sys_timer_destroy_callback
 .text          0x0000000000432254     0x4fd0 CMakeFiles/skf_gw.dir/source/src/bt_advertising.c.o
                0x0000000000432254                bt_advertising_get_arguments_str
                0x000000000043262c                bt_advertising_get_nmstr
                0x0000000000432770                bt_advertising_set_local_name
                0x00000000004329bc                bt_advertising_set_includes_tx_power
                0x00000000004329e8                bt_advertising_set_adv_interval
                0x0000000000432cb8                bt_advertising_set_includes_name
                0x0000000000432d1c                bt_advertising_set_includes_appearance
                0x0000000000432d68                bt_advertising_clear_ad_info
                0x0000000000434154                bt_ad_destroy_interface
                0x00000000004341fc                bt_ad_msg_setup_for_reg_advertisement
                0x00000000004342f4                bt_ad_msg_setup_for_getll
                0x00000000004343d4                bt_ad_result_from_reg_advertisement
                0x00000000004345cc                bt_ad_result_from_getall
                0x00000000004347c4                bt_ad_destroy_for_reg_advertisement
                0x0000000000434930                bt_advertising_register_v2
                0x0000000000435068                bt_advertising_register
                0x0000000000435988                bt_ad_destroy_for_unreg_advertisement
                0x000000000043599c                bt_advertising_unregister
                0x0000000000435d38                bt_ad_find_proxy_for_leadvertisement
                0x0000000000435de0                bt_ad_register_object
                0x0000000000436948                bt_ad_register_advertisement
                0x0000000000437018                bt_ad_unregister_advertisement
 .text          0x0000000000437224      0xe4c CMakeFiles/skf_gw.dir/source/src/ble/bt_advertising_new.c.o
                0x0000000000437224                bt_adv_n_get_adv_ctr
                0x0000000000437230                bt_adv_n_init_adv_ctr
                0x00000000004372d4                bt_adv_n_set_dbus_handler
                0x0000000000437370                bt_adv_n_get_dbus_handler
                0x0000000000437404                bt_adv_n_set_adv_manager_proxy
                0x00000000004376d4                bt_adv_n_get_adv_manager_proxy
                0x0000000000437768                bt_adv_n_set_adv_gwid_string
                0x0000000000437aac                bt_adv_n_get_gwid_str
                0x0000000000437b34                bt_adv_n_turn_on_le_advertisement
                0x0000000000437e60                bt_adv_n_turn_off_le_advertisement
 .text          0x0000000000438070     0x4e4c CMakeFiles/skf_gw.dir/source/src/ble/bt_connection_new.c.o
                0x00000000004384b8                bt_con_n_take_proxy_recovery_required
                0x0000000000438504                bt_con_n_get_con_ctr
                0x0000000000438510                bt_con_n_init_con_controller
                0x00000000004388c0                bt_con_n_deinit_con_controller
                0x000000000043912c                bt_con_n_disconnect_from_dev
                0x000000000043a41c                bt_con_n_connect_to_dev
                0x000000000043ae70                bt_con_n_append_dev_proxy
                0x000000000043b4e4                bt_con_n_append_chr_proxy_to_queue
                0x000000000043ba78                bt_con_n_remove_dev_proxy
                0x000000000043bec0                bt_con_n_remove_chr_proxy_from_queue
                0x000000000043c54c                bt_con_n_proxy_property_changed
                0x000000000043c924                bt_con_n_service_property_changed
                0x000000000043cd64                bt_con_n_dev_queue_periodic_refresh
 .text          0x000000000043cebc     0x40bc CMakeFiles/skf_gw.dir/source/src/ble/bt_gatt_new.c.o
                0x000000000043d31c                bt_gatt_n_acquire_notify
                0x000000000043d780                bt_gatt_n_aquire_peer_tx_notification
                0x000000000043e05c                bt_gatt_n_write_data_to_peer_rx
                0x000000000043ec1c                sock_io_new_v1
                0x000000000043f5b4                bt_gatt_n_register_local_service
                0x0000000000440040                bt_gatt_n_unregister_local_service
                0x00000000004408dc                bt_gatt_n_write_data_to_local_tx
                0x0000000000440c4c                bt_gatt_n_find_connected_dev_proxy
 .text          0x0000000000440f78     0x36ac CMakeFiles/skf_gw.dir/source/src/bt_connection.c.o
                0x000000000044115c                bt_con_is_dev_paired
                0x0000000000441370                bt_con_is_dev_connected
                0x00000000004415bc                bt_con_pair
                0x0000000000441be8                bt_con_connect
                0x0000000000442f38                bt_con_search_for_sensor_and_connect
                0x000000000044425c                bt_con_disconnect
 .text          0x0000000000444624     0x11d0 CMakeFiles/skf_gw.dir/source/src/bt_agent.c.o
                0x0000000000444624                bt_agent_get_io_capability_string
                0x000000000044471c                agent_cb_request_pincode
                0x00000000004453f8                destroy_for_agent_register
                0x00000000004454a4                bt_agent_register
                0x00000000004457ec                bt_agent_unregister
 .text          0x00000000004457f4     0xf204 CMakeFiles/skf_gw.dir/source/src/bt_gatt.c.o
                0x00000000004457f4                get_g_notify_io
                0x0000000000445c50                bt_gatt_find_characteristic
                0x0000000000445db4                bt_gatt_is_btchr_registration_done
                0x00000000004468c8                bt_gatt_charac_write_value
                0x00000000004472bc                bt_gatt_charac_write_value_v2
                0x00000000004483d4                sock_io_new
                0x0000000000448cfc                bt_gatt_acquire_notify_v2
                0x0000000000449654                bt_gatt_release_notify
                0x000000000044df70                bt_gatt_register_characteristic
                0x000000000044f100                bt_gatt_unregister_characteristic
                0x00000000004502e0                bt_gatt_register_descriptor
                0x000000000045145c                bt_gatt_register_service
                0x0000000000451c50                bt_gatt_unregister_service
                0x0000000000452430                bt_gatt_register_application
                0x0000000000452930                bt_gatt_unregister_application
                0x0000000000452a6c                bt_gatt_local_service_send_notification
                0x000000000045330c                bt_gatt_local_service_send_notification_v2
                0x0000000000453d98                bt_gatt_charac_send_notification
                0x00000000004542b8                bt_gatt_is_notification_acquired
                0x00000000004547bc                bt_gatt_acquire_notify
 .text          0x00000000004549f8      0x518 CMakeFiles/skf_gw.dir/source/src/app_local_service.c.o
                0x00000000004549f8                app_register_local_service
 .text          0x0000000000454f10     0x7400 CMakeFiles/skf_gw.dir/source/src/app_pro_general.c.o
                0x0000000000454f3c                app_pro_gen_get_wq_ipc_msg_ctr
                0x0000000000454f48                app_pro_gen_init_ctr
                0x0000000000454ff4                app_pro_gen_deinit_ctr
                0x0000000000455048                app_pro_gen_allocate_msg_seq_no
                0x00000000004550a0                app_pro_gen_get_ctr
                0x00000000004550ac                app_pro_gen_set_active_client_id_str
                0x0000000000455260                app_pro_gen_get_active_client_id_str
                0x0000000000455350                app_pro_gen_get_bluetooth_role
                0x00000000004553dc                app_pro_gen_set_msgid
                0x000000000045548c                app_pro_gen_get_msgid_to_pro_ble
                0x00000000004554a4                app_pro_get_msgid_from_pro_ble
                0x00000000004554bc                app_pro_gen_get_connection_state
                0x00000000004554d4                app_pro_gen_set_gateway_idstr
                0x0000000000455584                app_pro_gen_get_gateway_idstr
                0x00000000004555b0                app_pro_gen_get_mac_array
                0x0000000000455910                app_pro_gen_get_active_sensor_type
                0x0000000000455f6c                app_pro_gen_get_active_sensor_type_v2
                0x0000000000455fb4                app_pro_gen_update_gwconf_except_childlist
                0x0000000000456198                app_pro_gen_update_gwconf_childlist
                0x000000000045bc68                app_pro_general
 .text          0x000000000045c310     0x21dc CMakeFiles/skf_gw.dir/source/src/general/app_pro_general_new.c.o
                0x000000000045c9f8                app_pro_general_n_get_con_ctr
                0x000000000045ca04                app_pro_general_new
                0x000000000045e350                app_pro_update_dev_list
                0x000000000045e400                monitor_child_process
 .text          0x000000000045e4ec     0x6f1c CMakeFiles/skf_gw.dir/source/src/app_pro_ble.c.o
                0x0000000000464940                app_pro_ble
                0x0000000000464c4c                app_pro_hanlder_for_cmd
 .text          0x0000000000465408     0x384c CMakeFiles/skf_gw.dir/source/src/ble/app_pro_ble_new.c.o
                0x0000000000465824                app_pro_ble_new
 .text          0x0000000000468c54      0xa04 CMakeFiles/skf_gw.dir/source/src/main.c.o
                0x0000000000468c54                time_cbk
                0x0000000000469140                main
 .text          0x0000000000469658     0x2490 CMakeFiles/skf_gw.dir/source/src/test_le_connect.c.o
                0x0000000000469d40                app_dbus_message_func_sdmsg
                0x0000000000469e8c                app_dbus_client_proxy_result_func_recvmsg
                0x0000000000469f3c                app_dbus_message_func_recvmsg
                0x000000000046a240                app_dbus_message_func_sdmsg_to_set_power_on
                0x000000000046a3e0                app_dbus_message_func_recvmsg_from_set_power_on
                0x000000000046a48c                app_dbus_msg_setup_for_start_discovery
                0x000000000046a548                app_dbus_msg_for_start_discovery_reply
                0x000000000046a5f8                app_dbus_msg_setup_for_scan_filter
                0x000000000046a734                app_dbus_msg_for_scan_filter_reply
                0x000000000046b54c                pro_ble_handler
 .text          0x000000000046bae8     0x3a38 CMakeFiles/skf_gw.dir/source/src/app_common.c.o
                0x000000000046bae8                app_com_get_data_trans_ctr
                0x000000000046baf4                app_com_get_notification_trans_ctr
                0x000000000046bb00                app_com_init_data_trans_ctr
                0x000000000046bcdc                app_com_destroy_data_trans_ctr
                0x000000000046bd8c                app_com_post_to_data_trans_queue
                0x000000000046c000                app_com_wait_for_data_trans_queue
                0x000000000046c168                app_com_release_data_unit
                0x000000000046c210                app_com_init_pthread_cond_var_ctr
                0x000000000046c540                app_com_deinit_pthread_cond_var_ctr
                0x000000000046c780                app_com_set_network_configuration
                0x000000000046d208                app_com_setup_system_timesyncd
                0x000000000046dc18                DH_GetDiskAvailSpaceMB
                0x000000000046de04                app_com_init_gpio_for_lte_ctr
                0x000000000046de94                app_com_set_lte_power_supply
                0x000000000046df88                app_com_is_lte_module_attached
                0x000000000046e618                app_com_set_lte_con_state
                0x000000000046e8dc                app_com_get_the_best_network
                0x000000000046e8f0                app_com_set_up_route_for_dhcp
                0x000000000046ed84                app_com_set_up_default_route
                0x000000000046f284                app_com_set_wwan0_managed
 .text          0x000000000046f520     0xc8c0 CMakeFiles/skf_gw.dir/source/src/util_froto.c.o
                0x000000000046f520                util_froto_bullet_crc32
                0x000000000046f5a8                util_froto_bullet_elfhash
                0x000000000046f8dc                util_froto_cal_config_hash_value
                0x0000000000471974                util_froto_test
                0x0000000000471c70                util_froto_encode_msg
                0x0000000000471fbc                util_froto_release_encoded_msg
                0x0000000000471fe8                util_froto_release_encoded_msg_v2
                0x00000000004721ac                util_froto_fill_header
                0x00000000004725a8                protobuf_encode_int_array_callback
                0x000000000047495c                util_froto_fill_msg_specific_config_dissem
                0x0000000000474ce8                util_froto_fill_msg_config_dissem_set_time
                0x0000000000474fdc                util_froto_fill_msg_data_selection_retrieve_battery
                0x00000000004753b4                util_froto_fill_msg_data_selection_retrieve_data
                0x0000000000475854                util_froto_fill_msg_data_selection
                0x0000000000475ca0                util_froto_fill_msg_data_selection_v2
                0x0000000000476108                util_froto_fill_msg_data_selection_v3
                0x0000000000476528                util_froto_fill_msg_data_selection_with_mtype_msg
                0x00000000004768c0                util_froto_fill_msg_command_dissem
                0x0000000000476d20                util_froto_fill_msg_version_retrieve
                0x00000000004775c4                idstr_to_bytes_array
                0x0000000000477814                ipstr_to_bytes_array
                0x0000000000477b7c                util_froto_fill_msg_config_retrieve
                0x0000000000477f80                util_froto_fill_msg_fuota_notify_dissem
                0x0000000000478364                util_froto_fill_msg_img_block_dissem
                0x0000000000478938                util_froto_fill_msg_up_data_upload
                0x0000000000478c14                util_froto_fill_msg_up_image_block_request
                0x0000000000478db4                util_froto_fill_msg_up_file_notify_upload
                0x0000000000478f90                util_froto_fill_msg_up_image_block_upload
                0x0000000000479188                util_froto_fill_msg_up_current_version_upload
                0x000000000047935c                util_froto_pick_appmsg_tag
                0x00000000004795cc                util_froto_decoder_for_msg_config_hash_upload
                0x0000000000479cfc                util_froto_format_msg_info
                0x000000000047aa3c                util_froto_dump_msg_tree
                0x000000000047adc4                util_froto_locate_msg_node
                0x000000000047b0e4                util_froto_locate_msg_node_v2
                0x000000000047b410                util_froto_release_msg_tree
                0x000000000047b634                util_froto_msg_decoding_test
 .text          0x000000000047bde0     0x129c CMakeFiles/skf_gw.dir/source/src/util_froto_datawrap.c.o
                0x000000000047bde0                protobuf_encode_svarint_callback
                0x000000000047c15c                protobuf_encode_bytes_callback
                0x000000000047c328                protobuf_encode_bytes
                0x000000000047c35c                protobuf_decode_bytes
                0x000000000047c390                decode_unionmessage_type
                0x000000000047c434                decode_one_filed
                0x000000000047c514                decode_submessage_contents
                0x000000000047c584                encode_submessage
                0x000000000047c6cc                encode_submessage_v2
                0x000000000047c968                decode_froto_header
                0x000000000047ca7c                encode_froto_header
                0x000000000047cbf4                protobuf_encode_repeated_varint_callback
                0x000000000047cdcc                protobuf_encode_repeated_mtype_callback
                0x000000000047cec8                protobuf_encode_repeated_mtype_by_msg_callback
                0x000000000047cf80                protobuf_encode_repeated_sensor_callback
 .text          0x000000000047d07c      0x598 CMakeFiles/skf_gw.dir/source/src/app_getConfigure.c.o
                0x000000000047d0a8                getChildMACList
 .text          0x000000000047d614      0x6f8 CMakeFiles/skf_gw.dir/source/src/app_waiting_queue.c.o
                0x000000000047d614                app_wq_init_ctr
                0x000000000047d7f0                app_wq_post_to_waiting_queue
                0x000000000047daf8                app_wq_wait_for_data_trans_queue
                0x000000000047dbb4                app_wq_release_data_unit
                0x000000000047dc5c                app_wq_destroy_ctr
 .text          0x000000000047dd0c     0xe708 CMakeFiles/skf_gw.dir/source/src/app_froto.c.o
                0x0000000000480c80                app_froto_update_image_dissem_waiting_obj
                0x0000000000481878                app_froto_set_force_fuota
                0x0000000000481900                app_clear_force_fuota
                0x0000000000481ea0                app_froto_img_dissemination_with_block
                0x0000000000482d20                app_froto_pick_conf_hash_value_and_edit_time
                0x0000000000483168                app_froto_pick_sensor_conf_info
                0x0000000000484034                app_froto_incomming_msg_handler
                0x0000000000485474                app_froto_get_file_send_ctr
                0x0000000000485480                app_froto_allocate_file_send_id
                0x000000000048551c                app_froto_get_file_recv_ctr
                0x0000000000485528                app_froto_init_file_trans_ctr
                0x0000000000485648                app_froto_definit_file_trans_ctr
                0x00000000004856fc                app_froto_create_file_trans_task
                0x0000000000485cd0                app_froto_remove_file_trans_task
                0x0000000000485e34                app_froto_pick_total_blk_num
                0x000000000048609c                app_froto_pick_current_blk_idx
                0x0000000000486304                app_froto_get_node_queue
                0x00000000004863e4                app_froto_get_node
                0x0000000000486670                app_froto_get_shortdata_xfer_timer_ctr
                0x000000000048667c                app_froto_get_longdata_xfer_timer_ctr
                0x0000000000486688                app_froto_init_shortdata_xfer_timer_ctr
                0x00000000004869e0                app_froto_deinit_shortdata_xfer_timer_ctr
                0x0000000000486bac                app_froto_init_longdata_xfer_timer_ctr
                0x0000000000486f04                app_froto_deinit_longdata_xfer_timer_ctr
                0x0000000000487364                to_get_waiting_period
                0x0000000000487388                is_mtype_to_file
                0x00000000004873f4                app_froto_send_data_selection_request
                0x0000000000487a5c                app_froto_send_data_selection_request_by_mtype_msg
                0x0000000000488168                app_froto_dtselect_reset_timer
                0x00000000004896b8                app_froto_to_dump_dtitem
                0x0000000000489e58                app_froto_data_uploading_handler
                0x000000000048ae7c                app_froto_retrieve_sensor_fw_version_info
 .text          0x000000000048c414      0x994 CMakeFiles/skf_gw.dir/source/src/app_cjson.c.o
                0x000000000048c4ec                app_cjson_jsonstr_to_gwconfig
                0x000000000048c934                app_cjson_gwconfig_to_jsonstr
                0x000000000048cc44                app_cjson_release_chilren_list
 .text          0x000000000048cda8    0x18f04 CMakeFiles/skf_gw.dir/source/src/general/app_db.c.o
                0x000000000048ce7c                app_db_get_dbop_controller
                0x000000000048ce88                app_db_allocate_ipc_seqno
                0x000000000048cf00                app_db_init_dbop_controller
                0x000000000048cf44                app_db_deinit_dpop_controller
                0x000000000048cf8c                app_db_init_dbop_resp_waiting_obj
                0x000000000048cffc                app_db_deinit_dbop_resp_waiting_obj
                0x000000000048d028                app_db_put_dbop_waiting_obj_on_queue
                0x000000000048d0e8                app_db_remove_dbop_waiting_obj_from_queue
                0x000000000048d300                app_db_signal_and_pop_dbop_waiting_obj
                0x000000000048d578                app_db_handle_command_from_db
                0x000000000048d718                app_db_get_report_handler
                0x000000000048d724                app_db_init_report_handler
                0x000000000048d7e0                app_db_deinit_report_handler
                0x000000000048d89c                app_db_put_db_table_update_event_on_queue
                0x000000000048da20                app_db_put_db_report_on_queue
                0x000000000048dba0                app_db_init_database_op_ctr
                0x000000000048dd1c                app_db_deinit_database_op_ctr
                0x000000000048dd90                app_db_get_database_op_ctr
                0x000000000048dd9c                app_db_fetch_filtered_index
                0x000000000048e544                app_db_load_sensor_data
                0x0000000000494338                app_db_read_sensor_conf_from_db
                0x0000000000494994                app_db_fetch_sensor_conf_from_db
                0x0000000000495c48                app_db_read_gateway_conf_from_db
                0x0000000000496714                app_db_read_dev_info_from_db
                0x0000000000496d64                app_db_fetch_children_mac_array_from_db_v2
                0x0000000000497afc                app_db_fetch_devlist
                0x0000000000498214                app_db_fetch_gwconf_and_dev_from_db
                0x0000000000498cb8                app_db_fetch_gwconf_without_dev_from_db
                0x0000000000499264                app_db_fetch_gwconf_and_dev_from_db_to_file
                0x0000000000499424                app_db_fetch_a_device_info_from_db_based_on_macaddr
                0x000000000049ab4c                app_db_deliver_sensor_conf_to_db
                0x000000000049c244                app_db_deliver_gateway_conf_to_db
                0x000000000049d66c                app_db_deliver_dev_to_db
                0x000000000049de4c                app_db_deliver_gwconf_and_dev_to_db_from_json
                0x000000000049f01c                app_db_deliver_sensordata_sit_to_db_noblock
                0x00000000004a0794                app_db_delete_item_in_db
                0x00000000004a0dc0                app_db_clear_table
                0x00000000004a16f0                app_db_gabage_cleanup
                0x00000000004a1f0c                thandler_db_modification_report
                0x00000000004a212c                app_db_set_db_modification_readout_enable_fg
                0x00000000004a2144                app_db_clear_db_modification_readout_enable_fg
                0x00000000004a21f4                app_db_get_db_modification_readout_enable_fg
                0x00000000004a2204                thandler_db_modification_readout
                0x00000000004a4fcc                app_db_handler_for_msg_from_database_v2
                0x00000000004a5954                thandler_db_data_update
                0x00000000004a5c9c                app_db_fetch_lastRegularSensingMeasID
 .text          0x00000000004a5cac     0x5e34 CMakeFiles/skf_gw.dir/source/src/app_gw_scheduler.c.o
                0x00000000004a5cac                app_sch_init_resp_waiting_obj
                0x00000000004a5d20                app_sch_deinit_resp_waiting_obj
                0x00000000004a5d4c                app_sch_init_resp_waiting_ctr
                0x00000000004a5d80                app_sch_deinit_resp_waiting_ctr
                0x00000000004a5dc8                app_sch_get_resp_waiting_ctr
                0x00000000004a5dd4                app_sch_put_waiting_obj_on_queue
                0x00000000004a5e18                app_sch_remove_waiting_obj_from_queue
                0x00000000004a5ea4                app_sch_signal_and_pop_resp_waiting_obj
                0x00000000004a6100                app_sch_set_active_btdevice
                0x00000000004a645c                app_sch_set_bt_white_list
                0x00000000004a68c8                app_sch_switch_bt_connection
                0x00000000004a6bd8                app_sch_get_sensor_op_controller
                0x00000000004a6be4                app_sch_init_sensor_op_controller
                0x00000000004a6c1c                app_sch_deinit_sensor_op_controller
                0x00000000004a6c64                app_sch_init_sensor_op_waiting_obj
                0x00000000004a6ce0                app_sch_set_seq_no_to_sensor_op_waiting_obj
                0x00000000004a6d04                app_sch_set_timval_to_sensor_op_waiting_obj
                0x00000000004a6d28                app_sch_set_resp_event_to_sensor_op_waiting_obj
                0x00000000004a6d4c                app_sch_deinit_sensor_op_waiting_obj
                0x00000000004a6d8c                app_sch_sensor_waiting_obj_update_timval_and_msg_seq_no
                0x00000000004a6de4                app_sch_put_sensor_op_waiting_obj_on_queue
                0x00000000004a6f40                queue_match_for_sensor_waiting
                0x00000000004a7704                app_sch_signal_and_pop_sensor_op_waiting_obj
                0x00000000004a7ae0                app_sch_remove_sensor_op_waiting_obj_from_queue
                0x00000000004a7b38                to_load_sensor_configuration_from_database
                0x00000000004a7b50                to_read_sensor_configuration_from_sensor
                0x00000000004a7b68                app_sch_sync_sensor_configuration
                0x00000000004a7c0c                app_sch_read_conf_hash_and_last_edit_time
                0x00000000004a810c                app_sch_read_sensor_conf
                0x00000000004a832c                to_set_sensor_conf
                0x00000000004aa2c8                app_sch_read_sensor_conf_v2
                0x00000000004aab04                app_sch_init_sensor_config_for_test
                0x00000000004ab05c                app_sch_set_sensor_conf
                0x00000000004ab930                app_sch_synchronize_time
 .text          0x00000000004abae0      0xa74 CMakeFiles/skf_gw.dir/source/src/general/app_tim_service.c.o
                0x00000000004abae0                app_tim_get_ble_reading_timeout_fg
                0x00000000004abaf0                app_tim_set_ble_reading_timeout_fg
                0x00000000004abdf4                thandler_tim_service
 .text          0x00000000004ac554     0x1910 CMakeFiles/skf_gw.dir/source/src/general/app_io.c.o
                0x00000000004ac554                app_io_key_test
                0x00000000004ac748                app_io_key_get_state
                0x00000000004ace54                app_io_get_led_ctr
                0x00000000004ace60                app_io_init_led_controller
                0x00000000004ad074                app_io_deinit_led_controller
                0x00000000004ad128                app_io_init_gpio_for_led
                0x00000000004ad374                app_io_post_led_event
                0x00000000004ad438                app_io_set_led_state
                0x00000000004ad78c                thandler_for_led_control
 .text          0x00000000004ade64     0x21e8 CMakeFiles/skf_gw.dir/source/src/ble/app_hci_evt_mgmt_new.c.o
                0x00000000004adf70                app_hci_init_dtpacket_saving_ctr
                0x00000000004ae120                app_hci_get_dtpacket_saving_ctr
                0x00000000004ae12c                app_hci_update_bt_white_list
                0x00000000004aeb6c                app_hci_get_pipefd_for_writting
                0x00000000004aeb7c                app_hci_get_pipefd_for_reading
                0x00000000004aeb8c                app_hci_create_pipe_fds
                0x00000000004aec34                app_hci_report_event
                0x00000000004aedc8                app_hci_fill_adv_report_info
                0x00000000004afb20                thandler_hci_event
 .text          0x00000000004b004c     0x3154 CMakeFiles/skf_gw.dir/source/src/common/bt_hcitool.c.o
                0x00000000004b03c8                bt_hcitool_set_tx_power
                0x00000000004b0bbc                bt_hcitool_get_tx_power
                0x00000000004b1fb0                bt_hcitool_set_bluetooth_phy
                0x00000000004b2358                bt_hcitool_set_bluetooth_connection_param
 .text          0x00000000004b31a0     0x5898 CMakeFiles/skf_gw.dir/source/src/cjson/cJSON.c.o
                0x00000000004b31a0                cJSON_GetErrorPtr
                0x00000000004b31c0                cJSON_GetStringValue
                0x00000000004b31f4                cJSON_GetNumberValue
                0x00000000004b322c                cJSON_Version
                0x00000000004b33b0                cJSON_InitHooks
                0x00000000004b351c                cJSON_Delete
                0x00000000004b3864                cJSON_SetNumberHelper
                0x00000000004b38f0                cJSON_SetValuestring
                0x00000000004b4d64                cJSON_ParseWithOpts
                0x00000000004b4db8                cJSON_ParseWithLengthOpts
                0x00000000004b4fa8                cJSON_Parse
                0x00000000004b4fcc                cJSON_ParseWithLength
                0x00000000004b51b8                cJSON_Print
                0x00000000004b51e0                cJSON_PrintUnformatted
                0x00000000004b5208                cJSON_PrintBuffered
                0x00000000004b52e4                cJSON_PrintPreallocated
                0x00000000004b65b0                cJSON_GetArraySize
                0x00000000004b6684                cJSON_GetArrayItem
                0x00000000004b67c0                cJSON_GetObjectItem
                0x00000000004b67e8                cJSON_GetObjectItemCaseSensitive
                0x00000000004b6810                cJSON_HasObjectItem
                0x00000000004b69c4                cJSON_AddItemToArray
                0x00000000004b6b20                cJSON_AddItemToObject
                0x00000000004b6b58                cJSON_AddItemToObjectCS
                0x00000000004b6b90                cJSON_AddItemReferenceToArray
                0x00000000004b6bd8                cJSON_AddItemReferenceToObject
                0x00000000004b6c44                cJSON_AddNullToObject
                0x00000000004b6c9c                cJSON_AddTrueToObject
                0x00000000004b6cf4                cJSON_AddFalseToObject
                0x00000000004b6d4c                cJSON_AddBoolToObject
                0x00000000004b6dac                cJSON_AddNumberToObject
                0x00000000004b6e0c                cJSON_AddStringToObject
                0x00000000004b6e6c                cJSON_AddRawToObject
                0x00000000004b6ecc                cJSON_AddObjectToObject
                0x00000000004b6f24                cJSON_AddArrayToObject
                0x00000000004b6f7c                cJSON_DetachItemViaPointer
                0x00000000004b705c                cJSON_DetachItemFromArray
                0x00000000004b70a4                cJSON_DeleteItemFromArray
                0x00000000004b70d0                cJSON_DetachItemFromObject
                0x00000000004b7104                cJSON_DetachItemFromObjectCaseSensitive
                0x00000000004b7138                cJSON_DeleteItemFromObject
                0x00000000004b7164                cJSON_DeleteItemFromObjectCaseSensitive
                0x00000000004b7190                cJSON_InsertItemInArray
                0x00000000004b728c                cJSON_ReplaceItemViaPointer
                0x00000000004b73e4                cJSON_ReplaceItemInArray
                0x00000000004b750c                cJSON_ReplaceItemInObject
                0x00000000004b753c                cJSON_ReplaceItemInObjectCaseSensitive
                0x00000000004b756c                cJSON_CreateNull
                0x00000000004b75a8                cJSON_CreateTrue
                0x00000000004b75e4                cJSON_CreateFalse
                0x00000000004b7620                cJSON_CreateBool
                0x00000000004b7674                cJSON_CreateNumber
                0x00000000004b7724                cJSON_CreateString
                0x00000000004b77a0                cJSON_CreateStringReference
                0x00000000004b77f4                cJSON_CreateObjectReference
                0x00000000004b7848                cJSON_CreateArrayReference
                0x00000000004b789c                cJSON_CreateRaw
                0x00000000004b7918                cJSON_CreateArray
                0x00000000004b7954                cJSON_CreateObject
                0x00000000004b7990                cJSON_CreateIntArray
                0x00000000004b7aac                cJSON_CreateFloatArray
                0x00000000004b7bc8                cJSON_CreateDoubleArray
                0x00000000004b7ce0                cJSON_CreateStringArray
                0x00000000004b7df8                cJSON_Duplicate
                0x00000000004b82a8                cJSON_Minify
                0x00000000004b83e0                cJSON_IsInvalid
                0x00000000004b841c                cJSON_IsFalse
                0x00000000004b8458                cJSON_IsTrue
                0x00000000004b8494                cJSON_IsBool
                0x00000000004b84d0                cJSON_IsNull
                0x00000000004b850c                cJSON_IsNumber
                0x00000000004b8548                cJSON_IsString
                0x00000000004b8584                cJSON_IsArray
                0x00000000004b85c0                cJSON_IsObject
                0x00000000004b85fc                cJSON_IsRaw
                0x00000000004b8638                cJSON_Compare
                0x00000000004b89e4                cJSON_malloc
                0x00000000004b8a0c                cJSON_free
 .text          0x00000000004b8a38     0x2720 CMakeFiles/skf_gw.dir/source/src/cjson/cJSON_Utils.c.o
                0x00000000004b8ef8                cJSONUtils_FindPointerFromObjectTo
                0x00000000004b934c                cJSONUtils_GetPointer
                0x00000000004b9374                cJSONUtils_GetPointerCaseSensitive
                0x00000000004ba4c0                cJSONUtils_ApplyPatches
                0x00000000004ba558                cJSONUtils_ApplyPatchesCaseSensitive
                0x00000000004ba760                cJSONUtils_AddPatchToArray
                0x00000000004bac20                cJSONUtils_GeneratePatches
                0x00000000004bac84                cJSONUtils_GeneratePatchesCaseSensitive
                0x00000000004bace8                cJSONUtils_SortObject
                0x00000000004bad0c                cJSONUtils_SortObjectCaseSensitive
                0x00000000004baea0                cJSONUtils_MergePatch
                0x00000000004baec8                cJSONUtils_MergePatchCaseSensitive
                0x00000000004bb108                cJSONUtils_GenerateMergePatch
                0x00000000004bb130                cJSONUtils_GenerateMergePatchCaseSensitive
 .text          0x00000000004bb158     0x2290 CMakeFiles/skf_gw.dir/source/src/cjson/jsonbuild.c.o
                0x00000000004bb158                generateGwConfigJson
                0x00000000004bbb6c                generateSensorConfigJson
 .text          0x00000000004bd3e8     0x24f8 CMakeFiles/skf_gw.dir/source/src/cjson/jsonparse.c.o
                0x00000000004bd540                parseGwConfigJson
                0x00000000004be224                parseSensorConfigJson
 .text          0x00000000004bf8e0      0xd70 CMakeFiles/skf_gw.dir/source/src/cjson/cjson_test.c.o
                0x00000000004c0360                test_for_cjson
 .text          0x00000000004c0650        0x0 CMakeFiles/skf_gw.dir/home/forlinx/GW/GW/skf_gw_mqtt/middleware/nanopb_protocol/Common.pb.c.o
 .text          0x00000000004c0650        0x0 CMakeFiles/skf_gw.dir/home/forlinx/GW/GW/skf_gw_mqtt/middleware/nanopb_protocol/DeviceAppBulletGateway.pb.c.o
 .text          0x00000000004c0650        0x0 CMakeFiles/skf_gw.dir/home/forlinx/GW/GW/skf_gw_mqtt/middleware/nanopb_protocol/Froto.pb.c.o
 .text          0x00000000004c0650        0x0 CMakeFiles/skf_gw.dir/home/forlinx/GW/GW/skf_gw_mqtt/middleware/nanopb_protocol/SensingDataUpload.pb.c.o
 .text          0x00000000004c0650        0x0 CMakeFiles/skf_gw.dir/home/forlinx/GW/GW/skf_gw_mqtt/middleware/nanopb_protocol/FirmwareUpdateOverTheAir.pb.c.o
 .text          0x00000000004c0650        0x0 CMakeFiles/skf_gw.dir/home/forlinx/GW/GW/skf_gw_mqtt/middleware/nanopb_protocol/ConfigurationAndCommand.pb.c.o
 .text          0x00000000004c0650        0x0 CMakeFiles/skf_gw.dir/home/forlinx/GW/GW/skf_gw_mqtt/middleware/nanopb_protocol/Debug.pb.c.o
 .text          0x00000000004c0650      0xaf4 CMakeFiles/skf_gw.dir/home/forlinx/GW/GW/skf_gw_mqtt/middleware/protobuf/pb_common.c.o
                0x00000000004c0ce0                pb_field_iter_begin
                0x00000000004c0d30                pb_field_iter_begin_extension
                0x00000000004c0dcc                pb_field_iter_next
                0x00000000004c0e04                pb_field_iter_find
                0x00000000004c0f40                pb_field_iter_find_extension
                0x00000000004c100c                pb_field_iter_begin_const
                0x00000000004c1044                pb_field_iter_begin_extension_const
                0x00000000004c1074                pb_default_field_callback
 .text          0x00000000004c1144     0x2df0 CMakeFiles/skf_gw.dir/home/forlinx/GW/GW/skf_gw_mqtt/middleware/protobuf/pb_decode.c.o
                0x00000000004c11a4                pb_read
                0x00000000004c1418                pb_istream_from_buffer
                0x00000000004c16c0                pb_decode_varint32
                0x00000000004c16ec                pb_decode_varint
                0x00000000004c1888                pb_decode_tag
                0x00000000004c1914                pb_skip_field
                0x00000000004c1b84                pb_make_string_substream
                0x00000000004c1c54                pb_close_string_substream
                0x00000000004c328c                pb_decode_ex
                0x00000000004c334c                pb_decode
                0x00000000004c3384                pb_release
                0x00000000004c339c                pb_decode_bool
                0x00000000004c33fc                pb_decode_svarint
                0x00000000004c3484                pb_decode_fixed32
                0x00000000004c34dc                pb_decode_fixed64
 .text          0x00000000004c3f34     0x1cd4 CMakeFiles/skf_gw.dir/home/forlinx/GW/GW/skf_gw_mqtt/middleware/protobuf/pb_encode.c.o
                0x00000000004c3f84                pb_ostream_from_buffer
                0x00000000004c3fd8                pb_write
                0x00000000004c4df4                pb_encode
                0x00000000004c4ebc                pb_encode_ex
                0x00000000004c4f74                pb_get_encoded_size
                0x00000000004c5138                pb_encode_varint
                0x00000000004c51a4                pb_encode_svarint
                0x00000000004c5208                pb_encode_fixed32
                0x00000000004c5234                pb_encode_fixed64
                0x00000000004c5260                pb_encode_tag
                0x00000000004c52a0                pb_encode_tag_for_field
                0x00000000004c5384                pb_encode_string
                0x00000000004c53dc                pb_encode_submessage
 .text          0x00000000004c5c08      0x8ec CMakeFiles/skf_gw.dir/home/forlinx/GW/GW/skf_gw_mqtt/middleware/common/auxiliar.c.o
                0x00000000004c5c08                send_msg
                0x00000000004c5d34                recv_msg
                0x00000000004c5e18                recv_msg1
                0x00000000004c5efc                Calculate_query_data_size
                0x00000000004c5f14                MYULT_EncodeVersion
                0x00000000004c6084                Gain_clientID
                0x00000000004c6114                Gain_passwd
                0x00000000004c6240                gain_tablename
                0x00000000004c632c                revert_tablename
                0x00000000004c63c4                findMax
                0x00000000004c6490                get_curr_time
 .text          0x00000000004c64f4     0x150c CMakeFiles/skf_gw.dir/source/monitor/a2dp.c.o
                0x00000000004c7858                a2dp_codec_cap
                0x00000000004c792c                a2dp_codec_cfg
 .text          0x00000000004c7a00     0x2360 CMakeFiles/skf_gw.dir/source/monitor/analyze.c.o
                0x00000000004c9940                analyze_trace
 .text          0x00000000004c9d60     0x58d4 CMakeFiles/skf_gw.dir/source/monitor/att.c.o
                0x00000000004cf3d4                att_packet
 .text          0x00000000004cf634     0x4d34 CMakeFiles/skf_gw.dir/source/monitor/avctp.c.o
                0x00000000004d4254                avctp_packet
 .text          0x00000000004d4368     0x18d8 CMakeFiles/skf_gw.dir/source/monitor/avdtp.c.o
                0x00000000004d5b88                avdtp_packet
 .text          0x00000000004d5c40     0x10b4 CMakeFiles/skf_gw.dir/source/monitor/bnep.c.o
                0x00000000004d6a5c                bnep_packet
 .text          0x00000000004d6cf4     0x12b8 CMakeFiles/skf_gw.dir/source/monitor/broadcom.c.o
                0x00000000004d7c64                broadcom_vendor_ocf
                0x00000000004d7d0c                broadcom_lm_diag
                0x00000000004d7f28                broadcom_vendor_evt
 .text          0x00000000004d7fac      0xde4 CMakeFiles/skf_gw.dir/source/monitor/btmon_main.c.o
                0x00000000004d8348                btmon_main
 .text          0x00000000004d8d90     0x3304 CMakeFiles/skf_gw.dir/source/monitor/control.c.o
                0x00000000004da2ac                control_message
                0x00000000004dafa8                control_server
                0x00000000004db884                control_tty
                0x00000000004dbb04                control_rtt
                0x00000000004dbc70                control_writer
                0x00000000004dbcc0                control_reader
                0x00000000004dbef8                control_tracing
                0x00000000004dc05c                control_disable_decoding
                0x00000000004dc070                control_filter_index
 .text          0x00000000004dc094      0x230 CMakeFiles/skf_gw.dir/source/monitor/crc.c.o
                0x00000000004dc094                crc24_bit_reverse
                0x00000000004dc0f8                crc24_calculate
                0x00000000004dc1cc                crc24_reverse
 .text          0x00000000004dc2c4      0x50c CMakeFiles/skf_gw.dir/source/monitor/display.c.o
                0x00000000004dc2c4                set_monitor_color
                0x00000000004dc2e8                use_color
                0x00000000004dc3b8                set_default_pager_num_columns
                0x00000000004dc3dc                num_columns
                0x00000000004dc534                open_pager
                0x00000000004dc764                close_pager
 .text          0x00000000004dc7d0      0x430 CMakeFiles/skf_gw.dir/source/monitor/ellisys.c.o
                0x00000000004dc7d0                ellisys_enable
                0x00000000004dc8d0                ellisys_inject_hci
 .text          0x00000000004dcc00      0xdec CMakeFiles/skf_gw.dir/source/monitor/hcidump.c.o
                0x00000000004dd920                hcidump_tracing
 .text          0x00000000004dd9ec       0x34 CMakeFiles/skf_gw.dir/source/monitor/hwdb.c.o
                0x00000000004dd9ec                hwdb_get_vendor_model
                0x00000000004dda08                hwdb_get_company