The target system is: Linux -  - aarch64
The host system is: Linux - 6.8.0-138-generic - x86_64
Compiling the C compiler identification source file "CMakeCCompilerId.c" succeeded.
Compiler: /home/forlinx/work/OK62xx-linux-sdk/external-toolchain-dir/arm-gnu-toolchain-11.3.rel1-x86_64-aarch64-none-linux-gnu/bin/aarch64-none-linux-gnu-gcc 
Build flags: 
Id flags:  

The output was:
0


Compilation of the C compiler identification source "CMakeCCompilerId.c" produced "a.out"

The C compiler identification is GNU, found in "/home/forlinx/GW/GW/skf_gw/build/CMakeFiles/3.22.1/CompilerIdC/a.out"

Detecting C compiler ABI info compiled with the following output:
Change Dir: /home/forlinx/GW/GW/skf_gw/build/CMakeFiles/CMakeTmp

Run Build Command(s):/usr/bin/gmake -f Makefile cmTC_09c2e/fast && /usr/bin/gmake  -f CMakeFiles/cmTC_09c2e.dir/build.make CMakeFiles/cmTC_09c2e.dir/build
gmake[1]: Entering directory '/home/forlinx/GW/GW/skf_gw/build/CMakeFiles/CMakeTmp'
Building C object CMakeFiles/cmTC_09c2e.dir/CMakeCCompilerABI.c.o
/home/forlinx/work/OK62xx-linux-sdk/external-toolchain-dir/arm-gnu-toolchain-11.3.rel1-x86_64-aarch64-none-linux-gnu/bin/aarch64-none-linux-gnu-gcc   -v -o CMakeFiles/cmTC_09c2e.dir/CMakeCCompilerABI.c.o -c /usr/share/cmake-3.22/Modules/CMakeCCompilerABI.c
Using built-in specs.
COLLECT_GCC=/home/forlinx/work/OK62xx-linux-sdk/external-toolchain-dir/arm-gnu-toolchain-11.3.rel1-x86_64-aarch64-none-linux-gnu/bin/aarch64-none-linux-gnu-gcc
Target: aarch64-none-linux-gnu
Configured with: /data/jenkins/workspace/GNU-toolchain/arm-11/src/gcc/configure --target=aarch64-none-linux-gnu --prefix= --with-sysroot=/aarch64-none-linux-gnu/libc --with-build-sysroot=/data/jenkins/workspace/GNU-toolchain/arm-11/build-aarch64-none-linux-gnu/install//aarch64-none-linux-gnu/libc --with-bugurl=https://bugs.linaro.org/ --enable-gnu-indirect-function --enable-shared --disable-libssp --disable-libmudflap --enable-checking=release --enable-languages=c,c++,fortran --with-gmp=/data/jenkins/workspace/GNU-toolchain/arm-11/build-aarch64-none-linux-gnu/host-tools --with-mpfr=/data/jenkins/workspace/GNU-toolchain/arm-11/build-aarch64-none-linux-gnu/host-tools --with-mpc=/data/jenkins/workspace/GNU-toolchain/arm-11/build-aarch64-none-linux-gnu/host-tools --with-isl=/data/jenkins/workspace/GNU-toolchain/arm-11/build-aarch64-none-linux-gnu/host-tools --enable-fix-cortex-a53-843419 --with-pkgversion='Arm GNU Toolchain 11.3.Rel1'
Thread model: posix
Supported LTO compression algorithms: zlib
gcc version 11.3.1 20220712 (Arm GNU Toolchain 11.3.Rel1) 
COLLECT_GCC_OPTIONS='-v' '-o' 'CMakeFiles/cmTC_09c2e.dir/CMakeCCompilerABI.c.o' '-c' '-mlittle-endian' '-mabi=lp64' '-dumpdir' 'CMakeFiles/cmTC_09c2e.dir/'
 /home/forlinx/work/OK62xx-linux-sdk/external-toolchain-dir/arm-gnu-toolchain-11.3.rel1-x86_64-aarch64-none-linux-gnu/bin/../libexec/gcc/aarch64-none-linux-gnu/11.3.1/cc1 -quiet -v -iprefix /home/forlinx/work/OK62xx-linux-sdk/external-toolchain-dir/arm-gnu-toolchain-11.3.rel1-x86_64-aarch64-none-linux-gnu/bin/../lib/gcc/aarch64-none-linux-gnu/11.3.1/ -isysroot /home/forlinx/work/OK62xx-linux-sdk/external-toolchain-dir/arm-gnu-toolchain-11.3.rel1-x86_64-aarch64-none-linux-gnu/bin/../aarch64-none-linux-gnu/libc /usr/share/cmake-3.22/Modules/CMakeCCompilerABI.c -quiet -dumpdir CMakeFiles/cmTC_09c2e.dir/ -dumpbase CMakeCCompilerABI.c.c -dumpbase-ext .c -mlittle-endian -mabi=lp64 -version -o /tmp/ccBWJjcB.s
GNU C17 (Arm GNU Toolchain 11.3.Rel1) version 11.3.1 20220712 (aarch64-none-linux-gnu)
	compiled by GNU C version 4.8.5 20150623 (Red Hat 4.8.5-44), GMP version 6.2.1, MPFR version 3.1.6, MPC version 1.0.3, isl version isl-0.15-1-g835ea3a-GMP

GGC heuristics: --param ggc-min-expand=100 --param ggc-min-heapsize=131072
ignoring duplicate directory "/home/forlinx/work/OK62xx-linux-sdk/external-toolchain-dir/arm-gnu-toolchain-11.3.rel1-x86_64-aarch64-none-linux-gnu/bin/../lib/gcc/../../lib/gcc/aarch64-none-linux-gnu/11.3.1/include"
ignoring nonexistent directory "/home/forlinx/work/OK62xx-linux-sdk/external-toolchain-dir/arm-gnu-toolchain-11.3.rel1-x86_64-aarch64-none-linux-gnu/bin/../aarch64-none-linux-gnu/libc/usr/local/include"
ignoring duplicate directory "/home/forlinx/work/OK62xx-linux-sdk/external-toolchain-dir/arm-gnu-toolchain-11.3.rel1-x86_64-aarch64-none-linux-gnu/bin/../lib/gcc/../../lib/gcc/aarch64-none-linux-gnu/11.3.1/include-fixed"
ignoring duplicate directory "/home/forlinx/work/OK62xx-linux-sdk/external-toolchain-dir/arm-gnu-toolchain-11.3.rel1-x86_64-aarch64-none-linux-gnu/bin/../lib/gcc/../../lib/gcc/aarch64-none-linux-gnu/11.3.1/../../../../aarch64-none-linux-gnu/include"
#include "..." search starts here:
#include <...> search starts here:
 /home/forlinx/work/OK62xx-linux-sdk/external-toolchain-dir/arm-gnu-toolchain-11.3.rel1-x86_64-aarch64-none-linux-gnu/bin/../lib/gcc/aarch64-none-linux-gnu/11.3.1/include
 /home/forlinx/work/OK62xx-linux-sdk/external-toolchain-dir/arm-gnu-toolchain-11.3.rel1-x86_64-aarch64-none-linux-gnu/bin/../lib/gcc/aarch64-none-linux-gnu/11.3.1/include-fixed
 /home/forlinx/work/OK62xx-linux-sdk/external-toolchain-dir/arm-gnu-toolchain-11.3.rel1-x86_64-aarch64-none-linux-gnu/bin/../lib/gcc/aarch64-none-linux-gnu/11.3.1/../../../../aarch64-none-linux-gnu/include
 /home/forlinx/work/OK62xx-linux-sdk/external-toolchain-dir/arm-gnu-toolchain-11.3.rel1-x86_64-aarch64-none-linux-gnu/bin/../aarch64-none-linux-gnu/libc/usr/include
End of search list.
GNU C17 (Arm GNU Toolchain 11.3.Rel1) version 11.3.1 20220712 (aarch64-none-linux-gnu)
	compiled by GNU C version 4.8.5 20150623 (Red Hat 4.8.5-44), GMP version 6.2.1, MPFR version 3.1.6, MPC version 1.0.3, isl version isl-0.15-1-g835ea3a-GMP

GGC heuristics: --param ggc-min-expand=100 --param ggc-min-heapsize=131072
Compiler executable checksum: b92c0cf4161aaea5a5b671aa43faf60e
COLLECT_GCC_OPTIONS='-v' '-o' 'CMakeFiles/cmTC_09c2e.dir/CMakeCCompilerABI.c.o' '-c' '-mlittle-endian' '-mabi=lp64' '-dumpdir' 'CMakeFiles/cmTC_09c2e.dir/'
 /home/forlinx/work/OK62xx-linux-sdk/external-toolchain-dir/arm-gnu-toolchain-11.3.rel1-x86_64-aarch64-none-linux-gnu/bin/../lib/gcc/aarch64-none-linux-gnu/11.3.1/../../../../aarch64-none-linux-gnu/bin/as -v -EL -mabi=lp64 -o CMakeFiles/cmTC_09c2e.dir/CMakeCCompilerABI.c.o /tmp/ccBWJjcB.s
GNU assembler version 2.38 (aarch64-none-linux-gnu) using BFD version (Arm GNU Toolchain 11.3.Rel1) 2.38.20220708
COMPILER_PATH=/home/forlinx/work/OK62xx-linux-sdk/external-toolchain-dir/arm-gnu-toolchain-11.3.rel1-x86_64-aarch64-none-linux-gnu/bin/../libexec/gcc/aarch64-none-linux-gnu/11.3.1/:/home/forlinx/work/OK62xx-linux-sdk/external-toolchain-dir/arm-gnu-toolchain-11.3.rel1-x86_64-aarch64-none-linux-gnu/bin/../libexec/gcc/:/home/forlinx/work/OK62xx-linux-sdk/external-toolchain-dir/arm-gnu-toolchain-11.3.rel1-x86_64-aarch64-none-linux-gnu/bin/../lib/gcc/aarch64-none-linux-gnu/11.3.1/../../../../aarch64-none-linux-gnu/bin/
LIBRARY_PATH=/home/forlinx/work/OK62xx-linux-sdk/external-toolchain-dir/arm-gnu-toolchain-11.3.rel1-x86_64-aarch64-none-linux-gnu/bin/../lib/gcc/aarch64-none-linux-gnu/11.3.1/:/home/forlinx/work/OK62xx-linux-sdk/external-toolchain-dir/arm-gnu-toolchain-11.3.rel1-x86_64-aarch64-none-linux-gnu/bin/../lib/gcc/:/home/forlinx/work/OK62xx-linux-sdk/external-toolchain-dir/arm-gnu-toolchain-11.3.rel1-x86_64-aarch64-none-linux-gnu/bin/../lib/gcc/aarch64-none-linux-gnu/11.3.1/../../../../aarch64-none-linux-gnu/lib/../lib64/:/home/forlinx/work/OK62xx-linux-sdk/external-toolchain-dir/arm-gnu-toolchain-11.3.rel1-x86_64-aarch64-none-linux-gnu/bin/../aarch64-none-linux-gnu/libc/lib/../lib64/:/home/forlinx/work/OK62xx-linux-sdk/external-toolchain-dir/arm-gnu-toolchain-11.3.rel1-x86_64-aarch64-none-linux-gnu/bin/../aarch64-none-linux-gnu/libc/usr/lib/../lib64/:/home/forlinx/work/OK62xx-linux-sdk/external-toolchain-dir/arm-gnu-toolchain-11.3.rel1-x86_64-aarch64-none-linux-gnu/bin/../lib/gcc/aarch64-none-linux-gnu/11.3.1/../../../../aarch64-none-linux-gnu/lib/:/home/forlinx/work/OK62xx-linux-sdk/external-toolchain-dir/arm-gnu-toolchain-11.3.rel1-x86_64-aarch64-none-linux-gnu/bin/../aarch64-none-linux-gnu/libc/lib/:/home/forlinx/work/OK62xx-linux-sdk/external-toolchain-dir/arm-gnu-toolchain-11.3.rel1-x86_64-aarch64-none-linux-gnu/bin/../aarch64-none-linux-gnu/libc/usr/lib/
COLLECT_GCC_OPTIONS='-v' '-o' 'CMakeFiles/cmTC_09c2e.dir/CMakeCCompilerABI.c.o' '-c' '-mlittle-endian' '-mabi=lp64' '-dumpdir' 'CMakeFiles/cmTC_09c2e.dir/CMakeCCompilerABI.c.'
Linking C executable cmTC_09c2e
/usr/bin/cmake -E cmake_link_script CMakeFiles/cmTC_09c2e.dir/link.txt --verbose=1
/home/forlinx/work/OK62xx-linux-sdk/external-toolchain-dir/arm-gnu-toolchain-11.3.rel1-x86_64-aarch64-none-linux-gnu/bin/aarch64-none-linux-gnu-gcc  -v CMakeFiles/cmTC_09c2e.dir/CMakeCCompilerABI.c.o -o cmTC_09c2e 
Using built-in specs.
COLLECT_GCC=/home/forlinx/work/OK62xx-linux-sdk/external-toolchain-dir/arm-gnu-toolchain-11.3.rel1-x86_64-aarch64-none-linux-gnu/bin/aarch64-none-linux-gnu-gcc
COLLECT_LTO_WRAPPER=/home/forlinx/work/OK62xx-linux-sdk/external-toolchain-dir/arm-gnu-toolchain-11.3.rel1-x86_64-aarch64-none-linux-gnu/bin/../libexec/gcc/aarch64-none-linux-gnu/11.3.1/lto-wrapper
Target: aarch64-none-linux-gnu
Configured with: /data/jenkins/workspace/GNU-toolchain/arm-11/src/gcc/configure --target=aarch64-none-linux-gnu --prefix= --with-sysroot=/aarch64-none-linux-gnu/libc --with-build-sysroot=/data/jenkins/workspace/GNU-toolchain/arm-11/build-aarch64-none-linux-gnu/install//aarch64-none-linux-gnu/libc --with-bugurl=https://bugs.linaro.org/ --enable-gnu-indirect-function --enable-shared --disable-libssp --disable-libmudflap --enable-checking=release --enable-languages=c,c++,fortran --with-gmp=/data/jenkins/workspace/GNU-toolchain/arm-11/build-aarch64-none-linux-gnu/host-tools --with-mpfr=/data/jenkins/workspace/GNU-toolchain/arm-11/build-aarch64-none-linux-gnu/host-tools --with-mpc=/data/jenkins/workspace/GNU-toolchain/arm-11/build-aarch64-none-linux-gnu/host-tools --with-isl=/data/jenkins/workspace/GNU-toolchain/arm-11/build-aarch64-none-linux-gnu/host-tools --enable-fix-cortex-a53-843419 --with-pkgversion='Arm GNU Toolchain 11.3.Rel1'
Thread model: posix
Supported LTO compression algorithms: zlib
gcc version 11.3.1 20220712 (Arm GNU Toolchain 11.3.Rel1) 
COMPILER_PATH=/home/forlinx/work/OK62xx-linux-sdk/external-toolchain-dir/arm-gnu-toolchain-11.3.rel1-x86_64-aarch64-none-linux-gnu/bin/../libexec/gcc/aarch64-none-linux-gnu/11.3.1/:/home/forlinx/work/OK62xx-linux-sdk/external-toolchain-dir/arm-gnu-toolchain-11.3.rel1-x86_64-aarch64-none-linux-gnu/bin/../libexec/gcc/:/home/forlinx/work/OK62xx-linux-sdk/external-toolchain-dir/arm-gnu-toolchain-11.3.rel1-x86_64-aarch64-none-linux-gnu/bin/../lib/gcc/aarch64-none-linux-gnu/11.3.1/../../../../aarch64-none-linux-gnu/bin/
LIBRARY_PATH=/home/forlinx/work/OK62xx-linux-sdk/external-toolchain-dir/arm-gnu-toolchain-11.3.rel1-x86_64-aarch64-none-linux-gnu/bin/../lib/gcc/aarch64-none-linux-gnu/11.3.1/:/home/forlinx/work/OK62xx-linux-sdk/external-toolchain-dir/arm-gnu-toolchain-11.3.rel1-x86_64-aarch64-none-linux-gnu/bin/../lib/gcc/:/home/forlinx/work/OK62xx-linux-sdk/external-toolchain-dir/arm-gnu-toolchain-11.3.rel1-x86_64-aarch64-none-linux-gnu/bin/../lib/gcc/aarch64-none-linux-gnu/11.3.1/../../../../aarch64-none-linux-gnu/lib/../lib64/:/home/forlinx/work/OK62xx-linux-sdk/external-toolchain-dir/arm-gnu-toolchain-11.3.rel1-x86_64-aarch64-none-linux-gnu/bin/../aarch64-none-linux-gnu/libc/lib/../lib64/:/home/forlinx/work/OK62xx-linux-sdk/external-toolchain-dir/arm-gnu-toolchain-11.3.rel1-x86_64-aarch64-none-linux-gnu/bin/../aarch64-none-linux-gnu/libc/usr/lib/../lib64/:/home/forlinx/work/OK62xx-linux-sdk/external-toolchain-dir/arm-gnu-toolchain-11.3.rel1-x86_64-aarch64-none-linux-gnu/bin/../lib/gcc/aarch64-none-linux-gnu/11.3.1/../../../../aarch64-none-linux-gnu/lib/:/home/forlinx/work/OK62xx-linux-sdk/external-toolchain-dir/arm-gnu-toolchain-11.3.rel1-x86_64-aarch64-none-linux-gnu/bin/../aarch64-none-linux-gnu/libc/lib/:/home/forlinx/work/OK62xx-linux-sdk/external-toolchain-dir/arm-gnu-toolchain-11.3.rel1-x86_64-aarch64-none-linux-gnu/bin/../aarch64-none-linux-gnu/libc/usr/lib/
COLLECT_GCC_OPTIONS='-v' '-o' 'cmTC_09c2e' '-mlittle-endian' '-mabi=lp64' '-dumpdir' 'cmTC_09c2e.'
 /home/forlinx/work/OK62xx-linux-sdk/external-toolchain-dir/arm-gnu-toolchain-11.3.rel1-x86_64-aarch64-none-linux-gnu/bin/../libexec/gcc/aarch64-none-linux-gnu/11.3.1/collect2 -plugin /home/forlinx/work/OK62xx-linux-sdk/external-toolchain-dir/arm-gnu-toolchain-11.3.rel1-x86_64-aarch64-none-linux-gnu/bin/../libexec/gcc/aarch64-none-linux-gnu/11.3.1/liblto_plugin.so -plugin-opt=/home/forlinx/work/OK62xx-linux-sdk/external-toolchain-dir/arm-gnu-toolchain-11.3.rel1-x86_64-aarch64-none-linux-gnu/bin/../libexec/gcc/aarch64-none-linux-gnu/11.3.1/lto-wrapper -plugin-opt=-fresolution=/tmp/cciRGcnK.res -plugin-opt=-pass-through=-lgcc -plugin-opt=-pass-through=-lgcc_s -plugin-opt=-pass-through=-lc -plugin-opt=-pass-through=-lgcc -plugin-opt=-pass-through=-lgcc_s --sysroot=/home/forlinx/work/OK62xx-linux-sdk/external-toolchain-dir/arm-gnu-toolchain-11.3.rel1-x86_64-aarch64-none-linux-gnu/bin/../aarch64-none-linux-gnu/libc --eh-frame-hdr -dynamic-linker /lib/ld-linux-aarch64.so.1 -X -EL -maarch64linux --fix-cortex-a53-843419 -o cmTC_09c2e /home/forlinx/work/OK62xx-linux-sdk/external-toolchain-dir/arm-gnu-toolchain-11.3.rel1-x86_64-aarch64-none-linux-gnu/bin/../aarch64-none-linux-gnu/libc/usr/lib/../lib64/crt1.o /home/forlinx/work/OK62xx-linux-sdk/external-toolchain-dir/arm-gnu-toolchain-11.3.rel1-x86_64-aarch64-none-linux-gnu/bin/../aarch64-none-linux-gnu/libc/usr/lib/../lib64/crti.o /home/forlinx/work/OK62xx-linux-sdk/external-toolchain-dir/arm-gnu-toolchain-11.3.rel1-x86_64-aarch64-none-linux-gnu/bin/../lib/gcc/aarch64-none-linux-gnu/11.3.1/crtbegin.o -L/home/forlinx/work/OK62xx-linux-sdk/external-toolchain-dir/arm-gnu-toolchain-11.3.rel1-x86_64-aarch64-none-linux-gnu/bin/../lib/gcc/aarch64-none-linux-gnu/11.3.1 -L/home/forlinx/work/OK62xx-linux-sdk/external-toolchain-dir/arm-gnu-toolchain-11.3.rel1-x86_64-aarch64-none-linux-gnu/bin/../lib/gcc -L/home/forlinx/work/OK62xx-linux-sdk/external-toolchain-dir/arm-gnu-toolchain-11.3.rel1-x86_64-aarch64-none-linux-gnu/bin/../lib/gcc/aarch64-none-linux-gnu/11.3.1/../../../../aarch64-none-linux-gnu/lib/../lib64 -L/home/forlinx/work/OK62xx-linux-sdk/external-toolchain-dir/arm-gnu-toolchain-11.3.rel1-x86_64-aarch64-none-linux-gnu/bin/../aarch64-none-linux-gnu/libc/lib/../lib64 -L/home/forlinx/work/OK62xx-linux-sdk/external-toolchain-dir/arm-gnu-toolchain-11.3.rel1-x86_64-aarch64-none-linux-gnu/bin/../aarch64-none-linux-gnu/libc/usr/lib/../lib64 -L/home/forlinx/work/OK62xx-linux-sdk/external-toolchain-dir/arm-gnu-toolchain-11.3.rel1-x86_64-aarch64-none-linux-gnu/bin/../lib/gcc/aarch64-none-linux-gnu/11.3.1/../../../../aarch64-none-linux-gnu/lib -L/home/forlinx/work/OK62xx-linux-sdk/external-toolchain-dir/arm-gnu-toolchain-11.3.rel1-x86_64-aarch64-none-linux-gnu/bin/../aarch64-none-linux-gnu/libc/lib -L/home/forlinx/work/OK62xx-linux-sdk/external-toolchain-dir/arm-gnu-toolchain-11.3.rel1-x86_64-aarch64-none-linux-gnu/bin/../aarch64-none-linux-gnu/libc/usr/lib CMakeFiles/cmTC_09c2e.dir/CMakeCCompilerABI.c.o -lgcc --push-state --as-needed -lgcc_s --pop-state -lc -lgcc --push-state --as-needed -lgcc_s --pop-state /home/forlinx/work/OK62xx-linux-sdk/external-toolchain-dir/arm-gnu-toolchain-11.3.rel1-x86_64-aarch64-none-linux-gnu/bin/../lib/gcc/aarch64-none-linux-gnu/11.3.1/crtend.o /home/forlinx/work/OK62xx-linux-sdk/external-toolchain-dir/arm-gnu-toolchain-11.3.rel1-x86_64-aarch64-none-linux-gnu/bin/../aarch64-none-linux-gnu/libc/usr/lib/../lib64/crtn.o
COLLECT_GCC_OPTIONS='-v' '-o' 'cmTC_09c2e' '-mlittle-endian' '-mabi=lp64' '-dumpdir' 'cmTC_09c2e.'
gmake[1]: Leaving directory '/home/forlinx/GW/GW/skf_gw/build/CMakeFiles/CMakeTmp'



Parsed C implicit include dir info from above output: rv=done
  found start of include info
  found start of implicit include info
    add: [/home/forlinx/work/OK62xx-linux-sdk/external-toolchain-dir/arm-gnu-toolchain-11.3.rel1-x86_64-aarch64-none-linux-gnu/bin/../lib/gcc/aarch64-none-linux-gnu/11.3.1/include]
    add: [/home/forlinx/work/OK62xx-linux-sdk/external-toolchain-dir/arm-gnu-toolchain-11.3.rel1-x86_64-aarch64-none-linux-gnu/bin/../lib/gcc/aarch64-none-linux-gnu/11.3.1/include-fixed]
    add: [/home/forlinx/work/OK62xx-linux-sdk/external-toolchain-dir/arm-gnu-toolchain-11.3.rel1-x86_64-aarch64-none-linux-gnu/bin/../lib/gcc/aarch64-none-linux-gnu/11.3.1/../../../../aarch64-none-linux-gnu/include]
    add: [/home/forlinx/work/OK62xx-linux-sdk/external-toolchain-dir/arm-gnu-toolchain-11.3.rel1-x86_64-aarch64-none-linux-gnu/bin/../aarch64-none-linux-gnu/libc/usr/include]
  end of search list found
  collapse include dir [/home/forlinx/work/OK62xx-linux-sdk/external-toolchain-dir/arm-gnu-toolchain-11.3.rel1-x86_64-aarch64-none-linux-gnu/bin/../lib/gcc/aarch64-none-linux-gnu/11.3.1/include] ==> [/home/forlinx/work/OK62xx-linux-sdk/external-toolchain-dir/arm-gnu-toolchain-11.3.rel1-x86_64-aarch64-none-linux-gnu/lib/gcc/aarch64-none-linux-gnu/11.3.1/include]
  collapse include dir [/home/forlinx/work/OK62xx-linux-sdk/external-toolchain-dir/arm-gnu-toolchain-11.3.rel1-x86_64-aarch64-none-linux-gnu/bin/../lib/gcc/aarch64-none-linux-gnu/11.3.1/include-fixed] ==> [/home/forlinx/work/OK62xx-linux-sdk/external-toolchain-dir/arm-gnu-toolchain-11.3.rel1-x86_64-aarch64-none-linux-gnu/lib/gcc/aarch64-none-linux-gnu/11.3.1/include-fixed]
  collapse include dir [/home/forlinx/work/OK62xx-linux-sdk/external-toolchain-dir/arm-gnu-toolchain-11.3.rel1-x86_64-aarch64-none-linux-gnu/bin/../lib/gcc/aarch64-none-linux-gnu/11.3.1/../../../../aarch64-none-linux-gnu/include] ==> [/home/forlinx/work/OK62xx-linux-sdk/external-toolchain-dir/arm-gnu-toolchain-11.3.rel1-x86_64-aarch64-none-linux-gnu/aarch64-none-linux-gnu/include]
  collapse include dir [/home/forlinx/work/OK62xx-linux-sdk/external-toolchain-dir/arm-gnu-toolchain-11.3.rel1-x86_64-aarch64-none-linux-gnu/bin/../aarch64-none-linux-gnu/libc/usr/include] ==> [/home/forlinx/work/OK62xx-linux-sdk/external-toolchain-dir/arm-gnu-toolchain-11.3.rel1-x86_64-aarch64-none-linux-gnu/aarch64-none-linux-gnu/libc/usr/include]
  implicit include dirs: [/home/forlinx/work/OK62xx-linux-sdk/external-toolchain-dir/arm-gnu-toolchain-11.3.rel1-x86_64-aarch64-none-linux-gnu/lib/gcc/aarch64-none-linux-gnu/11.3.1/include;/home/forlinx/work/OK62xx-linux-sdk/external-toolchain-dir/arm-gnu-toolchain-11.3.rel1-x86_64-aarch64-none-linux-gnu/lib/gcc/aarch64-none-linux-gnu/11.3.1/include-fixed;/home/forlinx/work/OK62xx-linux-sdk/external-toolchain-dir/arm-gnu-toolchain-11.3.rel1-x86_64-aarch64-none-linux-gnu/aarch64-none-linux-gnu/include;/home/forlinx/work/OK62xx-linux-sdk/external-toolchain-dir/arm-gnu-toolchain-11.3.rel1-x86_64-aarch64-none-linux-gnu/aarch64-none-linux-gnu/libc/usr/include]


Parsed C implicit link information from above output:
  link line regex: [^( *|.*[/\])(aarch64-none-linux-gnu-ld|CMAKE_LINK_STARTFILE-NOTFOUND|([^/\]+-)?ld|collect2)[^/\]*( |$)]
  ignore line: [Change Dir: /home/forlinx/GW/GW/skf_gw/build/CMakeFiles/CMakeTmp]
  ignore line: []
  ignore line: [Run Build Command(s):/usr/bin/gmake -f Makefile cmTC_09c2e/fast && /usr/bin/gmake  -f CMakeFiles/cmTC_09c2e.dir/build.make CMakeFiles/cmTC_09c2e.dir/build]
  ignore line: [gmake[1]: Entering directory '/home/forlinx/GW/GW/skf_gw/build/CMakeFiles/CMakeTmp']
  ignore line: [Building C object CMakeFiles/cmTC_09c2e.dir/CMakeCCompilerABI.c.o]
  ignore line: [/home/forlinx/work/OK62xx-linux-sdk/external-toolchain-dir/arm-gnu-toolchain-11.3.rel1-x86_64-aarch64-none-linux-gnu/bin/aarch64-none-linux-gnu-gcc   -v -o CMakeFiles/cmTC_09c2e.dir/CMakeCCompilerABI.c.o -c /usr/share/cmake-3.22/Modules/CMakeCCompilerABI.c]
  ignore line: [Using built-in specs.]
  ignore line: [COLLECT_GCC=/home/forlinx/work/OK62xx-linux-sdk/external-toolchain-dir/arm-gnu-toolchain-11.3.rel1-x86_64-aarch64-none-linux-gnu/bin/aarch64-none-linux-gnu-gcc]
  ignore line: [Target: aarch64-none-linux-gnu]
  ignore line: [Configured with: /data/jenkins/workspace/GNU-toolchain/arm-11/src/gcc/configure --target=aarch64-none-linux-gnu --prefix= --with-sysroot=/aarch64-none-linux-gnu/libc --with-build-sysroot=/data/jenkins/workspace/GNU-toolchain/arm-11/build-aarch64-none-linux-gnu/install//aarch64-none-linux-gnu/libc --with-bugurl=https://bugs.linaro.org/ --enable-gnu-indirect-function --enable-shared --disable-libssp --disable-libmudflap --enable-checking=release --enable-languages=c c++ fortran --with-gmp=/data/jenkins/workspace/GNU-toolchain/arm-11/build-aarch64-none-linux-gnu/host-tools --with-mpfr=/data/jenkins/workspace/GNU-toolchain/arm-11/build-aarch64-none-linux-gnu/host-tools --with-mpc=/data/jenkins/workspace/GNU-toolchain/arm-11/build-aarch64-none-linux-gnu/host-tools --with-isl=/data/jenkins/workspace/GNU-toolchain/arm-11/build-aarch64-none-linux-gnu/host-tools --enable-fix-cortex-a53-843419 --with-pkgversion='Arm GNU Toolchain 11.3.Rel1']
  ignore line: [Thread model: posix]
  ignore line: [Supported LTO compression algorithms: zlib]
  ignore line: [gcc version 11.3.1 20220712 (Arm GNU Toolchain 11.3.Rel1) ]
  ignore line: [COLLECT_GCC_OPTIONS='-v' '-o' 'CMakeFiles/cmTC_09c2e.dir/CMakeCCompilerABI.c.o' '-c' '-mlittle-endian' '-mabi=lp64' '-dumpdir' 'CMakeFiles/cmTC_09c2e.dir/']
  ignore line: [ /home/forlinx/work/OK62xx-linux-sdk/external-toolchain-dir/arm-gnu-toolchain-11.3.rel1-x86_64-aarch64-none-linux-gnu/bin/../libexec/gcc/aarch64-none-linux-gnu/11.3.1/cc1 -quiet -v -iprefix /home/forlinx/work/OK62xx-linux-sdk/external-toolchain-dir/arm-gnu-toolchain-11.3.rel1-x86_64-aarch64-none-linux-gnu/bin/../lib/gcc/aarch64-none-linux-gnu/11.3.1/ -isysroot /home/forlinx/work/OK62xx-linux-sdk/external-toolchain-dir/arm-gnu-toolchain-11.3.rel1-x86_64-aarch64-none-linux-gnu/bin/../aarch64-none-linux-gnu/libc /usr/share/cmake-3.22/Modules/CMakeCCompilerABI.c -quiet -dumpdir CMakeFiles/cmTC_09c2e.dir/ -dumpbase CMakeCCompilerABI.c.c -dumpbase-ext .c -mlittle-endian -mabi=lp64 -version -o /tmp/ccBWJjcB.s]
  ignore line: [GNU C17 (Arm GNU Toolchain 11.3.Rel1) version 11.3.1 20220712 (aarch64-none-linux-gnu)]
  ignore line: [	compiled by GNU C version 4.8.5 20150623 (Red Hat 4.8.5-44)  GMP version 6.2.1  MPFR version 3.1.6  MPC version 1.0.3  isl version isl-0.15-1-g835ea3a-GMP]
  ignore line: []
  ignore line: [GGC heuristics: --param ggc-min-expand=100 --param ggc-min-heapsize=131072]
  ignore line: [ignoring duplicate directory "/home/forlinx/work/OK62xx-linux-sdk/external-toolchain-dir/arm-gnu-toolchain-11.3.rel1-x86_64-aarch64-none-linux-gnu/bin/../lib/gcc/../../lib/gcc/aarch64-none-linux-gnu/11.3.1/include"]
  ignore line: [ignoring nonexistent directory "/home/forlinx/work/OK62xx-linux-sdk/external-toolchain-dir/arm-gnu-toolchain-11.3.rel1-x86_64-aarch64-none-linux-gnu/bin/../aarch64-none-linux-gnu/libc/usr/local/include"]
  ignore line: [ignoring duplicate directory "/home/forlinx/work/OK62xx-linux-sdk/external-toolchain-dir/arm-gnu-toolchain-11.3.rel1-x86_64-aarch64-none-linux-gnu/bin/../lib/gcc/../../lib/gcc/aarch64-none-linux-gnu/11.3.1/include-fixed"]
  ignore line: [ignoring duplicate directory "/home/forlinx/work/OK62xx-linux-sdk/external-toolchain-dir/arm-gnu-toolchain-11.3.rel1-x86_64-aarch64-none-linux-gnu/bin/../lib/gcc/../../lib/gcc/aarch64-none-linux-gnu/11.3.1/../../../../aarch64-none-linux-gnu/include"]
  ignore line: [#include "..." search starts here:]
  ignore line: [#include <...> search starts here:]
  ignore line: [ /home/forlinx/work/OK62xx-linux-sdk/external-toolchain-dir/arm-gnu-toolchain-11.3.rel1-x86_64-aarch64-none-linux-gnu/bin/../lib/gcc/aarch64-none-linux-gnu/11.3.1/include]
  ignore line: [ /home/forlinx/work/OK62xx-linux-sdk/external-toolchain-dir/arm-gnu-toolchain-11.3.rel1-x86_64-aarch64-none-linux-gnu/bin/../lib/gcc/aarch64-none-linux-gnu/11.3.1/include-fixed]
  ignore line: [ /home/forlinx/work/OK62xx-linux-sdk/external-toolchain-dir/arm-gnu-toolchain-11.3.rel1-x86_64-aarch64-none-linux-gnu/bin/../lib/gcc/aarch64-none-linux-gnu/11.3.1/../../../../aarch64-none-linux-gnu/include]
  ignore line: [ /home/forlinx/work/OK62xx-linux-sdk/external-toolchain-dir/arm-gnu-toolchain-11.3.rel1-x86_64-aarch64-none-linux-gnu/bin/../aarch64-none-linux-gnu/libc/usr/include]
  ignore line: [End of search list.]
  ignore line: [GNU C17 (Arm GNU Toolchain 11.3.Rel1) version 11.3.1 20220712 (aarch64-none-linux-gnu)]
  ignore line: [	compiled by GNU C version 4.8.5 20150623 (Red Hat 4.8.5-44)  GMP version 6.2.1  MPFR version 3.1.6  MPC version 1.0.3  isl version isl-0.15-1-g835ea3a-GMP]
  ignore line: []
  ignore line: [GGC heuristics: --param ggc-min-expand=100 --param ggc-min-heapsize=131072]
  ignore line: [Compiler executable checksum: b92c0cf4161aaea5a5b671aa43faf60e]
  ignore line: [COLLECT_GCC_OPTIONS='-v' '-o' 'CMakeFiles/cmTC_09c2e.dir/CMakeCCompilerABI.c.o' '-c' '-mlittle-endian' '-mabi=lp64' '-dumpdir' 'CMakeFiles/cmTC_09c2e.dir/']
  ignore line: [ /home/forlinx/work/OK62xx-linux-sdk/external-toolchain-dir/arm-gnu-toolchain-11.3.rel1-x86_64-aarch64-none-linux-gnu/bin/../lib/gcc/aarch64-none-linux-gnu/11.3.1/../../../../aarch64-none-linux-gnu/bin/as -v -EL -mabi=lp64 -o CMakeFiles/cmTC_09c2e.dir/CMakeCCompilerABI.c.o /tmp/ccBWJjcB.s]
  ignore line: [GNU assembler version 2.38 (aarch64-none-linux-gnu) using BFD version (Arm GNU Toolchain 11.3.Rel1) 2.38.20220708]
  ignore line: [COMPILER_PATH=/home/forlinx/work/OK62xx-linux-sdk/external-toolchain-dir/arm-gnu-toolchain-11.3.rel1-x86_64-aarch64-none-linux-gnu/bin/../libexec/gcc/aarch64-none-linux-gnu/11.3.1/:/home/forlinx/work/OK62xx-linux-sdk/external-toolchain-dir/arm-gnu-toolchain-11.3.rel1-x86_64-aarch64-none-linux-gnu/bin/../libexec/gcc/:/home/forlinx/work/OK62xx-linux-sdk/external-toolchain-dir/arm-gnu-toolchain-11.3.rel1-x86_64-aarch64-none-linux-gnu/bin/../lib/gcc/aarch64-none-linux-gnu/11.3.1/../../../../aarch64-none-linux-gnu/bin/]
  ignore line: [LIBRARY_PATH=/home/forlinx/work/OK62xx-linux-sdk/external-toolchain-dir/arm-gnu-toolchain-11.3.rel1-x86_64-aarch64-none-linux-gnu/bin/../lib/gcc/aarch64-none-linux-gnu/11.3.1/:/home/forlinx/work/OK62xx-linux-sdk/external-toolchain-dir/arm-gnu-toolchain-11.3.rel1-x86_64-aarch64-none-linux-gnu/bin/../lib/gcc/:/home/forlinx/work/OK62xx-linux-sdk/external-toolchain-dir/arm-gnu-toolchain-11.3.rel1-x86_64-aarch64-none-linux-gnu/bin/../lib/gcc/aarch64-none-linux-gnu/11.3.1/../../../../aarch64-none-linux-gnu/lib/../lib64/:/home/forlinx/work/OK62xx-linux-sdk/external-toolchain-dir/arm-gnu-toolchain-11.3.rel1-x86_64-aarch64-none-linux-gnu/bin/../aarch64-none-linux-gnu/libc/lib/../lib64/:/home/forlinx/work/OK62xx-linux-sdk/external-toolchain-dir/arm-gnu-toolchain-11.3.rel1-x86_64-aarch64-none-linux-gnu/bin/../aarch64-none-linux-gnu/libc/usr/lib/../lib64/:/home/forlinx/work/OK62xx-linux-sdk/external-toolchain-dir/arm-gnu-toolchain-11.3.rel1-x86_64-aarch64-none-linux-gnu/bin/../lib/gcc/aarch64-none-linux-gnu/11.3.1/../../../../aarch64-none-linux-gnu/lib/:/home/forlinx/work/OK62xx-linux-sdk/external-toolchain-dir/arm-gnu-toolchain-11.3.rel1-x86_64-aarch64-none-linux-gnu/bin/../aarch64-none-linux-gnu/libc/lib/:/home/forlinx/work/OK62xx-linux-sdk/external-toolchain-dir/arm-gnu-toolchain-11.3.rel1-x86_64-aarch64-none-linux-gnu/bin/../aarch64-none-linux-gnu/libc/usr/lib/]
  ignore line: [COLLECT_GCC_OPTIONS='-v' '-o' 'CMakeFiles/cmTC_09c2e.dir/CMakeCCompilerABI.c.o' '-c' '-mlittle-endian' '-mabi=lp64' '-dumpdir' 'CMakeFiles/cmTC_09c2e.dir/CMakeCCompilerABI.c.']
  ignore line: [Linking C executable cmTC_09c2e]
  ignore line: [/usr/bin/cmake -E cmake_link_script CMakeFiles/cmTC_09c2e.dir/link.txt --verbose=1]
  ignore line: [/home/forlinx/work/OK62xx-linux-sdk/external-toolchain-dir/arm-gnu-toolchain-11.3.rel1-x86_64-aarch64-none-linux-gnu/bin/aarch64-none-linux-gnu-gcc  -v CMakeFiles/cmTC_09c2e.dir/CMakeCCompilerABI.c.o -o cmTC_09c2e ]
  ignore line: [Using built-in specs.]
  ignore line: [COLLECT_GCC=/home/forlinx/work/OK62xx-linux-sdk/external-toolchain-dir/arm-gnu-toolchain-11.3.rel1-x86_64-aarch64-none-linux-gnu/bin/aarch64-none-linux-gnu-gcc]
  ignore line: [COLLECT_LTO_WRAPPER=/home/forlinx/work/OK62xx-linux-sdk/external-toolchain-dir/arm-gnu-toolchain-11.3.rel1-x86_64-aarch64-none-linux-gnu/bin/../libexec/gcc/aarch64-none-linux-gnu/11.3.1/lto-wrapper]
  ignore line: [Target: aarch64-none-linux-gnu]
  ignore line: [Configured with: /data/jenkins/workspace/GNU-toolchain/arm-11/src/gcc/configure --target=aarch64-none-linux-gnu --prefix= --with-sysroot=/aarch64-none-linux-gnu/libc --with-build-sysroot=/data/jenkins/workspace/GNU-toolchain/arm-11/build-aarch64-none-linux-gnu/install//aarch64-none-linux-gnu/libc --with-bugurl=https://bugs.linaro.org/ --enable-gnu-indirect-function --enable-shared --disable-libssp --disable-libmudflap --enable-checking=release --enable-languages=c c++ fortran --with-gmp=/data/jenkins/workspace/GNU-toolchain/arm-11/build-aarch64-none-linux-gnu/host-tools --with-mpfr=/data/jenkins/workspace/GNU-toolchain/arm-11/build-aarch64-none-linux-gnu/host-tools --with-mpc=/data/jenkins/workspace/GNU-toolchain/arm-11/build-aarch64-none-linux-gnu/host-tools --with-isl=/data/jenkins/workspace/GNU-toolchain/arm-11/build-aarch64-none-linux-gnu/host-tools --enable-fix-cortex-a53-843419 --with-pkgversion='Arm GNU Toolchain 11.3.Rel1']
  ignore line: [Thread model: posix]
  ignore line: [Supported LTO compression algorithms: zlib]
  ignore line: [gcc version 11.3.1 20220712 (Arm GNU Toolchain 11.3.Rel1) ]
  ignore line: [COMPILER_PATH=/home/forlinx/work/OK62xx-linux-sdk/external-toolchain-dir/arm-gnu-toolchain-11.3.rel1-x86_64-aarch64-none-linux-gnu/bin/../libexec/gcc/aarch64-none-linux-gnu/11.3.1/:/home/forlinx/work/OK62xx-linux-sdk/external-toolchain-dir/arm-gnu-toolchain-11.3.rel1-x86_64-aarch64-none-linux-gnu/bin/../libexec/gcc/:/home/forlinx/work/OK62xx-linux-sdk/external-toolchain-dir/arm-gnu-toolchain-11.3.rel1-x86_64-aarch64-none-linux-gnu/bin/../lib/gcc/aarch64-none-linux-gnu/11.3.1/../../../../aarch64-none-linux-gnu/bin/]
  ignore line: [LIBRARY_PATH=/home/forlinx/work/OK62xx-linux-sdk/external-toolchain-dir/arm-gnu-toolchain-11.3.rel1-x86_64-aarch64-none-linux-gnu/bin/../lib/gcc/aarch64-none-linux-gnu/11.3.1/:/home/forlinx/work/OK62xx-linux-sdk/external-toolchain-dir/arm-gnu-toolchain-11.3.rel1-x86_64-aarch64-none-linux-gnu/bin/../lib/gcc/:/home/forlinx/work/OK62xx-linux-sdk/external-toolchain-dir/arm-gnu-toolchain-11.3.rel1-x86_64-aarch64-none-linux-gnu/bin/../lib/gcc/aarch64-none-linux-gnu/11.3.1/../../../../aarch64-none-linux-gnu/lib/../lib64/:/home/forlinx/work/OK62xx-linux-sdk/external-toolchain-dir/arm-gnu-toolchain-11.3.rel1-x86_64-aarch64-none-linux-gnu/bin/../aarch64-none-linux-gnu/libc/lib/../lib64/:/home/forlinx/work/OK62xx-linux-sdk/external-toolchain-dir/arm-gnu-toolchain-11.3.rel1-x86_64-aarch64-none-linux-gnu/bin/../aarch64-none-linux-gnu/libc/usr/lib/../lib64/:/home/forlinx/work/OK62xx-linux-sdk/external-toolchain-dir/arm-gnu-toolchain-11.3.rel1-x86_64-aarch64-none-linux-gnu/bin/../lib/gcc/aarch64-none-linux-gnu/11.3.1/../../../../aarch64-none-linux-gnu/lib/:/home/forlinx/work/OK62xx-linux-sdk/external-toolchain-dir/arm-gnu-toolchain-11.3.rel1-x86_64-aarch64-none-linux-gnu/bin/../aarch64-none-linux-gnu/libc/lib/:/home/forlinx/work/OK62xx-linux-sdk/external-toolchain-dir/arm-gnu-toolchain-11.3.rel1-x86_64-aarch64-none-linux-gnu/bin/../aarch64-none-linux-gnu/libc/usr/lib/]
  ignore line: [COLLECT_GCC_OPTIONS='-v' '-o' 'cmTC_09c2e' '-mlittle-endian' '-mabi=lp64' '-dumpdir' 'cmTC_09c2e.']
  link line: [ /home/forlinx/work/OK62xx-linux-sdk/external-toolchain-dir/arm-gnu-toolchain-11.3.rel1-x86_64-aarch64-none-linux-gnu/bin/../libexec/gcc/aarch64-none-linux-gnu/11.3.1/collect2 -plugin /home/forlinx/work/OK62xx-linux-sdk/external-toolchain-dir/arm-gnu-toolchain-11.3.rel1-x86_64-aarch64-none-linux-gnu/bin/../libexec/gcc/aarch64-none-linux-gnu/11.3.1/liblto_plugin.so -plugin-opt=/home/forlinx/work/OK62xx-linux-sdk/external-toolchain-dir/arm-gnu-toolchain-11.3.rel1-x86_64-aarch64-none-linux-gnu/bin/../libexec/gcc/aarch64-none-linux-gnu/11.3.1/lto-wrapper -plugin-opt=-fresolution=/tmp/cciRGcnK.res -plugin-opt=-pass-through=-lgcc -plugin-opt=-pass-through=-lgcc_s -plugin-opt=-pass-through=-lc -plugin-opt=-pass-through=-lgcc -plugin-opt=-pass-through=-lgcc_s --sysroot=/home/forlinx/work/OK62xx-linux-sdk/external-toolchain-dir/arm-gnu-toolchain-11.3.rel1-x86_64-aarch64-none-linux-gnu/bin/../aarch64-none-linux-gnu/libc --eh-frame-hdr -dynamic-linker /lib/ld-linux-aarch64.so.1 -X -EL -maarch64linux --fix-cortex-a53-843419 -o cmTC_09c2e /home/forlinx/work/OK62xx-linux-sdk/external-toolchain-dir/arm-gnu-toolchain-11.3.rel1-x86_64-aarch64-none-linux-gnu/bin/../aarch64-none-linux-gnu/libc/usr/lib/../lib64/crt1.o /home/forlinx/work/OK62xx-linux-sdk/external-toolchain-dir/arm-gnu-toolchain-11.3.rel1-x86_64-aarch64-none-linux-gnu/bin/../aarch64-none-linux-gnu/libc/usr/lib/../lib64/crti.o /home/forlinx/work/OK62xx-linux-sdk/external-toolchain-dir/arm-gnu-toolchain-11.3.rel1-x86_64-aarch64-none-linux-gnu/bin/../lib/gcc/aarch64-none-linux-gnu/11.3.1/crtbegin.o -L/home/forlinx/work/OK62xx-linux-sdk/external-toolchain-dir/arm-gnu-toolchain-11.3.rel1-x86_64-aarch64-none-linux-gnu/bin/../lib/gcc/aarch64-none-linux-gnu/11.3.1 -L/home/forlinx/work/OK62xx-linux-sdk/external-toolchain-dir/arm-gnu-toolchain-11.3.rel1-x86_64-aarch64-none-linux-gnu/bin/../lib/gcc -L/home/forlinx/work/OK62xx-linux-sdk/external-toolchain-dir/arm-gnu-toolchain-11.3.rel1-x86_64-aarch64-none-linux-gnu/bin/../lib/gcc/aarch64-none-linux-gnu/11.3.1/../../../../aarch64-none-linux-gnu/lib/../lib64 -L/home/forlinx/work/OK62xx-linux-sdk/external-toolchain-dir/arm-gnu-toolchain-11.3.rel1-x86_64-aarch64-none-linux-gnu/bin/../aarch64-none-linux-gnu/libc/lib/../lib64 -L/home/forlinx/work/OK62xx-linux-sdk/external-toolchain-dir/arm-gnu-toolchain-11.3.rel1-x86_64-aarch64-none-linux-gnu/bin/../aarch64-none-linux-gnu/libc/usr/lib/../lib64 -L/home/forlinx/work/OK62xx-linux-sdk/external-toolchain-dir/arm-gnu-toolchain-11.3.rel1-x86_64-aarch64-none-linux-gnu/bin/../lib/gcc/aarch64-none-linux-gnu/11.3.1/../../../../aarch64-none-linux-gnu/lib -L/home/forlinx/work/OK62xx-linux-sdk/external-toolchain-dir/arm-gnu-toolchain-11.3.rel1-x86_64-aarch64-none-linux-gnu/bin/../aarch64-none-linux-gnu/libc/lib -L/home/forlinx/work/OK62xx-linux-sdk/external-toolchain-dir/arm-gnu-toolchain-11.3.rel1-x86_64-aarch64-none-linux-gnu/bin/../aarch64-none-linux-gnu/libc/usr/lib CMakeFiles/cmTC_09c2e.dir/CMakeCCompilerABI.c.o -lgcc --push-state --as-needed -lgcc_s --pop-state -lc -lgcc --push-state --as-needed -lgcc_s --pop-state /home/forlinx/work/OK62xx-linux-sdk/external-toolchain-dir/arm-gnu-toolchain-11.3.rel1-x86_64-aarch64-none-linux-gnu/bin/../lib/gcc/aarch64-none-linux-gnu/11.3.1/crtend.o /home/forlinx/work/OK62xx-linux-sdk/external-toolchain-dir/arm-gnu-toolchain-11.3.rel1-x86_64-aarch64-none-linux-gnu/bin/../aarch64-none-linux-gnu/libc/usr/lib/../lib64/crtn.o]
    arg [/home/forlinx/work/OK62xx-linux-sdk/external-toolchain-dir/arm-gnu-toolchain-11.3.rel1-x86_64-aarch64-none-linux-gnu/bin/../libexec/gcc/aarch64-none-linux-gnu/11.3.1/collect2] ==> ignore
    arg [-plugin] ==> ignore
    arg [/home/forlinx/work/OK62xx-linux-sdk/external-toolchain-dir/arm-gnu-toolchain-11.3.rel1-x86_64-aarch64-none-linux-gnu/bin/../libexec/gcc/aarch64-none-linux-gnu/11.3.1/liblto_plugin.so] ==> ignore
    arg [-plugin-opt=/home/forlinx/work/OK62xx-linux-sdk/external-toolchain-dir/arm-gnu-toolchain-11.3.rel1-x86_64-aarch64-none-linux-gnu/bin/../libexec/gcc/aarch64-none-linux-gnu/11.3.1/lto-wrapper] ==> ignore
    arg [-plugin-opt=-fresolution=/tmp/cciRGcnK.res] ==> ignore
    arg [-plugin-opt=-pass-through=-lgcc] ==> ignore
    arg [-plugin-opt=-pass-through=-lgcc_s] ==> ignore
    arg [-plugin-opt=-pass-through=-lc] ==> ignore
    arg [-plugin-opt=-pass-through=-lgcc] ==> ignore
    arg [-plugin-opt=-pass-through=-lgcc_s] ==> ignore
    arg [--sysroot=/home/forlinx/work/OK62xx-linux-sdk/external-toolchain-dir/arm-gnu-toolchain-11.3.rel1-x86_64-aarch64-none-linux-gnu/bin/../aarch64-none-linux-gnu/libc] ==> ignore
    arg [--eh-frame-hdr] ==> ignore
    arg [-dynamic-linker] ==> ignore
    arg [/lib/ld-linux-aarch64.so.1] ==> ignore
    arg [-X] ==> ignore
    arg [-EL] ==> ignore
    arg [-maarch64linux] ==> ignore
    arg [--fix-cortex-a53-843419] ==> ignore
    arg [-o] ==> ignore
    arg [cmTC_09c2e] ==> ignore
    arg [/home/forlinx/work/OK62xx-linux-sdk/external-toolchain-dir/arm-gnu-toolchain-11.3.rel1-x86_64-aarch64-none-linux-gnu/bin/../aarch64-none-linux-gnu/libc/usr/lib/../lib64/crt1.o] ==> obj [/home/forlinx/work/OK62xx-linux-sdk/external-toolchain-dir/arm-gnu-toolchain-11.3.rel1-x86_64-aarch64-none-linux-gnu/bin/../aarch64-none-linux-gnu/libc/usr/lib/../lib64/crt1.o]
    arg [/home/forlinx/work/OK62xx-linux-sdk/external-toolchain-dir/arm-gnu-toolchain-11.3.rel1-x86_64-aarch64-none-linux-gnu/bin/../aarch64-none-linux-gnu/libc/usr/lib/../lib64/crti.o] ==> obj [/home/forlinx/work/OK62xx-linux-sdk/external-toolchain-dir/arm-gnu-toolchain-11.3.rel1-x86_64-aarch64-none-linux-gnu/bin/../aarch64-none-linux-gnu/libc/usr/lib/../lib64/crti.o]
    arg [/home/forlinx/work/OK62xx-linux-sdk/external-toolchain-dir/arm-gnu-toolchain-11.3.rel1-x86_64-aarch64-none-linux-gnu/bin/../lib/gcc/aarch64-none-linux-gnu/11.3.1/crtbegin.o] ==> obj [/home/forlinx/work/OK62xx-linux-sdk/external-toolchain-dir/arm-gnu-toolchain-11.3.rel1-x86_64-aarch64-none-linux-gnu/bin/../lib/gcc/aarch64-none-linux-gnu/11.3.1/crtbegin.o]
    arg [-L/home/forlinx/work/OK62xx-linux-sdk/external-toolchain-dir/arm-gnu-toolchain-11.3.rel1-x86_64-aarch64-none-linux-gnu/bin/../lib/gcc/aarch64-none-linux-gnu/11.3.1] ==> dir [/home/forlinx/work/OK62xx-linux-sdk/external-toolchain-dir/arm-gnu-toolchain-11.3.rel1-x86_64-aarch64-none-linux-gnu/bin/../lib/gcc/aarch64-none-linux-gnu/11.3.1]
    arg [-L/home/forlinx/work/OK62xx-linux-sdk/external-toolchain-dir/arm-gnu-toolchain-11.3.rel1-x86_64-aarch64-none-linux-gnu/bin/../lib/gcc] ==> dir [/home/forlinx/work/OK62xx-linux-sdk/external-toolchain-dir/arm-gnu-toolchain-11.3.rel1-x86_64-aarch64-none-linux-gnu/bin/../lib/gcc]
    arg [-L/home/forlinx/work/OK62xx-linux-sdk/external-toolchain-dir/arm-gnu-toolchain-11.3.rel1-x86_64-aarch64-none-linux-gnu/bin/../lib/gcc/aarch64-none-linux-gnu/11.3.1/../../../../aarch64-none-linux-gnu/lib/../lib64] ==> dir [/home/forlinx/work/OK62xx-linux-sdk/external-toolchain-dir/arm-gnu-toolchain-11.3.rel1-x86_64-aarch64-none-linux-gnu/bin/../lib/gcc/aarch64-none-linux-gnu/11.3.1/../../../../aarch64-none-linux-gnu/lib/../lib64]
    arg [-L/home/forlinx/work/OK62xx-linux-sdk/external-toolchain-dir/arm-gnu-toolchain-11.3.rel1-x86_64-aarch64-none-linux-gnu/bin/../aarch64-none-linux-gnu/libc/lib/../lib64] ==> dir [/home/forlinx/work/OK62xx-linux-sdk/external-toolchain-dir/arm-gnu-toolchain-11.3.rel1-x86_64-aarch64-none-linux-gnu/bin/../aarch64-none-linux-gnu/libc/lib/../lib64]
    arg [-L/home/forlinx/work/OK62xx-linux-sdk/external-toolchain-dir/arm-gnu-toolchain-11.3.rel1-x86_64-aarch64-none-linux-gnu/bin/../aarch64-none-linux-gnu/libc/usr/lib/../lib64] ==> dir [/home/forlinx/work/OK62xx-linux-sdk/external-toolchain-dir/arm-gnu-toolchain-11.3.rel1-x86_64-aarch64-none-linux-gnu/bin/../aarch64-none-linux-gnu/libc/usr/lib/../lib64]
    arg [-L/home/forlinx/work/OK62xx-linux-sdk/external-toolchain-dir/arm-gnu-toolchain-11.3.rel1-x86_64-aarch64-none-linux-gnu/bin/../lib/gcc/aarch64-none-linux-gnu/11.3.1/../../../../aarch64-none-linux-gnu/lib] ==> dir [/home/forlinx/work/OK62xx-linux-sdk/external-toolchain-dir/arm-gnu-toolchain-11.3.rel1-x86_64-aarch64-none-linux-gnu/bin/../lib/gcc/aarch64-none-linux-gnu/11.3.1/../../../../aarch64-none-linux-gnu/lib]
    arg [-L/home/forlinx/work/OK62xx-linux-sdk/external-toolchain-dir/arm-gnu-toolchain-11.3.rel1-x86_64-aarch64-none-linux-gnu/bin/../aarch64-none-linux-gnu/libc/lib] ==> dir [/home/forlinx/work/OK62xx-linux-sdk/external-toolchain-dir/arm-gnu-toolchain-11.3.rel1-x86_64-aarch64-none-linux-gnu/bin/../aarch64-none-linux-gnu/libc/lib]
    arg [-L/home/forlinx/work/OK62xx-linux-sdk/external-toolchain-dir/arm-gnu-toolchain-11.3.rel1-x86_64-aarch64-none-linux-gnu/bin/../aarch64-none-linux-gnu/libc/usr/lib] ==> dir [/home/forlinx/work/OK62xx-linux-sdk/external-toolchain-dir/arm-gnu-toolchain-11.3.rel1-x86_64-aarch64-none-linux-gnu/bin/../aarch64-none-linux-gnu/libc/usr/lib]
    arg [CMakeFiles/cmTC_09c2e.dir/CMakeCCompilerABI.c.o] ==> ignore
    arg [-lgcc] ==> lib [gcc]
    arg [--push-state] ==> ignore
    arg [--as-needed] ==> ignore
    arg [-lgcc_s] ==> lib [gcc_s]
    arg [--pop-state] ==> ignore
    arg [-lc] ==> lib [c]
    arg [-lgcc] ==> lib [gcc]
    arg [--push-state] ==> ignore
    arg [--as-needed] ==> ignore
    arg [-lgcc_s] ==> lib [gcc_s]
    arg [--pop-state] ==> ignore
    arg [/home/forlinx/work/OK62xx-linux-sdk/external-toolchain-dir/arm-gnu-toolchain-11.3.rel1-x86_64-aarch64-none-linux-gnu/bin/../lib/gcc/aarch64-none-linux-gnu/11.3.1/crtend.o] ==> obj [/home/forlinx/work/OK62xx-linux-sdk/external-toolchain-dir/arm-gnu-toolchain-11.3.rel1-x86_64-aarch64-none-linux-gnu/bin/../lib/gcc/aarch64-none-linux-gnu/11.3.1/crtend.o]
    arg [/home/forlinx/work/OK62xx-linux-sdk/external-toolchain-dir/arm-gnu-toolchain-11.3.rel1-x86_64-aarch64-none-linux-gnu/bin/../aarch64-none-linux-gnu/libc/usr/lib/../lib64/crtn.o] ==> obj [/home/forlinx/work/OK62xx-linux-sdk/external-toolchain-dir/arm-gnu-toolchain-11.3.rel1-x86_64-aarch64-none-linux-gnu/bin/../aarch64-none-linux-gnu/libc/usr/lib/../lib64/crtn.o]
  collapse obj [/home/forlinx/work/OK62xx-linux-sdk/external-toolchain-dir/arm-gnu-toolchain-11.3.rel1-x86_64-aarch64-none-linux-gnu/bin/../aarch64-none-linux-gnu/libc/usr/lib/../lib64/crt1.o] ==> [/home/forlinx/work/OK62xx-linux-sdk/external-toolchain-dir/arm-gnu-toolchain-11.3.rel1-x86_64-aarch64-none-linux-gnu/aarch64-none-linux-gnu/libc/usr/lib64/crt1.o]
  collapse obj [/home/forlinx/work/OK62xx-linux-sdk/external-toolchain-dir/arm-gnu-toolchain-11.3.rel1-x86_64-aarch64-none-linux-gnu/bin/../aarch64-none-linux-gnu/libc/usr/lib/../lib64/crti.o] ==> [/home/forlinx/work/OK62xx-linux-sdk/external-toolchain-dir/arm-gnu-toolchain-11.3.rel1-x86_64-aarch64-none-linux-gnu/aarch64-none-linux-gnu/libc/usr/lib64/crti.o]
  collapse obj [/home/forlinx/work/OK62xx-linux-sdk/external-toolchain-dir/arm-gnu-toolchain-11.3.rel1-x86_64-aarch64-none-linux-gnu/bin/../lib/gcc/aarch64-none-linux-gnu/11.3.1/crtbegin.o] ==> [/home/forlinx/work/OK62xx-linux-sdk/external-toolchain-dir/arm-gnu-toolchain-11.3.rel1-x86_64-aarch64-none-linux-gnu/lib/gcc/aarch64-none-linux-gnu/11.3.1/crtbegin.o]
  collapse obj [/home/forlinx/work/OK62xx-linux-sdk/external-toolchain-dir/arm-gnu-toolchain-11.3.rel1-x86_64-aarch64-none-linux-gnu/bin/../lib/gcc/aarch64-none-linux-gnu/11.3.1/crtend.o] ==> [/home/forlinx/work/OK62xx-linux-sdk/external-toolchain-dir/arm-gnu-toolchain-11.3.rel1-x86_64-aarch64-none-linux-gnu/lib/gcc/aarch64-none-linux-gnu/11.3.1/crtend.o]
  collapse obj [/home/forlinx/work/OK62xx-linux-sdk/external-toolchain-dir/arm-gnu-toolchain-11.3.rel1-x86_64-aarch64-none-linux-gnu/bin/../aarch64-none-linux-gnu/libc/usr/lib/../lib64/crtn.o] ==> [/home/forlinx/work/OK62xx-linux-sdk/external-toolchain-dir/arm-gnu-toolchain-11.3.rel1-x86_64-aarch64-none-linux-gnu/aarch64-none-linux-gnu/libc/usr/lib64/crtn.o]
  collapse library dir [/home/forlinx/work/OK62xx-linux-sdk/external-toolchain-dir/arm-gnu-toolchain-11.3.rel1-x86_64-aarch64-none-linux-gnu/bin/../lib/gcc/aarch64-none-linux-gnu/11.3.1] ==> [/home/forlinx/work/OK62xx-linux-sdk/external-toolchain-dir/arm-gnu-toolchain-11.3.rel1-x86_64-aarch64-none-linux-gnu/lib/gcc/aarch64-none-linux-gnu/11.3.1]
  collapse library dir [/home/forlinx/work/OK62xx-linux-sdk/external-toolchain-dir/arm-gnu-toolchain-11.3.rel1-x86_64-aarch64-none-linux-gnu/bin/../lib/gcc] ==> [/home/forlinx/work/OK62xx-linux-sdk/external-toolchain-dir/arm-gnu-toolchain-11.3.rel1-x86_64-aarch64-none-linux-gnu/lib/gcc]
  collapse library dir [/home/forlinx/work/OK62xx-linux-sdk/external-toolchain-dir/arm-gnu-toolchain-11.3.rel1-x86_64-aarch64-none-linux-gnu/bin/../lib/gcc/aarch64-none-linux-gnu/11.3.1/../../../../aarch64-none-linux-gnu/lib/../lib64] ==> [/home/forlinx/work/OK62xx-linux-sdk/external-toolchain-dir/arm-gnu-toolchain-11.3.rel1-x86_64-aarch64-none-linux-gnu/aarch64-none-linux-gnu/lib64]
  collapse library dir [/home/forlinx/work/OK62xx-linux-sdk/external-toolchain-dir/arm-gnu-toolchain-11.3.rel1-x86_64-aarch64-none-linux-gnu/bin/../aarch64-none-linux-gnu/libc/lib/../lib64] ==> [/home/forlinx/work/OK62xx-linux-sdk/external-toolchain-dir/arm-gnu-toolchain-11.3.rel1-x86_64-aarch64-none-linux-gnu/aarch64-none-linux-gnu/libc/lib64]
  collapse library dir [/home/forlinx/work/OK62xx-linux-sdk/external-toolchain-dir/arm-gnu-toolchain-11.3.rel1-x86_64-aarch64-none-linux-gnu/bin/../aarch64-none-linux-gnu/libc/usr/lib/../lib64] ==> [/home/forlinx/work/OK62xx-linux-sdk/external-toolchain-dir/arm-gnu-toolchain-11.3.rel1-x86_64-aarch64-none-linux-gnu/aarch64-none-linux-gnu/libc/usr/lib64]
  collapse library dir [/home/forlinx/work/OK62xx-linux-sdk/external-toolchain-dir/arm-gnu-toolchain-11.3.rel1-x86_64-aarch64-none-linux-gnu/bin/../lib/gcc/aarch64-none-linux-gnu/11.3.1/../../../../aarch64-none-linux-gnu/lib] ==> [/home/forlinx/work/OK62xx-linux-sdk/external-toolchain-dir/arm-gnu-toolchain-11.3.rel1-x86_64-aarch64-none-linux-gnu/aarch64-none-linux-gnu/lib]
  collapse library dir [/home/forlinx/work/OK62xx-linux-sdk/external-toolchain-dir/arm-gnu-toolchain-11.3.rel1-x86_64-aarch64-none-linux-gnu/bin/../aarch64-none-linux-gnu/libc/lib] ==> [/home/forlinx/work/OK62xx-linux-sdk/external-toolchain-dir/arm-gnu-toolchain-11.3.rel1-x86_64-aarch64-none-linux-gnu/aarch64-none-linux-gnu/libc/lib]
  collapse library dir [/home/forlinx/work/OK62xx-linux-sdk/external-toolchain-dir/arm-gnu-toolchain-11.3.rel1-x86_64-aarch64-none-linux-gnu/bin/../aarch64-none-linux-gnu/libc/usr/lib] ==> [/home/forlinx/work/OK62xx-linux-sdk/external-toolchain-dir/arm-gnu-toolchain-11.3.rel1-x86_64-aarch64-none-linux-gnu/aarch64-none-linux-gnu/libc/usr/lib]
  implicit libs: [gcc;gcc_s;c;gcc;gcc_s]
  implicit objs: [/home/forlinx/work/OK62xx-linux-sdk/external-toolchain-dir/arm-gnu-toolchain-11.3.rel1-x86_64-aarch64-none-linux-gnu/aarch64-none-linux-gnu/libc/usr/lib64/crt1.o;/home/forlinx/work/OK62xx-linux-sdk/external-toolchain-dir/arm-gnu-toolchain-11.3.rel1-x86_64-aarch64-none-linux-gnu/aarch64-none-linux-gnu/libc/usr/lib64/crti.o;/home/forlinx/work/OK62xx-linux-sdk/external-toolchain-dir/arm-gnu-toolchain-11.3.rel1-x86_64-aarch64-none-linux-gnu/lib/gcc/aarch64-none-linux-gnu/11.3.1/crtbegin.o;/home/forlinx/work/OK62xx-linux-sdk/external-toolchain-dir/arm-gnu-toolchain-11.3.rel1-x86_64-aarch64-none-linux-gnu/lib/gcc/aarch64-none-linux-gnu/11.3.1/crtend.o;/home/forlinx/work/OK62xx-linux-sdk/external-toolchain-dir/arm-gnu-toolchain-11.3.rel1-x86_64-aarch64-none-linux-gnu/aarch64-none-linux-gnu/libc/usr/lib64/crtn.o]
  implicit dirs: [/home/forlinx/work/OK62xx-linux-sdk/external-toolchain-dir/arm-gnu-toolchain-11.3.rel1-x86_64-aarch64-none-linux-gnu/lib/gcc/aarch64-none-linux-gnu/11.3.1;/home/forlinx/work/OK62xx-linux-sdk/external-toolchain-dir/arm-gnu-toolchain-11.3.rel1-x86_64-aarch64-none-linux-gnu/lib/gcc;/home/forlinx/work/OK62xx-linux-sdk/external-toolchain-dir/arm-gnu-toolchain-11.3.rel1-x86_64-aarch64-none-linux-gnu/aarch64-none-linux-gnu/lib64;/home/forlinx/work/OK62xx-linux-sdk/external-toolchain-dir/arm-gnu-toolchain-11.3.rel1-x86_64-aarch64-none-linux-gnu/aarch64-none-linux-gnu/libc/lib64;/home/forlinx/work/OK62xx-linux-sdk/external-toolchain-dir/arm-gnu-toolchain-11.3.rel1-x86_64-aarch64-none-linux-gnu/aarch64-none-linux-gnu/libc/usr/lib64;/home/forlinx/work/OK62xx-linux-sdk/external-toolchain-dir/arm-gnu-toolchain-11.3.rel1-x86_64-aarch64-none-linux-gnu/aarch64-none-linux-gnu/lib;/home/forlinx/work/OK62xx-linux-sdk/external-toolchain-dir/arm-gnu-toolchain-11.3.rel1-x86_64-aarch64-none-linux-gnu/aarch64-none-linux-gnu/libc/lib;/home/forlinx/work/OK62xx-linux-sdk/external-toolchain-dir/arm-gnu-toolchain-11.3.rel1-x86_64-aarch64-none-linux-gnu/aarch64-none-linux-gnu/libc/usr/lib]
  implicit fwks: []


Determining if the include file pthread.h exists passed with the following output:
Change Dir: /home/forlinx/GW/GW/skf_gw/build/CMakeFiles/CMakeTmp

Run Build Command(s):/usr/bin/gmake -f Makefile cmTC_0f58f/fast && /usr/bin/gmake  -f CMakeFiles/cmTC_0f58f.dir/build.make CMakeFiles/cmTC_0f58f.dir/build
gmake[1]: Entering directory '/home/forlinx/GW/GW/skf_gw/build/CMakeFiles/CMakeTmp'
Building C object CMakeFiles/cmTC_0f58f.dir/CheckIncludeFile.c.o
/home/forlinx/work/OK62xx-linux-sdk/external-toolchain-dir/arm-gnu-toolchain-11.3.rel1-x86_64-aarch64-none-linux-gnu/bin/aarch64-none-linux-gnu-gcc    -o CMakeFiles/cmTC_0f58f.dir/CheckIncludeFile.c.o -c /home/forlinx/GW/GW/skf_gw/build/CMakeFiles/CMakeTmp/CheckIncludeFile.c
Linking C executable cmTC_0f58f
/usr/bin/cmake -E cmake_link_script CMakeFiles/cmTC_0f58f.dir/link.txt --verbose=1
/home/forlinx/work/OK62xx-linux-sdk/external-toolchain-dir/arm-gnu-toolchain-11.3.rel1-x86_64-aarch64-none-linux-gnu/bin/aarch64-none-linux-gnu-gcc CMakeFiles/cmTC_0f58f.dir/CheckIncludeFile.c.o -o cmTC_0f58f 
gmake[1]: Leaving directory '/home/forlinx/GW/GW/skf_gw/build/CMakeFiles/CMakeTmp'



Performing C SOURCE FILE Test CMAKE_HAVE_LIBC_PTHREAD succeeded with the following output:
Change Dir: /home/forlinx/GW/GW/skf_gw/build/CMakeFiles/CMakeTmp

Run Build Command(s):/usr/bin/gmake -f Makefile cmTC_36acf/fast && /usr/bin/gmake  -f CMakeFiles/cmTC_36acf.dir/build.make CMakeFiles/cmTC_36acf.dir/build
gmake[1]: Entering directory '/home/forlinx/GW/GW/skf_gw/build/CMakeFiles/CMakeTmp'
Building C object CMakeFiles/cmTC_36acf.dir/src.c.o
/home/forlinx/work/OK62xx-linux-sdk/external-toolchain-dir/arm-gnu-toolchain-11.3.rel1-x86_64-aarch64-none-linux-gnu/bin/aarch64-none-linux-gnu-gcc -DCMAKE_HAVE_LIBC_PTHREAD   -o CMakeFiles/cmTC_36acf.dir/src.c.o -c /home/forlinx/GW/GW/skf_gw/build/CMakeFiles/CMakeTmp/src.c
Linking C executable cmTC_36acf
/usr/bin/cmake -E cmake_link_script CMakeFiles/cmTC_36acf.dir/link.txt --verbose=1
/home/forlinx/work/OK62xx-linux-sdk/external-toolchain-dir/arm-gnu-toolchain-11.3.rel1-x86_64-aarch64-none-linux-gnu/bin/aarch64-none-linux-gnu-gcc CMakeFiles/cmTC_36acf.dir/src.c.o -o cmTC_36acf 
gmake[1]: Leaving directory '/home/forlinx/GW/GW/skf_gw/build/CMakeFiles/CMakeTmp'


Source file was:
#include <pthread.h>

static void* test_func(void* data)
{
  return data;
}

int main(void)
{
  pthread_t thread;
  pthread_create(&thread, NULL, test_func, NULL);
  pthread_detach(thread);
  pthread_cancel(thread);
  pthread_join(thread, NULL);
  pthread_atfork(NULL, NULL, NULL);
  pthread_exit(NULL);

  return 0;
}

